******************************************************************************
                  TI ARM Linker PC v18.12.4                    
******************************************************************************
>> Linked Mon Sep 21 01:28:13 2020

OUTPUT FILE NAME:   <Lab 1. Part2.out>
ENTRY POINT SYMBOL: "_c_int00_noargs"  address: 00002ac9


MEMORY CONFIGURATION

         name            origin    length      used     unused   attr    fill
----------------------  --------  ---------  --------  --------  ----  --------
  FLASH                 00000000   00040000  00002f9a  0003d066  R  X
  SRAM                  20000000   00008000  00000790  00007870  RW X


SEGMENT ALLOCATION MAP

run origin  load origin   length   init length attrs members
----------  ----------- ---------- ----------- ----- -------
00000000    00000000    00002fa0   00002fa0    r-x
  00000000    00000000    0000026c   0000026c    r-- .intvecs
  0000026c    0000026c    00002ae6   00002ae6    r-x .text
  00002d54    00002d54    00000200   00000200    r-- .const
  00002f58    00002f58    00000048   00000048    r-- .cinit
20000000    20000000    00000794   00000000    rw-
  20000000    20000000    0000026c   00000000    rw- .vtable
  20000270    20000270    00000400   00000000    rw- .stack
  20000670    20000670    00000104   00000000    rw- .bss
  20000774    20000774    00000020   00000000    rw- .data


SECTION ALLOCATION MAP

 output                                  attributes/
section   page    origin      length       input sections
--------  ----  ----------  ----------   ----------------
.intvecs   0    00000000    0000026c     
                  00000000    0000026c     tm4c123gh6pm_startup_ccs.obj (.intvecs)

.text      0    0000026c    00002ae6     
                  0000026c    00000a4e     rtsv7M4_T_le_v4SPD16_eabi.lib : _printfi.c.obj (.text:__TI_printfi)
                  00000cba    00000002                                   : div0.asm.obj (.text)
                  00000cbc    000003d0     Util.lib : launchpad.obj (.text)
                  0000108c    00000270     rtsv7M4_T_le_v4SPD16_eabi.lib : _printfi.c.obj (.text:_pconv_a)
                  000012fc    000001d0                                   : _printfi.c.obj (.text:_pconv_g)
                  000014cc    000001b6                                   : fd_add_t2.asm.obj (.text)
                  00001682    00000002     --HOLE-- [fill = 0]
                  00001684    0000016c     driverlib.lib : gpio.obj (.text:GPIOPadConfigSet)
                  000017f0    0000013c     rtsv7M4_T_le_v4SPD16_eabi.lib : _printfi.c.obj (.text:_pconv_e)
                  0000192c    00000136                                   : fd_div_t2.asm.obj (.text)
                  00001a62    00000002     --HOLE-- [fill = 0]
                  00001a64    00000124                                   : _printfi.c.obj (.text:fcvt)
                  00001b88    00000118     driverlib.lib : sysctl.obj (.text:SysCtlClockGet)
                  00001ca0    00000110     rtsv7M4_T_le_v4SPD16_eabi.lib : s_scalbn.c.obj (.text:scalbn)
                  00001db0    00000104     main.obj (.text)
                  00001eb4    000000fc     rtsv7M4_T_le_v4SPD16_eabi.lib : fd_mul_t2.asm.obj (.text)
                  00001fb0    000000f4     driverlib.lib : sysctl.obj (.text:SysCtlClockSet)
                  000020a4    000000c4     Util.lib : uart.obj (.text)
                  00002168    000000b1     rtsv7M4_T_le_v4SPD16_eabi.lib : _printfi.c.obj (.text:_ltostr)
                  00002219    00000003     --HOLE-- [fill = 0]
                  0000221c    0000009c     Util.lib : led.obj (.text)
                  000022b8    0000009c     rtsv7M4_T_le_v4SPD16_eabi.lib : memcpy_t2.asm.obj (.text)
                  00002354    00000096                                   : ull_div_t2.asm.obj (.text)
                  000023ea    00000002     --HOLE-- [fill = 0]
                  000023ec    0000008c     Util.lib : pushbutton.obj (.text)
                  00002478    00000086     rtsv7M4_T_le_v4SPD16_eabi.lib : fd_cmp_t2.asm.obj (.text:__aeabi_cdcmple)
                  000024fe    00000086                                   : fd_cmp_t2.asm.obj (.text:__aeabi_cdrcmple)
                  00002584    0000007a                                   : memset_t2.asm.obj (.text)
                  000025fe    0000006e                                   : _printfi.c.obj (.text:_mcpy)
                  0000266c    00000068                                   : copy_decompress_lzss.c.obj (.text:decompress:lzss:__TI_decompress_lzss)
                  000026d4    00000064                                   : s_frexp.c.obj (.text:frexp)
                  00002738    00000056                                   : _printfi.c.obj (.text:_pconv_f)
                  0000278e    00000054                                   : ltoa.c.obj (.text:ltoa)
                  000027e2    00000052                                   : _printfi.c.obj (.text:_ecpy)
                  00002834    0000004c     driverlib.lib : gpio.obj (.text:GPIOPinConfigure)
                  00002880    0000004c     rtsv7M4_T_le_v4SPD16_eabi.lib : atoi.c.obj (.text:atoi)
                  000028cc    00000048                                   : fd_toi_t2.asm.obj (.text)
                  00002914    00000046     driverlib.lib : uart.obj (.text:UARTConfigSetExpClk)
                  0000295a    00000002     --HOLE-- [fill = 0]
                  0000295c    00000044     rtsv7M4_T_le_v4SPD16_eabi.lib : autoinit.c.obj (.text:__TI_auto_init_nobinit_nopinit:__TI_auto_init_nobinit_nopinit)
                  000029a0    00000040                                   : u_divt2.asm.obj (.text)
                  000029e0    00000040                                   : vsnprintf.c.obj (.text:vsnprintf)
                  00002a20    0000003e                                   : _printfi.c.obj (.text:_fcpy)
                  00002a5e    00000002     --HOLE-- [fill = 0]
                  00002a60    00000034     driverlib.lib : interrupt.obj (.text:IntRegister)
                  00002a94    00000034                   : sysctl.obj (.text:SysCtlPeripheralEnable)
                  00002ac8    00000034     rtsv7M4_T_le_v4SPD16_eabi.lib : boot_cortex_m.c.obj (.text:_c_int00_noargs:_c_int00_noargs)
                  00002afc    00000030                                   : vsnprintf.c.obj (.text:_outs)
                  00002b2c    0000002e                                   : i_tofd_t2.asm.obj (.text)
                  00002b5a    0000002c     driverlib.lib : gpio.obj (.text:GPIODirModeSet)
                  00002b86    00000002     --HOLE-- [fill = 0]
                  00002b88    00000020                   : uart.obj (.text:UARTDisable)
                  00002ba8    0000001c                   : systick.obj (.text:SysTickIntRegister)
                  00002bc4    0000001c     rtsv7M4_T_le_v4SPD16_eabi.lib : copy_zero_init.c.obj (.text:decompress:ZI:__TI_zero_init_nomemset:__TI_zero_init_nomemset)
                  00002be0    0000001c                                   : memccpy.c.obj (.text:memccpy)
                  00002bfc    0000001a     driverlib.lib : gpio.obj (.text:GPIOPinTypeGPIOOutput)
                  00002c16    0000001a     rtsv7M4_T_le_v4SPD16_eabi.lib : s_copysign.c.obj (.text:copysign)
                  00002c30    00000018                                   : vsnprintf.c.obj (.text:_outc)
                  00002c48    00000016     driverlib.lib : gpio.obj (.text:GPIOPinTypeGPIOInput)
                  00002c5e    00000016                   : gpio.obj (.text:GPIOPinTypeUART)
                  00002c74    00000016     rtsv7M4_T_le_v4SPD16_eabi.lib : strchr.c.obj (.text:strchr)
                  00002c8a    00000002     --HOLE-- [fill = 0]
                  00002c8c    00000014     driverlib.lib : systick.obj (.text:SysTickEnable)
                  00002ca0    00000014                   : systick.obj (.text:SysTickIntEnable)
                  00002cb4    00000014                   : uart.obj (.text:UARTEnable)
                  00002cc8    00000014     rtsv7M4_T_le_v4SPD16_eabi.lib : strlen.c.obj (.text:strlen)
                  00002cdc    00000012                                   : wcslen.c.obj (.text:wcslen)
                  00002cee    00000002     --HOLE-- [fill = 0]
                  00002cf0    00000010     driverlib.lib : systick.obj (.text:SysTickPeriodSet)
                  00002d00    0000000e     rtsv7M4_T_le_v4SPD16_eabi.lib : copy_decompress_none.c.obj (.text:decompress:none:__TI_decompress_none)
                  00002d0e    0000000c     tm4c123gh6pm_startup_ccs.obj (.text)
                  00002d1a    0000000a     driverlib.lib : uart.obj (.text:UARTCharGet)
                  00002d24    0000000a                   : uart.obj (.text:UARTCharPut)
                  00002d2e    00000002     --HOLE-- [fill = 0]
                  00002d30    00000008     rtsv7M4_T_le_v4SPD16_eabi.lib : errno.c.obj (.text:__aeabi_errno_addr)
                  00002d38    00000006     driverlib.lib : gpio.obj (.text:GPIOPinRead)
                  00002d3e    00000006                   : gpio.obj (.text:GPIOPinWrite)
                  00002d44    00000006                   : sysctl.obj (.text:SysCtlDelay)
                  00002d4a    00000004     rtsv7M4_T_le_v4SPD16_eabi.lib : pre_init.c.obj (.text:_system_pre_init)
                  00002d4e    00000004                                   : exit.c.obj (.text:abort:abort)

.const     0    00002d54    00000200     
                  00002d54    00000101     rtsv7M4_T_le_v4SPD16_eabi.lib : ctype.c.obj (.const:.string:_ctypes_)
                  00002e55    00000003     --HOLE-- [fill = 0]
                  00002e58    00000090     driverlib.lib : gpio.obj (.const:g_pui32GPIOBaseAddrs)
                  00002ee8    0000006c                   : sysctl.obj (.const:g_pui32Xtals)

.cinit     0    00002f58    00000048     
                  00002f58    00000012     (.cinit..data.load) [load image, compression = lzss]
                  00002f6a    00000002     --HOLE-- [fill = 0]
                  00002f6c    0000000c     (__TI_handler_table)
                  00002f78    00000008     (.cinit..bss.load) [load image, compression = zero_init]
                  00002f80    00000008     (.cinit..vtable.load) [load image, compression = zero_init]
                  00002f88    00000018     (__TI_cinit_table)

.init_array 
*          0    00000000    00000000     UNINITIALIZED

.vtable    0    20000000    0000026c     UNINITIALIZED
                  20000000    0000026c     driverlib.lib : interrupt.obj (.vtable)

.bss       0    20000670    00000104     UNINITIALIZED
                  20000670    00000100     Util.lib : launchpad.obj (.bss:callbackHeap)
                  20000770    00000004              : launchpad.obj (.bss)

.data      0    20000774    00000020     UNINITIALIZED
                  20000774    00000009     main.obj (.data:ledColors)
                  2000077d    00000001     Util.lib : led.obj (.data)
                  2000077e    00000001              : pushbutton.obj (.data)
                  2000077f    00000001     --HOLE--
                  20000780    00000008              : launchpad.obj (.data)
                  20000788    00000008     main.obj (.data)
                  20000790    00000004     rtsv7M4_T_le_v4SPD16_eabi.lib : errno.c.obj (.data)

.stack     0    20000270    00000400     UNINITIALIZED
                  20000270    00000004     rtsv7M4_T_le_v4SPD16_eabi.lib : boot_cortex_m.c.obj (.stack)
                  20000274    000003fc     --HOLE--

MODULE SUMMARY

       Module                         code    ro data   rw data
       ------                         ----    -------   -------
    .\
       tm4c123gh6pm_startup_ccs.obj   12      620       0      
       main.obj                       260     0         17     
    +--+------------------------------+-------+---------+---------+
       Total:                         272     620       17     
                                                               
    C:/ti/TivaWare_C_Series-2.2.0.295/driverlib/ccs/Debug/driverlib.lib
       gpio.obj                       566     144       0      
       sysctl.obj                     582     108       0      
       interrupt.obj                  52      0         620    
       uart.obj                       142     0         0      
       systick.obj                    84      0         0      
    +--+------------------------------+-------+---------+---------+
       Total:                         1426    252       620    
                                                               
    C:\ti\ccs930\ccs\tools\compiler\ti-cgt-arm_18.12.4.LTS\lib\rtsv7M4_T_le_v4SPD16_eabi.lib
       _printfi.c.obj                 4851    0         0      
       fd_add_t2.asm.obj              438     0         0      
       fd_div_t2.asm.obj              310     0         0      
       s_scalbn.c.obj                 272     0         0      
       fd_cmp_t2.asm.obj              268     0         0      
       ctype.c.obj                    0       257       0      
       fd_mul_t2.asm.obj              252     0         0      
       memcpy_t2.asm.obj              156     0         0      
       ull_div_t2.asm.obj             150     0         0      
       vsnprintf.c.obj                136     0         0      
       memset_t2.asm.obj              122     0         0      
       copy_decompress_lzss.c.obj     104     0         0      
       s_frexp.c.obj                  100     0         0      
       ltoa.c.obj                     84      0         0      
       atoi.c.obj                     76      0         0      
       fd_toi_t2.asm.obj              72      0         0      
       autoinit.c.obj                 68      0         0      
       u_divt2.asm.obj                64      0         0      
       boot_cortex_m.c.obj            52      0         0      
       i_tofd_t2.asm.obj              46      0         0      
       copy_zero_init.c.obj           28      0         0      
       memccpy.c.obj                  28      0         0      
       s_copysign.c.obj               26      0         0      
       strchr.c.obj                   22      0         0      
       strlen.c.obj                   20      0         0      
       wcslen.c.obj                   18      0         0      
       copy_decompress_none.c.obj     14      0         0      
       errno.c.obj                    8       0         4      
       exit.c.obj                     4       0         0      
       pre_init.c.obj                 4       0         0      
       div0.asm.obj                   2       0         0      
    +--+------------------------------+-------+---------+---------+
       Total:                         7795    257       4      
                                                               
    D:/Git Repos/LabGroupA1/Util/Debug/Util.lib
       launchpad.obj                  976     0         268    
       uart.obj                       196     0         0      
       led.obj                        156     0         1      
       pushbutton.obj                 140     0         1      
    +--+------------------------------+-------+---------+---------+
       Total:                         1468    0         270    
                                                               
       Stack:                         0       0         1024   
       Linker Generated:              0       70        0      
    +--+------------------------------+-------+---------+---------+
       Grand Total:                   10961   1199      1935   


LINKER GENERATED COPY TABLES

__TI_cinit_table @ 00002f88 records: 3, size/record: 8, table size: 24
	.data: load addr=00002f58, load size=00000012 bytes, run addr=20000774, run size=00000020 bytes, compression=lzss
	.bss: load addr=00002f78, load size=00000008 bytes, run addr=20000670, run size=00000104 bytes, compression=zero_init
	.vtable: load addr=00002f80, load size=00000008 bytes, run addr=20000000, run size=0000026c bytes, compression=zero_init


LINKER GENERATED HANDLER TABLE

__TI_handler_table @ 00002f6c records: 3, size/record: 4, table size: 12
	index: 0, handler: __TI_zero_init
	index: 1, handler: __TI_decompress_lzss
	index: 2, handler: __TI_decompress_none


GLOBAL SYMBOLS: SORTED ALPHABETICALLY BY Name 

address   name                          
-------   ----                          
00002d4f  C$$EXIT                       
00002b5b  GPIODirModeSet                
00001685  GPIOPadConfigSet              
00002835  GPIOPinConfigure              
00002d39  GPIOPinRead                   
00002c49  GPIOPinTypeGPIOInput          
00002bfd  GPIOPinTypeGPIOOutput         
00002c5f  GPIOPinTypeUART               
00002d3f  GPIOPinWrite                  
00002a61  IntRegister                   
00002d0f  ResetISR                      
00001b89  SysCtlClockGet                
00001fb1  SysCtlClockSet                
00002d45  SysCtlDelay                   
00002a95  SysCtlPeripheralEnable        
00002c8d  SysTickEnable                 
00002ca1  SysTickIntEnable              
00002ba9  SysTickIntRegister            
00002cf1  SysTickPeriodSet              
00002d1b  UARTCharGet                   
00002d25  UARTCharPut                   
00002915  UARTConfigSetExpClk           
00002b89  UARTDisable                   
00002cb5  UARTEnable                    
20000670  __STACK_END                   
00000400  __STACK_SIZE                  
20000470  __STACK_TOP                   
00002f88  __TI_CINIT_Base               
00002fa0  __TI_CINIT_Limit              
00002f6c  __TI_Handler_Table_Base       
00002f78  __TI_Handler_Table_Limit      
0000295d  __TI_auto_init_nobinit_nopinit
0000266d  __TI_decompress_lzss          
00002d01  __TI_decompress_none          
ffffffff  __TI_pprof_out_hndl           
0000026d  __TI_printfi                  
ffffffff  __TI_prof_data_size           
ffffffff  __TI_prof_data_start          
00000000  __TI_static_base__            
00002bc5  __TI_zero_init_nomemset       
00002479  __aeabi_cdcmpeq               
00002479  __aeabi_cdcmple               
000024ff  __aeabi_cdrcmple              
000028cd  __aeabi_d2iz                  
000014d7  __aeabi_dadd                  
0000192d  __aeabi_ddiv                  
00001eb5  __aeabi_dmul                  
000014cd  __aeabi_dsub                  
00002d31  __aeabi_errno_addr            
00002b2d  __aeabi_i2d                   
00000cbb  __aeabi_idiv0                 
00000cbb  __aeabi_ldiv0                 
00002585  __aeabi_memclr                
00002585  __aeabi_memclr4               
00002585  __aeabi_memclr8               
000022b9  __aeabi_memcpy                
000022b9  __aeabi_memcpy4               
000022b9  __aeabi_memcpy8               
00002587  __aeabi_memset                
00002587  __aeabi_memset4               
00002587  __aeabi_memset8               
000029a1  __aeabi_uidiv                 
000029a1  __aeabi_uidivmod              
00002355  __aeabi_uldivmod              
ffffffff  __binit__                     
ffffffff  __c_args__                    
UNDEFED   __mpu_init                    
20000270  __stack                       
00002ac9  _c_int00_noargs               
00002d54  _ctypes_                      
UNDEFED   _system_post_cinit            
00002d4b  _system_pre_init              
00002d4f  abort                         
00002881  atoi                          
ffffffff  binit                         
00001e09  checkPushButton               
00002c17  copysign                      
00002c17  copysignl                     
20000790  errno                         
00001db1  flashLED                      
000026d5  frexp                         
000026d5  frexpl                        
20000000  g_pfnRAMVectors               
00000000  g_pfnVectors                  
00001ca1  ldexp                         
00001ca1  ldexpl                        
0000223f  ledInit                       
0000221d  ledInitForced                 
00002253  ledTurnOnOff                  
00000fc7  lpInit                        
0000278f  ltoa                          
00001e5d  main                          
00002be1  memccpy                       
000022b9  memcpy                        
0000258d  memset                        
00002421  pbInit                        
000023ed  pbInitForced                  
00002435  pbRead                        
00001ca1  scalbn                        
00001ca1  scalbnl                       
00000deb  schdCallback                  
00000e65  schdExecute                   
00002c75  strchr                        
00002cc9  strlen                        
00000d4f  sysTimeGet                    
00000d55  sysTimeReached                
00000d7b  sysTimeWait                   
00000d9f  sysTimeWaitAbsolute           
000020f1  uartGetChar                   
000020a5  uartInit                      
000020df  uartPutChar                   
00002103  uartPutString                 
0000212f  uprintf                       
000029e1  vsnprintf                     
00000f69  waitMs                        
00000f99  waitUs                        
00002cdd  wcslen                        


GLOBAL SYMBOLS: SORTED BY Symbol Address 

address   name                          
-------   ----                          
00000000  __TI_static_base__            
00000000  g_pfnVectors                  
0000026d  __TI_printfi                  
00000400  __STACK_SIZE                  
00000cbb  __aeabi_idiv0                 
00000cbb  __aeabi_ldiv0                 
00000d4f  sysTimeGet                    
00000d55  sysTimeReached                
00000d7b  sysTimeWait                   
00000d9f  sysTimeWaitAbsolute           
00000deb  schdCallback                  
00000e65  schdExecute                   
00000f69  waitMs                        
00000f99  waitUs                        
00000fc7  lpInit                        
000014cd  __aeabi_dsub                  
000014d7  __aeabi_dadd                  
00001685  GPIOPadConfigSet              
0000192d  __aeabi_ddiv                  
00001b89  SysCtlClockGet                
00001ca1  ldexp                         
00001ca1  ldexpl                        
00001ca1  scalbn                        
00001ca1  scalbnl                       
00001db1  flashLED                      
00001e09  checkPushButton               
00001e5d  main                          
00001eb5  __aeabi_dmul                  
00001fb1  SysCtlClockSet                
000020a5  uartInit                      
000020df  uartPutChar                   
000020f1  uartGetChar                   
00002103  uartPutString                 
0000212f  uprintf                       
0000221d  ledInitForced                 
0000223f  ledInit                       
00002253  ledTurnOnOff                  
000022b9  __aeabi_memcpy                
000022b9  __aeabi_memcpy4               
000022b9  __aeabi_memcpy8               
000022b9  memcpy                        
00002355  __aeabi_uldivmod              
000023ed  pbInitForced                  
00002421  pbInit                        
00002435  pbRead                        
00002479  __aeabi_cdcmpeq               
00002479  __aeabi_cdcmple               
000024ff  __aeabi_cdrcmple              
00002585  __aeabi_memclr                
00002585  __aeabi_memclr4               
00002585  __aeabi_memclr8               
00002587  __aeabi_memset                
00002587  __aeabi_memset4               
00002587  __aeabi_memset8               
0000258d  memset                        
0000266d  __TI_decompress_lzss          
000026d5  frexp                         
000026d5  frexpl                        
0000278f  ltoa                          
00002835  GPIOPinConfigure              
00002881  atoi                          
000028cd  __aeabi_d2iz                  
00002915  UARTConfigSetExpClk           
0000295d  __TI_auto_init_nobinit_nopinit
000029a1  __aeabi_uidiv                 
000029a1  __aeabi_uidivmod              
000029e1  vsnprintf                     
00002a61  IntRegister                   
00002a95  SysCtlPeripheralEnable        
00002ac9  _c_int00_noargs               
00002b2d  __aeabi_i2d                   
00002b5b  GPIODirModeSet                
00002b89  UARTDisable                   
00002ba9  SysTickIntRegister            
00002bc5  __TI_zero_init_nomemset       
00002be1  memccpy                       
00002bfd  GPIOPinTypeGPIOOutput         
00002c17  copysign                      
00002c17  copysignl                     
00002c49  GPIOPinTypeGPIOInput          
00002c5f  GPIOPinTypeUART               
00002c75  strchr                        
00002c8d  SysTickEnable                 
00002ca1  SysTickIntEnable              
00002cb5  UARTEnable                    
00002cc9  strlen                        
00002cdd  wcslen                        
00002cf1  SysTickPeriodSet              
00002d01  __TI_decompress_none          
00002d0f  ResetISR                      
00002d1b  UARTCharGet                   
00002d25  UARTCharPut                   
00002d31  __aeabi_errno_addr            
00002d39  GPIOPinRead                   
00002d3f  GPIOPinWrite                  
00002d45  SysCtlDelay                   
00002d4b  _system_pre_init              
00002d4f  C$$EXIT                       
00002d4f  abort                         
00002d54  _ctypes_                      
00002f6c  __TI_Handler_Table_Base       
00002f78  __TI_Handler_Table_Limit      
00002f88  __TI_CINIT_Base               
00002fa0  __TI_CINIT_Limit              
20000000  g_pfnRAMVectors               
20000270  __stack                       
20000470  __STACK_TOP                   
20000670  __STACK_END                   
20000790  errno                         
ffffffff  __TI_pprof_out_hndl           
ffffffff  __TI_prof_data_size           
ffffffff  __TI_prof_data_start          
ffffffff  __binit__                     
ffffffff  __c_args__                    
ffffffff  binit                         
UNDEFED   __mpu_init                    
UNDEFED   _system_post_cinit            

[117 symbols]
