<?xml version="1.0" encoding="ISO-8859-1" ?>
<link_info>
   <banner>TI ARM Linker PC v18.12.4.LTS</banner>
   <copyright>Copyright (c) 1996-2018 Texas Instruments Incorporated</copyright>
   <link_time>0x5f6847fd</link_time>
   <link_errors>0x0</link_errors>
   <output_file>Lab 1. Part2.out</output_file>
   <entry_point>
      <name>_c_int00_noargs</name>
      <address>0x2ac9</address>
   </entry_point>
   <input_file_list>
      <input_file id="fl-2">
         <path>.\</path>
         <kind>object</kind>
         <file>main.obj</file>
         <name>main.obj</name>
      </input_file>
      <input_file id="fl-3">
         <path>.\</path>
         <kind>object</kind>
         <file>tm4c123gh6pm_startup_ccs.obj</file>
         <name>tm4c123gh6pm_startup_ccs.obj</name>
      </input_file>
      <input_file id="fl-9">
         <kind>object</kind>
         <file>&lt;internal&gt;</file>
         <name>&lt;internal&gt;</name>
      </input_file>
      <input_file id="fl-a">
         <path>D:\Git Repos\LabGroupA1\Util\Debug\</path>
         <kind>archive</kind>
         <file>Util.lib</file>
         <name>launchpad.obj</name>
      </input_file>
      <input_file id="fl-b">
         <path>D:\Git Repos\LabGroupA1\Util\Debug\</path>
         <kind>archive</kind>
         <file>Util.lib</file>
         <name>led.obj</name>
      </input_file>
      <input_file id="fl-c">
         <path>D:\Git Repos\LabGroupA1\Util\Debug\</path>
         <kind>archive</kind>
         <file>Util.lib</file>
         <name>pushbutton.obj</name>
      </input_file>
      <input_file id="fl-d">
         <path>D:\Git Repos\LabGroupA1\Util\Debug\</path>
         <kind>archive</kind>
         <file>Util.lib</file>
         <name>uart.obj</name>
      </input_file>
      <input_file id="fl-c3">
         <path>C:\ti\ccs930\ccs\tools\compiler\ti-cgt-arm_18.12.4.LTS\lib\</path>
         <kind>archive</kind>
         <file>rtsv7M4_T_le_v4SPD16_eabi.lib</file>
         <name>vsnprintf.c.obj</name>
      </input_file>
      <input_file id="fl-c4">
         <path>C:\ti\ccs930\ccs\tools\compiler\ti-cgt-arm_18.12.4.LTS\lib\</path>
         <kind>archive</kind>
         <file>rtsv7M4_T_le_v4SPD16_eabi.lib</file>
         <name>memcpy_t2.asm.obj</name>
      </input_file>
      <input_file id="fl-c5">
         <path>C:\ti\ccs930\ccs\tools\compiler\ti-cgt-arm_18.12.4.LTS\lib\</path>
         <kind>archive</kind>
         <file>rtsv7M4_T_le_v4SPD16_eabi.lib</file>
         <name>ull_div_t2.asm.obj</name>
      </input_file>
      <input_file id="fl-c6">
         <path>C:\ti\ccs930\ccs\tools\compiler\ti-cgt-arm_18.12.4.LTS\lib\</path>
         <kind>archive</kind>
         <file>rtsv7M4_T_le_v4SPD16_eabi.lib</file>
         <name>u_divt2.asm.obj</name>
      </input_file>
      <input_file id="fl-c7">
         <path>C:\ti\ccs930\ccs\tools\compiler\ti-cgt-arm_18.12.4.LTS\lib\</path>
         <kind>archive</kind>
         <file>rtsv7M4_T_le_v4SPD16_eabi.lib</file>
         <name>copy_zero_init.c.obj</name>
      </input_file>
      <input_file id="fl-c8">
         <path>C:\ti\ccs930\ccs\tools\compiler\ti-cgt-arm_18.12.4.LTS\lib\</path>
         <kind>archive</kind>
         <file>rtsv7M4_T_le_v4SPD16_eabi.lib</file>
         <name>copy_decompress_none.c.obj</name>
      </input_file>
      <input_file id="fl-c9">
         <path>C:\ti\ccs930\ccs\tools\compiler\ti-cgt-arm_18.12.4.LTS\lib\</path>
         <kind>archive</kind>
         <file>rtsv7M4_T_le_v4SPD16_eabi.lib</file>
         <name>copy_decompress_lzss.c.obj</name>
      </input_file>
      <input_file id="fl-ca">
         <path>C:\ti\ccs930\ccs\tools\compiler\ti-cgt-arm_18.12.4.LTS\lib\</path>
         <kind>archive</kind>
         <file>rtsv7M4_T_le_v4SPD16_eabi.lib</file>
         <name>boot_cortex_m.c.obj</name>
      </input_file>
      <input_file id="fl-cb">
         <path>C:\ti\ccs930\ccs\tools\compiler\ti-cgt-arm_18.12.4.LTS\lib\</path>
         <kind>archive</kind>
         <file>rtsv7M4_T_le_v4SPD16_eabi.lib</file>
         <name>_printfi.c.obj</name>
      </input_file>
      <input_file id="fl-cc">
         <path>C:\ti\ccs930\ccs\tools\compiler\ti-cgt-arm_18.12.4.LTS\lib\</path>
         <kind>archive</kind>
         <file>rtsv7M4_T_le_v4SPD16_eabi.lib</file>
         <name>div0.asm.obj</name>
      </input_file>
      <input_file id="fl-cd">
         <path>C:\ti\ccs930\ccs\tools\compiler\ti-cgt-arm_18.12.4.LTS\lib\</path>
         <kind>archive</kind>
         <file>rtsv7M4_T_le_v4SPD16_eabi.lib</file>
         <name>fd_add_t2.asm.obj</name>
      </input_file>
      <input_file id="fl-ce">
         <path>C:\ti\ccs930\ccs\tools\compiler\ti-cgt-arm_18.12.4.LTS\lib\</path>
         <kind>archive</kind>
         <file>rtsv7M4_T_le_v4SPD16_eabi.lib</file>
         <name>fd_cmp_t2.asm.obj</name>
      </input_file>
      <input_file id="fl-cf">
         <path>C:\ti\ccs930\ccs\tools\compiler\ti-cgt-arm_18.12.4.LTS\lib\</path>
         <kind>archive</kind>
         <file>rtsv7M4_T_le_v4SPD16_eabi.lib</file>
         <name>fd_div_t2.asm.obj</name>
      </input_file>
      <input_file id="fl-d0">
         <path>C:\ti\ccs930\ccs\tools\compiler\ti-cgt-arm_18.12.4.LTS\lib\</path>
         <kind>archive</kind>
         <file>rtsv7M4_T_le_v4SPD16_eabi.lib</file>
         <name>fd_mul_t2.asm.obj</name>
      </input_file>
      <input_file id="fl-d1">
         <path>C:\ti\ccs930\ccs\tools\compiler\ti-cgt-arm_18.12.4.LTS\lib\</path>
         <kind>archive</kind>
         <file>rtsv7M4_T_le_v4SPD16_eabi.lib</file>
         <name>fd_toi_t2.asm.obj</name>
      </input_file>
      <input_file id="fl-d2">
         <path>C:\ti\ccs930\ccs\tools\compiler\ti-cgt-arm_18.12.4.LTS\lib\</path>
         <kind>archive</kind>
         <file>rtsv7M4_T_le_v4SPD16_eabi.lib</file>
         <name>i_tofd_t2.asm.obj</name>
      </input_file>
      <input_file id="fl-d3">
         <path>C:\ti\ccs930\ccs\tools\compiler\ti-cgt-arm_18.12.4.LTS\lib\</path>
         <kind>archive</kind>
         <file>rtsv7M4_T_le_v4SPD16_eabi.lib</file>
         <name>memset_t2.asm.obj</name>
      </input_file>
      <input_file id="fl-d4">
         <path>C:\ti\ccs930\ccs\tools\compiler\ti-cgt-arm_18.12.4.LTS\lib\</path>
         <kind>archive</kind>
         <file>rtsv7M4_T_le_v4SPD16_eabi.lib</file>
         <name>autoinit.c.obj</name>
      </input_file>
      <input_file id="fl-d5">
         <path>C:\ti\ccs930\ccs\tools\compiler\ti-cgt-arm_18.12.4.LTS\lib\</path>
         <kind>archive</kind>
         <file>rtsv7M4_T_le_v4SPD16_eabi.lib</file>
         <name>pre_init.c.obj</name>
      </input_file>
      <input_file id="fl-d6">
         <path>C:\ti\ccs930\ccs\tools\compiler\ti-cgt-arm_18.12.4.LTS\lib\</path>
         <kind>archive</kind>
         <file>rtsv7M4_T_le_v4SPD16_eabi.lib</file>
         <name>cpy_tbl.c.obj</name>
      </input_file>
      <input_file id="fl-d7">
         <path>C:\ti\ccs930\ccs\tools\compiler\ti-cgt-arm_18.12.4.LTS\lib\</path>
         <kind>archive</kind>
         <file>rtsv7M4_T_le_v4SPD16_eabi.lib</file>
         <name>exit.c.obj</name>
      </input_file>
      <input_file id="fl-d8">
         <path>C:\ti\ccs930\ccs\tools\compiler\ti-cgt-arm_18.12.4.LTS\lib\</path>
         <kind>archive</kind>
         <file>rtsv7M4_T_le_v4SPD16_eabi.lib</file>
         <name>_lock.c.obj</name>
      </input_file>
      <input_file id="fl-d9">
         <path>C:\ti\ccs930\ccs\tools\compiler\ti-cgt-arm_18.12.4.LTS\lib\</path>
         <kind>archive</kind>
         <file>rtsv7M4_T_le_v4SPD16_eabi.lib</file>
         <name>args_main.c.obj</name>
      </input_file>
      <input_file id="fl-da">
         <path>C:\ti\ccs930\ccs\tools\compiler\ti-cgt-arm_18.12.4.LTS\lib\</path>
         <kind>archive</kind>
         <file>rtsv7M4_T_le_v4SPD16_eabi.lib</file>
         <name>atoi.c.obj</name>
      </input_file>
      <input_file id="fl-db">
         <path>C:\ti\ccs930\ccs\tools\compiler\ti-cgt-arm_18.12.4.LTS\lib\</path>
         <kind>archive</kind>
         <file>rtsv7M4_T_le_v4SPD16_eabi.lib</file>
         <name>ctype.c.obj</name>
      </input_file>
      <input_file id="fl-dc">
         <path>C:\ti\ccs930\ccs\tools\compiler\ti-cgt-arm_18.12.4.LTS\lib\</path>
         <kind>archive</kind>
         <file>rtsv7M4_T_le_v4SPD16_eabi.lib</file>
         <name>ltoa.c.obj</name>
      </input_file>
      <input_file id="fl-dd">
         <path>C:\ti\ccs930\ccs\tools\compiler\ti-cgt-arm_18.12.4.LTS\lib\</path>
         <kind>archive</kind>
         <file>rtsv7M4_T_le_v4SPD16_eabi.lib</file>
         <name>memccpy.c.obj</name>
      </input_file>
      <input_file id="fl-de">
         <path>C:\ti\ccs930\ccs\tools\compiler\ti-cgt-arm_18.12.4.LTS\lib\</path>
         <kind>archive</kind>
         <file>rtsv7M4_T_le_v4SPD16_eabi.lib</file>
         <name>strchr.c.obj</name>
      </input_file>
      <input_file id="fl-df">
         <path>C:\ti\ccs930\ccs\tools\compiler\ti-cgt-arm_18.12.4.LTS\lib\</path>
         <kind>archive</kind>
         <file>rtsv7M4_T_le_v4SPD16_eabi.lib</file>
         <name>strlen.c.obj</name>
      </input_file>
      <input_file id="fl-e0">
         <path>C:\ti\ccs930\ccs\tools\compiler\ti-cgt-arm_18.12.4.LTS\lib\</path>
         <kind>archive</kind>
         <file>rtsv7M4_T_le_v4SPD16_eabi.lib</file>
         <name>errno.c.obj</name>
      </input_file>
      <input_file id="fl-e1">
         <path>C:\ti\ccs930\ccs\tools\compiler\ti-cgt-arm_18.12.4.LTS\lib\</path>
         <kind>archive</kind>
         <file>rtsv7M4_T_le_v4SPD16_eabi.lib</file>
         <name>wcslen.c.obj</name>
      </input_file>
      <input_file id="fl-e2">
         <path>C:\ti\ccs930\ccs\tools\compiler\ti-cgt-arm_18.12.4.LTS\lib\</path>
         <kind>archive</kind>
         <file>rtsv7M4_T_le_v4SPD16_eabi.lib</file>
         <name>s_frexp.c.obj</name>
      </input_file>
      <input_file id="fl-e3">
         <path>C:\ti\ccs930\ccs\tools\compiler\ti-cgt-arm_18.12.4.LTS\lib\</path>
         <kind>archive</kind>
         <file>rtsv7M4_T_le_v4SPD16_eabi.lib</file>
         <name>s_scalbn.c.obj</name>
      </input_file>
      <input_file id="fl-e4">
         <path>C:\ti\ccs930\ccs\tools\compiler\ti-cgt-arm_18.12.4.LTS\lib\</path>
         <kind>archive</kind>
         <file>rtsv7M4_T_le_v4SPD16_eabi.lib</file>
         <name>s_copysign.c.obj</name>
      </input_file>
      <input_file id="fl-e5">
         <path>C:\ti\TivaWare_C_Series-2.2.0.295\driverlib\ccs\Debug\</path>
         <kind>archive</kind>
         <file>driverlib.lib</file>
         <name>gpio.obj</name>
      </input_file>
      <input_file id="fl-e6">
         <path>C:\ti\TivaWare_C_Series-2.2.0.295\driverlib\ccs\Debug\</path>
         <kind>archive</kind>
         <file>driverlib.lib</file>
         <name>interrupt.obj</name>
      </input_file>
      <input_file id="fl-e7">
         <path>C:\ti\TivaWare_C_Series-2.2.0.295\driverlib\ccs\Debug\</path>
         <kind>archive</kind>
         <file>driverlib.lib</file>
         <name>sysctl.obj</name>
      </input_file>
      <input_file id="fl-e8">
         <path>C:\ti\TivaWare_C_Series-2.2.0.295\driverlib\ccs\Debug\</path>
         <kind>archive</kind>
         <file>driverlib.lib</file>
         <name>systick.obj</name>
      </input_file>
      <input_file id="fl-e9">
         <path>C:\ti\TivaWare_C_Series-2.2.0.295\driverlib\ccs\Debug\</path>
         <kind>archive</kind>
         <file>driverlib.lib</file>
         <name>uart.obj</name>
      </input_file>
      <input_file id="fl-ea">
         <path>C:\ti\TivaWare_C_Series-2.2.0.295\driverlib\ccs\Debug\</path>
         <kind>archive</kind>
         <file>driverlib.lib</file>
         <name>cpu.obj</name>
      </input_file>
   </input_file_list>
   <object_component_list>
      <object_component id="oc-f">
         <name>.intvecs</name>
         <load_address>0x0</load_address>
         <run_address>0x0</run_address>
         <size>0x26c</size>
         <input_file_ref idref="fl-3"/>
      </object_component>
      <object_component id="oc-229">
         <name>.text:__TI_printfi</name>
         <load_address>0x26c</load_address>
         <run_address>0x26c</run_address>
         <size>0xa4e</size>
         <input_file_ref idref="fl-cb"/>
      </object_component>
      <object_component id="oc-18f">
         <name>.text</name>
         <load_address>0xcba</load_address>
         <run_address>0xcba</run_address>
         <size>0x2</size>
         <input_file_ref idref="fl-cc"/>
      </object_component>
      <object_component id="oc-cb">
         <name>.text</name>
         <load_address>0xcbc</load_address>
         <run_address>0xcbc</run_address>
         <size>0x3d0</size>
         <input_file_ref idref="fl-a"/>
      </object_component>
      <object_component id="oc-2b5">
         <name>.text:_pconv_a</name>
         <load_address>0x108c</load_address>
         <run_address>0x108c</run_address>
         <size>0x270</size>
         <input_file_ref idref="fl-cb"/>
      </object_component>
      <object_component id="oc-2a3">
         <name>.text:_pconv_g</name>
         <load_address>0x12fc</load_address>
         <run_address>0x12fc</run_address>
         <size>0x1d0</size>
         <input_file_ref idref="fl-cb"/>
      </object_component>
      <object_component id="oc-318">
         <name>.text</name>
         <load_address>0x14cc</load_address>
         <run_address>0x14cc</run_address>
         <size>0x1b6</size>
         <input_file_ref idref="fl-cd"/>
      </object_component>
      <object_component id="oc-17f">
         <name>.text:GPIOPadConfigSet</name>
         <load_address>0x1684</load_address>
         <run_address>0x1684</run_address>
         <size>0x16c</size>
         <input_file_ref idref="fl-e5"/>
      </object_component>
      <object_component id="oc-2af">
         <name>.text:_pconv_e</name>
         <load_address>0x17f0</load_address>
         <run_address>0x17f0</run_address>
         <size>0x13c</size>
         <input_file_ref idref="fl-cb"/>
      </object_component>
      <object_component id="oc-2fe">
         <name>.text</name>
         <load_address>0x192c</load_address>
         <run_address>0x192c</run_address>
         <size>0x136</size>
         <input_file_ref idref="fl-cf"/>
      </object_component>
      <object_component id="oc-32a">
         <name>.text:fcvt</name>
         <load_address>0x1a64</load_address>
         <run_address>0x1a64</run_address>
         <size>0x124</size>
         <input_file_ref idref="fl-cb"/>
      </object_component>
      <object_component id="oc-156">
         <name>.text:SysCtlClockGet</name>
         <load_address>0x1b88</load_address>
         <run_address>0x1b88</run_address>
         <size>0x118</size>
         <input_file_ref idref="fl-e7"/>
      </object_component>
      <object_component id="oc-33e">
         <name>.text:scalbn</name>
         <load_address>0x1ca0</load_address>
         <run_address>0x1ca0</run_address>
         <size>0x110</size>
         <input_file_ref idref="fl-e3"/>
      </object_component>
      <object_component id="oc-98">
         <name>.text</name>
         <load_address>0x1db0</load_address>
         <run_address>0x1db0</run_address>
         <size>0x104</size>
         <input_file_ref idref="fl-2"/>
      </object_component>
      <object_component id="oc-2f9">
         <name>.text</name>
         <load_address>0x1eb4</load_address>
         <run_address>0x1eb4</run_address>
         <size>0xfc</size>
         <input_file_ref idref="fl-d0"/>
      </object_component>
      <object_component id="oc-150">
         <name>.text:SysCtlClockSet</name>
         <load_address>0x1fb0</load_address>
         <run_address>0x1fb0</run_address>
         <size>0xf4</size>
         <input_file_ref idref="fl-e7"/>
      </object_component>
      <object_component id="oc-dc">
         <name>.text</name>
         <load_address>0x20a4</load_address>
         <run_address>0x20a4</run_address>
         <size>0xc4</size>
         <input_file_ref idref="fl-d"/>
      </object_component>
      <object_component id="oc-298">
         <name>.text:_ltostr</name>
         <load_address>0x2168</load_address>
         <run_address>0x2168</run_address>
         <size>0xb1</size>
         <input_file_ref idref="fl-cb"/>
      </object_component>
      <object_component id="oc-c5">
         <name>.text</name>
         <load_address>0x221c</load_address>
         <run_address>0x221c</run_address>
         <size>0x9c</size>
         <input_file_ref idref="fl-b"/>
      </object_component>
      <object_component id="oc-38">
         <name>.text</name>
         <load_address>0x22b8</load_address>
         <run_address>0x22b8</run_address>
         <size>0x9c</size>
         <input_file_ref idref="fl-c4"/>
      </object_component>
      <object_component id="oc-14a">
         <name>.text</name>
         <load_address>0x2354</load_address>
         <run_address>0x2354</run_address>
         <size>0x96</size>
         <input_file_ref idref="fl-c5"/>
      </object_component>
      <object_component id="oc-d1">
         <name>.text</name>
         <load_address>0x23ec</load_address>
         <run_address>0x23ec</run_address>
         <size>0x8c</size>
         <input_file_ref idref="fl-c"/>
      </object_component>
      <object_component id="oc-29e">
         <name>.text:__aeabi_cdcmple</name>
         <load_address>0x2478</load_address>
         <run_address>0x2478</run_address>
         <size>0x86</size>
         <input_file_ref idref="fl-ce"/>
      </object_component>
      <object_component id="oc-303">
         <name>.text:__aeabi_cdrcmple</name>
         <load_address>0x24fe</load_address>
         <run_address>0x24fe</run_address>
         <size>0x86</size>
         <input_file_ref idref="fl-ce"/>
      </object_component>
      <object_component id="oc-8c">
         <name>.text</name>
         <load_address>0x2584</load_address>
         <run_address>0x2584</run_address>
         <size>0x7a</size>
         <input_file_ref idref="fl-d3"/>
      </object_component>
      <object_component id="oc-323">
         <name>.text:_mcpy</name>
         <load_address>0x25fe</load_address>
         <run_address>0x25fe</run_address>
         <size>0x6e</size>
         <input_file_ref idref="fl-cb"/>
      </object_component>
      <object_component id="oc-12">
         <name>.text:decompress:lzss:__TI_decompress_lzss</name>
         <load_address>0x266c</load_address>
         <run_address>0x266c</run_address>
         <size>0x68</size>
         <input_file_ref idref="fl-c9"/>
      </object_component>
      <object_component id="oc-338">
         <name>.text:frexp</name>
         <load_address>0x26d4</load_address>
         <run_address>0x26d4</run_address>
         <size>0x64</size>
         <input_file_ref idref="fl-e2"/>
      </object_component>
      <object_component id="oc-2a9">
         <name>.text:_pconv_f</name>
         <load_address>0x2738</load_address>
         <run_address>0x2738</run_address>
         <size>0x56</size>
         <input_file_ref idref="fl-cb"/>
      </object_component>
      <object_component id="oc-30d">
         <name>.text:ltoa</name>
         <load_address>0x278e</load_address>
         <run_address>0x278e</run_address>
         <size>0x54</size>
         <input_file_ref idref="fl-dc"/>
      </object_component>
      <object_component id="oc-31d">
         <name>.text:_ecpy</name>
         <load_address>0x27e2</load_address>
         <run_address>0x27e2</run_address>
         <size>0x52</size>
         <input_file_ref idref="fl-cb"/>
      </object_component>
      <object_component id="oc-195">
         <name>.text:GPIOPinConfigure</name>
         <load_address>0x2834</load_address>
         <run_address>0x2834</run_address>
         <size>0x4c</size>
         <input_file_ref idref="fl-e5"/>
      </object_component>
      <object_component id="oc-292">
         <name>.text:atoi</name>
         <load_address>0x2880</load_address>
         <run_address>0x2880</run_address>
         <size>0x4c</size>
         <input_file_ref idref="fl-da"/>
      </object_component>
      <object_component id="oc-308">
         <name>.text</name>
         <load_address>0x28cc</load_address>
         <run_address>0x28cc</run_address>
         <size>0x48</size>
         <input_file_ref idref="fl-d1"/>
      </object_component>
      <object_component id="oc-1a1">
         <name>.text:UARTConfigSetExpClk</name>
         <load_address>0x2914</load_address>
         <run_address>0x2914</run_address>
         <size>0x46</size>
         <input_file_ref idref="fl-e9"/>
      </object_component>
      <object_component id="oc-f5">
         <name>.text:__TI_auto_init_nobinit_nopinit:__TI_auto_init_nobinit_nopinit</name>
         <load_address>0x295c</load_address>
         <run_address>0x295c</run_address>
         <size>0x44</size>
         <input_file_ref idref="fl-d4"/>
      </object_component>
      <object_component id="oc-d7">
         <name>.text</name>
         <load_address>0x29a0</load_address>
         <run_address>0x29a0</run_address>
         <size>0x40</size>
         <input_file_ref idref="fl-c6"/>
      </object_component>
      <object_component id="oc-1b3">
         <name>.text:vsnprintf</name>
         <load_address>0x29e0</load_address>
         <run_address>0x29e0</run_address>
         <size>0x40</size>
         <input_file_ref idref="fl-c3"/>
      </object_component>
      <object_component id="oc-330">
         <name>.text:_fcpy</name>
         <load_address>0x2a20</load_address>
         <run_address>0x2a20</run_address>
         <size>0x3e</size>
         <input_file_ref idref="fl-cb"/>
      </object_component>
      <object_component id="oc-1fd">
         <name>.text:IntRegister</name>
         <load_address>0x2a60</load_address>
         <run_address>0x2a60</run_address>
         <size>0x34</size>
         <input_file_ref idref="fl-e6"/>
      </object_component>
      <object_component id="oc-12e">
         <name>.text:SysCtlPeripheralEnable</name>
         <load_address>0x2a94</load_address>
         <run_address>0x2a94</run_address>
         <size>0x34</size>
         <input_file_ref idref="fl-e7"/>
      </object_component>
      <object_component id="oc-56">
         <name>.text:_c_int00_noargs:_c_int00_noargs</name>
         <load_address>0x2ac8</load_address>
         <run_address>0x2ac8</run_address>
         <size>0x34</size>
         <input_file_ref idref="fl-ca"/>
      </object_component>
      <object_component id="oc-22f">
         <name>.text:_outs</name>
         <load_address>0x2afc</load_address>
         <run_address>0x2afc</run_address>
         <size>0x30</size>
         <input_file_ref idref="fl-c3"/>
      </object_component>
      <object_component id="oc-313">
         <name>.text</name>
         <load_address>0x2b2c</load_address>
         <run_address>0x2b2c</run_address>
         <size>0x2e</size>
         <input_file_ref idref="fl-d2"/>
      </object_component>
      <object_component id="oc-1e6">
         <name>.text:GPIODirModeSet</name>
         <load_address>0x2b5a</load_address>
         <run_address>0x2b5a</run_address>
         <size>0x2c</size>
         <input_file_ref idref="fl-e5"/>
      </object_component>
      <object_component id="oc-219">
         <name>.text:UARTDisable</name>
         <load_address>0x2b88</load_address>
         <run_address>0x2b88</run_address>
         <size>0x20</size>
         <input_file_ref idref="fl-e9"/>
      </object_component>
      <object_component id="oc-162">
         <name>.text:SysTickIntRegister</name>
         <load_address>0x2ba8</load_address>
         <run_address>0x2ba8</run_address>
         <size>0x1c</size>
         <input_file_ref idref="fl-e8"/>
      </object_component>
      <object_component id="oc-44">
         <name>.text:decompress:ZI:__TI_zero_init_nomemset:__TI_zero_init_nomemset</name>
         <load_address>0x2bc4</load_address>
         <run_address>0x2bc4</run_address>
         <size>0x1c</size>
         <input_file_ref idref="fl-c7"/>
      </object_component>
      <object_component id="oc-2bb">
         <name>.text:memccpy</name>
         <load_address>0x2be0</load_address>
         <run_address>0x2be0</run_address>
         <size>0x1c</size>
         <input_file_ref idref="fl-dd"/>
      </object_component>
      <object_component id="oc-134">
         <name>.text:GPIOPinTypeGPIOOutput</name>
         <load_address>0x2bfc</load_address>
         <run_address>0x2bfc</run_address>
         <size>0x1a</size>
         <input_file_ref idref="fl-e5"/>
      </object_component>
      <object_component id="oc-37f">
         <name>.text:copysign</name>
         <load_address>0x2c16</load_address>
         <run_address>0x2c16</run_address>
         <size>0x1a</size>
         <input_file_ref idref="fl-e4"/>
      </object_component>
      <object_component id="oc-235">
         <name>.text:_outc</name>
         <load_address>0x2c30</load_address>
         <run_address>0x2c30</run_address>
         <size>0x18</size>
         <input_file_ref idref="fl-c3"/>
      </object_component>
      <object_component id="oc-179">
         <name>.text:GPIOPinTypeGPIOInput</name>
         <load_address>0x2c48</load_address>
         <run_address>0x2c48</run_address>
         <size>0x16</size>
         <input_file_ref idref="fl-e5"/>
      </object_component>
      <object_component id="oc-19b">
         <name>.text:GPIOPinTypeUART</name>
         <load_address>0x2c5e</load_address>
         <run_address>0x2c5e</run_address>
         <size>0x16</size>
         <input_file_ref idref="fl-e5"/>
      </object_component>
      <object_component id="oc-344">
         <name>.text:strchr</name>
         <load_address>0x2c74</load_address>
         <run_address>0x2c74</run_address>
         <size>0x16</size>
         <input_file_ref idref="fl-de"/>
      </object_component>
      <object_component id="oc-16e">
         <name>.text:SysTickEnable</name>
         <load_address>0x2c8c</load_address>
         <run_address>0x2c8c</run_address>
         <size>0x14</size>
         <input_file_ref idref="fl-e8"/>
      </object_component>
      <object_component id="oc-168">
         <name>.text:SysTickIntEnable</name>
         <load_address>0x2ca0</load_address>
         <run_address>0x2ca0</run_address>
         <size>0x14</size>
         <input_file_ref idref="fl-e8"/>
      </object_component>
      <object_component id="oc-21f">
         <name>.text:UARTEnable</name>
         <load_address>0x2cb4</load_address>
         <run_address>0x2cb4</run_address>
         <size>0x14</size>
         <input_file_ref idref="fl-e9"/>
      </object_component>
      <object_component id="oc-28c">
         <name>.text:strlen</name>
         <load_address>0x2cc8</load_address>
         <run_address>0x2cc8</run_address>
         <size>0x14</size>
         <input_file_ref idref="fl-df"/>
      </object_component>
      <object_component id="oc-2c1">
         <name>.text:wcslen</name>
         <load_address>0x2cdc</load_address>
         <run_address>0x2cdc</run_address>
         <size>0x12</size>
         <input_file_ref idref="fl-e1"/>
      </object_component>
      <object_component id="oc-15c">
         <name>.text:SysTickPeriodSet</name>
         <load_address>0x2cf0</load_address>
         <run_address>0x2cf0</run_address>
         <size>0x10</size>
         <input_file_ref idref="fl-e8"/>
      </object_component>
      <object_component id="oc-18">
         <name>.text:decompress:none:__TI_decompress_none</name>
         <load_address>0x2d00</load_address>
         <run_address>0x2d00</run_address>
         <size>0xe</size>
         <input_file_ref idref="fl-c8"/>
      </object_component>
      <object_component id="oc-24">
         <name>.text</name>
         <load_address>0x2d0e</load_address>
         <run_address>0x2d0e</run_address>
         <size>0xc</size>
         <input_file_ref idref="fl-3"/>
      </object_component>
      <object_component id="oc-1ad">
         <name>.text:UARTCharGet</name>
         <load_address>0x2d1a</load_address>
         <run_address>0x2d1a</run_address>
         <size>0xa</size>
         <input_file_ref idref="fl-e9"/>
      </object_component>
      <object_component id="oc-1a7">
         <name>.text:UARTCharPut</name>
         <load_address>0x2d24</load_address>
         <run_address>0x2d24</run_address>
         <size>0xa</size>
         <input_file_ref idref="fl-e9"/>
      </object_component>
      <object_component id="oc-2c7">
         <name>.text:__aeabi_errno_addr</name>
         <load_address>0x2d30</load_address>
         <run_address>0x2d30</run_address>
         <size>0x8</size>
         <input_file_ref idref="fl-e0"/>
      </object_component>
      <object_component id="oc-185">
         <name>.text:GPIOPinRead</name>
         <load_address>0x2d38</load_address>
         <run_address>0x2d38</run_address>
         <size>0x6</size>
         <input_file_ref idref="fl-e5"/>
      </object_component>
      <object_component id="oc-13a">
         <name>.text:GPIOPinWrite</name>
         <load_address>0x2d3e</load_address>
         <run_address>0x2d3e</run_address>
         <size>0x6</size>
         <input_file_ref idref="fl-e5"/>
      </object_component>
      <object_component id="oc-14f">
         <name>.text:SysCtlDelay</name>
         <load_address>0x2d44</load_address>
         <run_address>0x2d44</run_address>
         <size>0x6</size>
         <input_file_ref idref="fl-e7"/>
      </object_component>
      <object_component id="oc-92">
         <name>.text:_system_pre_init</name>
         <load_address>0x2d4a</load_address>
         <run_address>0x2d4a</run_address>
         <size>0x4</size>
         <input_file_ref idref="fl-d5"/>
      </object_component>
      <object_component id="oc-e9">
         <name>.text:abort:abort</name>
         <load_address>0x2d4e</load_address>
         <run_address>0x2d4e</run_address>
         <size>0x4</size>
         <input_file_ref idref="fl-d7"/>
      </object_component>
      <object_component id="oc-2f2">
         <name>.const:.string:_ctypes_</name>
         <load_address>0x2d54</load_address>
         <run_address>0x2d54</run_address>
         <size>0x101</size>
         <input_file_ref idref="fl-db"/>
      </object_component>
      <object_component id="oc-214">
         <name>.const:g_pui32GPIOBaseAddrs</name>
         <load_address>0x2e58</load_address>
         <run_address>0x2e58</run_address>
         <size>0x90</size>
         <input_file_ref idref="fl-e5"/>
      </object_component>
      <object_component id="oc-1f7">
         <name>.const:g_pui32Xtals</name>
         <load_address>0x2ee8</load_address>
         <run_address>0x2ee8</run_address>
         <size>0x6c</size>
         <input_file_ref idref="fl-e7"/>
      </object_component>
      <object_component id="oc-3d5">
         <name>.cinit..data.load</name>
         <load_address>0x2f58</load_address>
         <run_address>0x2f58</run_address>
         <size>0x12</size>
      </object_component>
      <object_component id="oc-3d2">
         <name>__TI_handler_table</name>
         <load_address>0x2f6c</load_address>
         <run_address>0x2f6c</run_address>
         <size>0xc</size>
      </object_component>
      <object_component id="oc-3d6">
         <name>.cinit..bss.load</name>
         <load_address>0x2f78</load_address>
         <run_address>0x2f78</run_address>
         <size>0x8</size>
      </object_component>
      <object_component id="oc-3d4">
         <name>.cinit..vtable.load</name>
         <load_address>0x2f80</load_address>
         <run_address>0x2f80</run_address>
         <size>0x8</size>
      </object_component>
      <object_component id="oc-3d3">
         <name>__TI_cinit_table</name>
         <load_address>0x2f88</load_address>
         <run_address>0x2f88</run_address>
         <size>0x18</size>
      </object_component>
      <object_component id="oc-281">
         <name>.vtable</name>
         <uninitialized>true</uninitialized>
         <run_address>0x20000000</run_address>
         <size>0x26c</size>
         <input_file_ref idref="fl-e6"/>
      </object_component>
      <object_component id="oc-e2">
         <name>.data</name>
         <load_address>0x20000788</load_address>
         <run_address>0x20000788</run_address>
         <size>0x8</size>
         <input_file_ref idref="fl-2"/>
      </object_component>
      <object_component id="oc-e5">
         <name>.data:ledColors</name>
         <load_address>0x20000774</load_address>
         <run_address>0x20000774</run_address>
         <size>0x9</size>
         <input_file_ref idref="fl-2"/>
      </object_component>
      <object_component id="oc-144">
         <name>.data</name>
         <load_address>0x20000780</load_address>
         <run_address>0x20000780</run_address>
         <size>0x8</size>
         <input_file_ref idref="fl-a"/>
      </object_component>
      <object_component id="oc-140">
         <name>.data</name>
         <load_address>0x2000077d</load_address>
         <run_address>0x2000077d</run_address>
         <size>0x1</size>
         <input_file_ref idref="fl-b"/>
      </object_component>
      <object_component id="oc-18b">
         <name>.data</name>
         <load_address>0x2000077e</load_address>
         <run_address>0x2000077e</run_address>
         <size>0x1</size>
         <input_file_ref idref="fl-c"/>
      </object_component>
      <object_component id="oc-354">
         <name>.data</name>
         <load_address>0x20000790</load_address>
         <run_address>0x20000790</run_address>
         <size>0x4</size>
         <input_file_ref idref="fl-e0"/>
      </object_component>
      <object_component id="oc-174">
         <name>.bss</name>
         <uninitialized>true</uninitialized>
         <run_address>0x20000770</run_address>
         <size>0x4</size>
         <input_file_ref idref="fl-a"/>
      </object_component>
      <object_component id="oc-147">
         <name>.bss:callbackHeap</name>
         <uninitialized>true</uninitialized>
         <run_address>0x20000670</run_address>
         <size>0x100</size>
         <input_file_ref idref="fl-a"/>
      </object_component>
      <object_component id="oc-21">
         <name>.stack</name>
         <uninitialized>true</uninitialized>
         <run_address>0x20000270</run_address>
         <size>0x4</size>
         <input_file_ref idref="fl-ca"/>
      </object_component>
      <object_component id="oc-3d7">
         <name>.stack</name>
         <uninitialized>true</uninitialized>
         <run_address>0x20000270</run_address>
         <size>0x0</size>
      </object_component>
      <object_component id="oc-b4">
         <name>.debug_info</name>
         <load_address>0x0</load_address>
         <run_address>0x0</run_address>
         <size>0x35e</size>
         <input_file_ref idref="fl-2"/>
      </object_component>
      <object_component id="oc-e3">
         <name>.debug_info</name>
         <load_address>0x35e</load_address>
         <run_address>0x35e</run_address>
         <size>0xf0</size>
         <input_file_ref idref="fl-2"/>
      </object_component>
      <object_component id="oc-e6">
         <name>.debug_info</name>
         <load_address>0x44e</load_address>
         <run_address>0x44e</run_address>
         <size>0xcc</size>
         <input_file_ref idref="fl-2"/>
      </object_component>
      <object_component id="oc-9c">
         <name>.debug_info</name>
         <load_address>0x51a</load_address>
         <run_address>0x51a</run_address>
         <size>0x2c3</size>
         <input_file_ref idref="fl-2"/>
      </object_component>
      <object_component id="oc-129">
         <name>.debug_info</name>
         <load_address>0x7dd</load_address>
         <run_address>0x7dd</run_address>
         <size>0x8e</size>
         <input_file_ref idref="fl-2"/>
      </object_component>
      <object_component id="oc-6d">
         <name>.debug_info</name>
         <load_address>0x86b</load_address>
         <run_address>0x86b</run_address>
         <size>0x26b</size>
         <input_file_ref idref="fl-2"/>
      </object_component>
      <object_component id="oc-af">
         <name>.debug_info</name>
         <load_address>0xad6</load_address>
         <run_address>0xad6</run_address>
         <size>0x8b</size>
         <input_file_ref idref="fl-2"/>
      </object_component>
      <object_component id="oc-aa">
         <name>.debug_info</name>
         <load_address>0xb61</load_address>
         <run_address>0xb61</run_address>
         <size>0x297</size>
         <input_file_ref idref="fl-2"/>
      </object_component>
      <object_component id="oc-275">
         <name>.debug_info</name>
         <load_address>0xdf8</load_address>
         <run_address>0xdf8</run_address>
         <size>0xef</size>
         <input_file_ref idref="fl-2"/>
      </object_component>
      <object_component id="oc-72">
         <name>.debug_info</name>
         <load_address>0xee7</load_address>
         <run_address>0xee7</run_address>
         <size>0xbb</size>
         <input_file_ref idref="fl-2"/>
      </object_component>
      <object_component id="oc-249">
         <name>.debug_info</name>
         <load_address>0xfa2</load_address>
         <run_address>0xfa2</run_address>
         <size>0xcc</size>
         <input_file_ref idref="fl-2"/>
      </object_component>
      <object_component id="oc-1bb">
         <name>.debug_info</name>
         <load_address>0x106e</load_address>
         <run_address>0x106e</run_address>
         <size>0x2c</size>
         <input_file_ref idref="fl-2"/>
      </object_component>
      <object_component id="oc-2c">
         <name>.debug_info</name>
         <load_address>0x109a</load_address>
         <run_address>0x109a</run_address>
         <size>0x2a8</size>
         <input_file_ref idref="fl-3"/>
      </object_component>
      <object_component id="oc-10">
         <name>.debug_info</name>
         <load_address>0x1342</load_address>
         <run_address>0x1342</run_address>
         <size>0xe7</size>
         <input_file_ref idref="fl-3"/>
      </object_component>
      <object_component id="oc-25">
         <name>.debug_info</name>
         <load_address>0x1429</load_address>
         <run_address>0x1429</run_address>
         <size>0x263</size>
         <input_file_ref idref="fl-3"/>
      </object_component>
      <object_component id="oc-33">
         <name>.debug_info</name>
         <load_address>0x168c</load_address>
         <run_address>0x168c</run_address>
         <size>0x84</size>
         <input_file_ref idref="fl-3"/>
      </object_component>
      <object_component id="oc-178">
         <name>.debug_info</name>
         <load_address>0x1710</load_address>
         <run_address>0x1710</run_address>
         <size>0x427</size>
         <input_file_ref idref="fl-a"/>
      </object_component>
      <object_component id="oc-175">
         <name>.debug_info</name>
         <load_address>0x1b37</load_address>
         <run_address>0x1b37</run_address>
         <size>0xc9</size>
         <input_file_ref idref="fl-a"/>
      </object_component>
      <object_component id="oc-145">
         <name>.debug_info</name>
         <load_address>0x1c00</load_address>
         <run_address>0x1c00</run_address>
         <size>0xf5</size>
         <input_file_ref idref="fl-a"/>
      </object_component>
      <object_component id="oc-148">
         <name>.debug_info</name>
         <load_address>0x1cf5</load_address>
         <run_address>0x1cf5</run_address>
         <size>0xcf</size>
         <input_file_ref idref="fl-a"/>
      </object_component>
      <object_component id="oc-cd">
         <name>.debug_info</name>
         <load_address>0x1dc4</load_address>
         <run_address>0x1dc4</run_address>
         <size>0x9c0</size>
         <input_file_ref idref="fl-a"/>
      </object_component>
      <object_component id="oc-20a">
         <name>.debug_info</name>
         <load_address>0x2784</load_address>
         <run_address>0x2784</run_address>
         <size>0x51</size>
         <input_file_ref idref="fl-a"/>
      </object_component>
      <object_component id="oc-141">
         <name>.debug_info</name>
         <load_address>0x27d5</load_address>
         <run_address>0x27d5</run_address>
         <size>0xc7</size>
         <input_file_ref idref="fl-b"/>
      </object_component>
      <object_component id="oc-c9">
         <name>.debug_info</name>
         <load_address>0x289c</load_address>
         <run_address>0x289c</run_address>
         <size>0x297</size>
         <input_file_ref idref="fl-b"/>
      </object_component>
      <object_component id="oc-18c">
         <name>.debug_info</name>
         <load_address>0x2b33</load_address>
         <run_address>0x2b33</run_address>
         <size>0xce</size>
         <input_file_ref idref="fl-c"/>
      </object_component>
      <object_component id="oc-d2">
         <name>.debug_info</name>
         <load_address>0x2c01</load_address>
         <run_address>0x2c01</run_address>
         <size>0x22f</size>
         <input_file_ref idref="fl-c"/>
      </object_component>
      <object_component id="oc-1ba">
         <name>.debug_info</name>
         <load_address>0x2e30</load_address>
         <run_address>0x2e30</run_address>
         <size>0x424</size>
         <input_file_ref idref="fl-d"/>
      </object_component>
      <object_component id="oc-de">
         <name>.debug_info</name>
         <load_address>0x3254</load_address>
         <run_address>0x3254</run_address>
         <size>0x3cc</size>
         <input_file_ref idref="fl-d"/>
      </object_component>
      <object_component id="oc-23c">
         <name>.debug_info</name>
         <load_address>0x3620</load_address>
         <run_address>0x3620</run_address>
         <size>0x33f</size>
         <input_file_ref idref="fl-c3"/>
      </object_component>
      <object_component id="oc-1b5">
         <name>.debug_info</name>
         <load_address>0x395f</load_address>
         <run_address>0x395f</run_address>
         <size>0x207</size>
         <input_file_ref idref="fl-c3"/>
      </object_component>
      <object_component id="oc-232">
         <name>.debug_info</name>
         <load_address>0x3b66</load_address>
         <run_address>0x3b66</run_address>
         <size>0x1c5</size>
         <input_file_ref idref="fl-c3"/>
      </object_component>
      <object_component id="oc-239">
         <name>.debug_info</name>
         <load_address>0x3d2b</load_address>
         <run_address>0x3d2b</run_address>
         <size>0x178</size>
         <input_file_ref idref="fl-c3"/>
      </object_component>
      <object_component id="oc-23d">
         <name>.debug_info</name>
         <load_address>0x3ea3</load_address>
         <run_address>0x3ea3</run_address>
         <size>0x2c</size>
         <input_file_ref idref="fl-c3"/>
      </object_component>
      <object_component id="oc-242">
         <name>.debug_info</name>
         <load_address>0x3ecf</load_address>
         <run_address>0x3ecf</run_address>
         <size>0x69</size>
         <input_file_ref idref="fl-c3"/>
      </object_component>
      <object_component id="oc-3b">
         <name>.debug_info</name>
         <load_address>0x3f38</load_address>
         <run_address>0x3f38</run_address>
         <size>0x118</size>
         <input_file_ref idref="fl-c4"/>
      </object_component>
      <object_component id="oc-14b">
         <name>.debug_info</name>
         <load_address>0x4050</load_address>
         <run_address>0x4050</run_address>
         <size>0x133</size>
         <input_file_ref idref="fl-c5"/>
      </object_component>
      <object_component id="oc-d9">
         <name>.debug_info</name>
         <load_address>0x4183</load_address>
         <run_address>0x4183</run_address>
         <size>0x141</size>
         <input_file_ref idref="fl-c6"/>
      </object_component>
      <object_component id="oc-8b">
         <name>.debug_info</name>
         <load_address>0x42c4</load_address>
         <run_address>0x42c4</run_address>
         <size>0x2d3</size>
         <input_file_ref idref="fl-c7"/>
      </object_component>
      <object_component id="oc-45">
         <name>.debug_info</name>
         <load_address>0x4597</load_address>
         <run_address>0x4597</run_address>
         <size>0x1d1</size>
         <input_file_ref idref="fl-c7"/>
      </object_component>
      <object_component id="oc-86">
         <name>.debug_info</name>
         <load_address>0x4768</load_address>
         <run_address>0x4768</run_address>
         <size>0x46</size>
         <input_file_ref idref="fl-c7"/>
      </object_component>
      <object_component id="oc-bc">
         <name>.debug_info</name>
         <load_address>0x47ae</load_address>
         <run_address>0x47ae</run_address>
         <size>0x2c</size>
         <input_file_ref idref="fl-c7"/>
      </object_component>
      <object_component id="oc-43">
         <name>.debug_info</name>
         <load_address>0x47da</load_address>
         <run_address>0x47da</run_address>
         <size>0x2a7</size>
         <input_file_ref idref="fl-c8"/>
      </object_component>
      <object_component id="oc-1b">
         <name>.debug_info</name>
         <load_address>0x4a81</load_address>
         <run_address>0x4a81</run_address>
         <size>0x1e9</size>
         <input_file_ref idref="fl-c8"/>
      </object_component>
      <object_component id="oc-3e">
         <name>.debug_info</name>
         <load_address>0x4c6a</load_address>
         <run_address>0x4c6a</run_address>
         <size>0x46</size>
         <input_file_ref idref="fl-c8"/>
      </object_component>
      <object_component id="oc-7e">
         <name>.debug_info</name>
         <load_address>0x4cb0</load_address>
         <run_address>0x4cb0</run_address>
         <size>0x2c</size>
         <input_file_ref idref="fl-c8"/>
      </object_component>
      <object_component id="oc-7c">
         <name>.debug_info</name>
         <load_address>0x4cdc</load_address>
         <run_address>0x4cdc</run_address>
         <size>0x29d</size>
         <input_file_ref idref="fl-c9"/>
      </object_component>
      <object_component id="oc-13">
         <name>.debug_info</name>
         <load_address>0x4f79</load_address>
         <run_address>0x4f79</run_address>
         <size>0x24f</size>
         <input_file_ref idref="fl-c9"/>
      </object_component>
      <object_component id="oc-2e">
         <name>.debug_info</name>
         <load_address>0x51c8</load_address>
         <run_address>0x51c8</run_address>
         <size>0x60</size>
         <input_file_ref idref="fl-c9"/>
      </object_component>
      <object_component id="oc-b5">
         <name>.debug_info</name>
         <load_address>0x5228</load_address>
         <run_address>0x5228</run_address>
         <size>0x46</size>
         <input_file_ref idref="fl-c9"/>
      </object_component>
      <object_component id="oc-77">
         <name>.debug_info</name>
         <load_address>0x526e</load_address>
         <run_address>0x526e</run_address>
         <size>0x39</size>
         <input_file_ref idref="fl-c9"/>
      </object_component>
      <object_component id="oc-22">
         <name>.debug_info</name>
         <load_address>0x52a7</load_address>
         <run_address>0x52a7</run_address>
         <size>0x10a</size>
         <input_file_ref idref="fl-ca"/>
      </object_component>
      <object_component id="oc-59">
         <name>.debug_info</name>
         <load_address>0x53b1</load_address>
         <run_address>0x53b1</run_address>
         <size>0x1a8</size>
         <input_file_ref idref="fl-ca"/>
      </object_component>
      <object_component id="oc-2ce">
         <name>.debug_info</name>
         <load_address>0x5559</load_address>
         <run_address>0x5559</run_address>
         <size>0x57a</size>
         <input_file_ref idref="fl-cb"/>
      </object_component>
      <object_component id="oc-29b">
         <name>.debug_info</name>
         <load_address>0x5ad3</load_address>
         <run_address>0x5ad3</run_address>
         <size>0x21d</size>
         <input_file_ref idref="fl-cb"/>
      </object_component>
      <object_component id="oc-320">
         <name>.debug_info</name>
         <load_address>0x5cf0</load_address>
         <run_address>0x5cf0</run_address>
         <size>0x1b2</size>
         <input_file_ref idref="fl-cb"/>
      </object_component>
      <object_component id="oc-326">
         <name>.debug_info</name>
         <load_address>0x5ea2</load_address>
         <run_address>0x5ea2</run_address>
         <size>0x21a</size>
         <input_file_ref idref="fl-cb"/>
      </object_component>
      <object_component id="oc-2a6">
         <name>.debug_info</name>
         <load_address>0x60bc</load_address>
         <run_address>0x60bc</run_address>
         <size>0x3ba</size>
         <input_file_ref idref="fl-cb"/>
      </object_component>
      <object_component id="oc-32d">
         <name>.debug_info</name>
         <load_address>0x6476</load_address>
         <run_address>0x6476</run_address>
         <size>0x304</size>
         <input_file_ref idref="fl-cb"/>
      </object_component>
      <object_component id="oc-333">
         <name>.debug_info</name>
         <load_address>0x677a</load_address>
         <run_address>0x677a</run_address>
         <size>0x214</size>
         <input_file_ref idref="fl-cb"/>
      </object_component>
      <object_component id="oc-2ac">
         <name>.debug_info</name>
         <load_address>0x698e</load_address>
         <run_address>0x698e</run_address>
         <size>0x214</size>
         <input_file_ref idref="fl-cb"/>
      </object_component>
      <object_component id="oc-2b2">
         <name>.debug_info</name>
         <load_address>0x6ba2</load_address>
         <run_address>0x6ba2</run_address>
         <size>0x303</size>
         <input_file_ref idref="fl-cb"/>
      </object_component>
      <object_component id="oc-2b8">
         <name>.debug_info</name>
         <load_address>0x6ea5</load_address>
         <run_address>0x6ea5</run_address>
         <size>0x4af</size>
         <input_file_ref idref="fl-cb"/>
      </object_component>
      <object_component id="oc-22c">
         <name>.debug_info</name>
         <load_address>0x7354</load_address>
         <run_address>0x7354</run_address>
         <size>0x5f3</size>
         <input_file_ref idref="fl-cb"/>
      </object_component>
      <object_component id="oc-2cf">
         <name>.debug_info</name>
         <load_address>0x7947</load_address>
         <run_address>0x7947</run_address>
         <size>0x86</size>
         <input_file_ref idref="fl-cb"/>
      </object_component>
      <object_component id="oc-35b">
         <name>.debug_info</name>
         <load_address>0x79cd</load_address>
         <run_address>0x79cd</run_address>
         <size>0x39</size>
         <input_file_ref idref="fl-cb"/>
      </object_component>
      <object_component id="oc-396">
         <name>.debug_info</name>
         <load_address>0x7a06</load_address>
         <run_address>0x7a06</run_address>
         <size>0xb6</size>
         <input_file_ref idref="fl-cb"/>
      </object_component>
      <object_component id="oc-360">
         <name>.debug_info</name>
         <load_address>0x7abc</load_address>
         <run_address>0x7abc</run_address>
         <size>0x46</size>
         <input_file_ref idref="fl-cb"/>
      </object_component>
      <object_component id="oc-2d4">
         <name>.debug_info</name>
         <load_address>0x7b02</load_address>
         <run_address>0x7b02</run_address>
         <size>0x46</size>
         <input_file_ref idref="fl-cb"/>
      </object_component>
      <object_component id="oc-191">
         <name>.debug_info</name>
         <load_address>0x7b48</load_address>
         <run_address>0x7b48</run_address>
         <size>0x114</size>
         <input_file_ref idref="fl-cc"/>
      </object_component>
      <object_component id="oc-319">
         <name>.debug_info</name>
         <load_address>0x7c5c</load_address>
         <run_address>0x7c5c</run_address>
         <size>0x14b</size>
         <input_file_ref idref="fl-cd"/>
      </object_component>
      <object_component id="oc-2a1">
         <name>.debug_info</name>
         <load_address>0x7da7</load_address>
         <run_address>0x7da7</run_address>
         <size>0x127</size>
         <input_file_ref idref="fl-ce"/>
      </object_component>
      <object_component id="oc-306">
         <name>.debug_info</name>
         <load_address>0x7ece</load_address>
         <run_address>0x7ece</run_address>
         <size>0x129</size>
         <input_file_ref idref="fl-ce"/>
      </object_component>
      <object_component id="oc-300">
         <name>.debug_info</name>
         <load_address>0x7ff7</load_address>
         <run_address>0x7ff7</run_address>
         <size>0x139</size>
         <input_file_ref idref="fl-cf"/>
      </object_component>
      <object_component id="oc-2fb">
         <name>.debug_info</name>
         <load_address>0x8130</load_address>
         <run_address>0x8130</run_address>
         <size>0x139</size>
         <input_file_ref idref="fl-d0"/>
      </object_component>
      <object_component id="oc-30a">
         <name>.debug_info</name>
         <load_address>0x8269</load_address>
         <run_address>0x8269</run_address>
         <size>0x12d</size>
         <input_file_ref idref="fl-d1"/>
      </object_component>
      <object_component id="oc-315">
         <name>.debug_info</name>
         <load_address>0x8396</load_address>
         <run_address>0x8396</run_address>
         <size>0x12b</size>
         <input_file_ref idref="fl-d2"/>
      </object_component>
      <object_component id="oc-8d">
         <name>.debug_info</name>
         <load_address>0x84c1</load_address>
         <run_address>0x84c1</run_address>
         <size>0x146</size>
         <input_file_ref idref="fl-d3"/>
      </object_component>
      <object_component id="oc-1cf">
         <name>.debug_info</name>
         <load_address>0x8607</load_address>
         <run_address>0x8607</run_address>
         <size>0x4b2</size>
         <input_file_ref idref="fl-d4"/>
      </object_component>
      <object_component id="oc-f6">
         <name>.debug_info</name>
         <load_address>0x8ab9</load_address>
         <run_address>0x8ab9</run_address>
         <size>0x1a5</size>
         <input_file_ref idref="fl-d4"/>
      </object_component>
      <object_component id="oc-25e">
         <name>.debug_info</name>
         <load_address>0x8c5e</load_address>
         <run_address>0x8c5e</run_address>
         <size>0x39</size>
         <input_file_ref idref="fl-d4"/>
      </object_component>
      <object_component id="oc-2e0">
         <name>.debug_info</name>
         <load_address>0x8c97</load_address>
         <run_address>0x8c97</run_address>
         <size>0x39</size>
         <input_file_ref idref="fl-d4"/>
      </object_component>
      <object_component id="oc-263">
         <name>.debug_info</name>
         <load_address>0x8cd0</load_address>
         <run_address>0x8cd0</run_address>
         <size>0x39</size>
         <input_file_ref idref="fl-d4"/>
      </object_component>
      <object_component id="oc-268">
         <name>.debug_info</name>
         <load_address>0x8d09</load_address>
         <run_address>0x8d09</run_address>
         <size>0xcd</size>
         <input_file_ref idref="fl-d4"/>
      </object_component>
      <object_component id="oc-95">
         <name>.debug_info</name>
         <load_address>0x8dd6</load_address>
         <run_address>0x8dd6</run_address>
         <size>0x152</size>
         <input_file_ref idref="fl-d5"/>
      </object_component>
      <object_component id="oc-eb">
         <name>.debug_info</name>
         <load_address>0x8f28</load_address>
         <run_address>0x8f28</run_address>
         <size>0x121</size>
         <input_file_ref idref="fl-d7"/>
      </object_component>
      <object_component id="oc-2f6">
         <name>.debug_info</name>
         <load_address>0x9049</load_address>
         <run_address>0x9049</run_address>
         <size>0x2b8</size>
         <input_file_ref idref="fl-da"/>
      </object_component>
      <object_component id="oc-295">
         <name>.debug_info</name>
         <load_address>0x9301</load_address>
         <run_address>0x9301</run_address>
         <size>0x17b</size>
         <input_file_ref idref="fl-da"/>
      </object_component>
      <object_component id="oc-369">
         <name>.debug_info</name>
         <load_address>0x947c</load_address>
         <run_address>0x947c</run_address>
         <size>0xf8</size>
         <input_file_ref idref="fl-db"/>
      </object_component>
      <object_component id="oc-2f3">
         <name>.debug_info</name>
         <load_address>0x9574</load_address>
         <run_address>0x9574</run_address>
         <size>0x104</size>
         <input_file_ref idref="fl-db"/>
      </object_component>
      <object_component id="oc-371">
         <name>.debug_info</name>
         <load_address>0x9678</load_address>
         <run_address>0x9678</run_address>
         <size>0x29a</size>
         <input_file_ref idref="fl-dc"/>
      </object_component>
      <object_component id="oc-30f">
         <name>.debug_info</name>
         <load_address>0x9912</load_address>
         <run_address>0x9912</run_address>
         <size>0x1cc</size>
         <input_file_ref idref="fl-dc"/>
      </object_component>
      <object_component id="oc-34c">
         <name>.debug_info</name>
         <load_address>0x9ade</load_address>
         <run_address>0x9ade</run_address>
         <size>0x295</size>
         <input_file_ref idref="fl-dd"/>
      </object_component>
      <object_component id="oc-2be">
         <name>.debug_info</name>
         <load_address>0x9d73</load_address>
         <run_address>0x9d73</run_address>
         <size>0x1b5</size>
         <input_file_ref idref="fl-dd"/>
      </object_component>
      <object_component id="oc-388">
         <name>.debug_info</name>
         <load_address>0x9f28</load_address>
         <run_address>0x9f28</run_address>
         <size>0x299</size>
         <input_file_ref idref="fl-de"/>
      </object_component>
      <object_component id="oc-345">
         <name>.debug_info</name>
         <load_address>0xa1c1</load_address>
         <run_address>0xa1c1</run_address>
         <size>0x25d</size>
         <input_file_ref idref="fl-de"/>
      </object_component>
      <object_component id="oc-2f1">
         <name>.debug_info</name>
         <load_address>0xa41e</load_address>
         <run_address>0xa41e</run_address>
         <size>0x28e</size>
         <input_file_ref idref="fl-df"/>
      </object_component>
      <object_component id="oc-28d">
         <name>.debug_info</name>
         <load_address>0xa6ac</load_address>
         <run_address>0xa6ac</run_address>
         <size>0x240</size>
         <input_file_ref idref="fl-df"/>
      </object_component>
      <object_component id="oc-358">
         <name>.debug_info</name>
         <load_address>0xa8ec</load_address>
         <run_address>0xa8ec</run_address>
         <size>0x288</size>
         <input_file_ref idref="fl-e0"/>
      </object_component>
      <object_component id="oc-355">
         <name>.debug_info</name>
         <load_address>0xab74</load_address>
         <run_address>0xab74</run_address>
         <size>0x10d</size>
         <input_file_ref idref="fl-e0"/>
      </object_component>
      <object_component id="oc-2c8">
         <name>.debug_info</name>
         <load_address>0xac81</load_address>
         <run_address>0xac81</run_address>
         <size>0x14d</size>
         <input_file_ref idref="fl-e0"/>
      </object_component>
      <object_component id="oc-353">
         <name>.debug_info</name>
         <load_address>0xadce</load_address>
         <run_address>0xadce</run_address>
         <size>0x28e</size>
         <input_file_ref idref="fl-e1"/>
      </object_component>
      <object_component id="oc-2c3">
         <name>.debug_info</name>
         <load_address>0xb05c</load_address>
         <run_address>0xb05c</run_address>
         <size>0x159</size>
         <input_file_ref idref="fl-e1"/>
      </object_component>
      <object_component id="oc-38b">
         <name>.debug_info</name>
         <load_address>0xb1b5</load_address>
         <run_address>0xb1b5</run_address>
         <size>0x46</size>
         <input_file_ref idref="fl-e1"/>
      </object_component>
      <object_component id="oc-34e">
         <name>.debug_info</name>
         <load_address>0xb1fb</load_address>
         <run_address>0xb1fb</run_address>
         <size>0x39</size>
         <input_file_ref idref="fl-e1"/>
      </object_component>
      <object_component id="oc-379">
         <name>.debug_info</name>
         <load_address>0xb234</load_address>
         <run_address>0xb234</run_address>
         <size>0x299</size>
         <input_file_ref idref="fl-e2"/>
      </object_component>
      <object_component id="oc-33a">
         <name>.debug_info</name>
         <load_address>0xb4cd</load_address>
         <run_address>0xb4cd</run_address>
         <size>0x194</size>
         <input_file_ref idref="fl-e2"/>
      </object_component>
      <object_component id="oc-3a1">
         <name>.debug_info</name>
         <load_address>0xb661</load_address>
         <run_address>0xb661</run_address>
         <size>0x39</size>
         <input_file_ref idref="fl-e2"/>
      </object_component>
      <object_component id="oc-37a">
         <name>.debug_info</name>
         <load_address>0xb69a</load_address>
         <run_address>0xb69a</run_address>
         <size>0x2c</size>
         <input_file_ref idref="fl-e2"/>
      </object_component>
      <object_component id="oc-386">
         <name>.debug_info</name>
         <load_address>0xb6c6</load_address>
         <run_address>0xb6c6</run_address>
         <size>0x2fc</size>
         <input_file_ref idref="fl-e3"/>
      </object_component>
      <object_component id="oc-340">
         <name>.debug_info</name>
         <load_address>0xb9c2</load_address>
         <run_address>0xb9c2</run_address>
         <size>0x224</size>
         <input_file_ref idref="fl-e3"/>
      </object_component>
      <object_component id="oc-380">
         <name>.debug_info</name>
         <load_address>0xbbe6</load_address>
         <run_address>0xbbe6</run_address>
         <size>0x160</size>
         <input_file_ref idref="fl-e4"/>
      </object_component>
      <object_component id="oc-1ed">
         <name>.debug_info</name>
         <load_address>0xbd46</load_address>
         <run_address>0xbd46</run_address>
         <size>0x3e4</size>
         <input_file_ref idref="fl-e5"/>
      </object_component>
      <object_component id="oc-215">
         <name>.debug_info</name>
         <load_address>0xc12a</load_address>
         <run_address>0xc12a</run_address>
         <size>0x164</size>
         <input_file_ref idref="fl-e5"/>
      </object_component>
      <object_component id="oc-13b">
         <name>.debug_info</name>
         <load_address>0xc28e</load_address>
         <run_address>0xc28e</run_address>
         <size>0x2ac</size>
         <input_file_ref idref="fl-e5"/>
      </object_component>
      <object_component id="oc-1e7">
         <name>.debug_info</name>
         <load_address>0xc53a</load_address>
         <run_address>0xc53a</run_address>
         <size>0x2bc</size>
         <input_file_ref idref="fl-e5"/>
      </object_component>
      <object_component id="oc-180">
         <name>.debug_info</name>
         <load_address>0xc7f6</load_address>
         <run_address>0xc7f6</run_address>
         <size>0x31f</size>
         <input_file_ref idref="fl-e5"/>
      </object_component>
      <object_component id="oc-19c">
         <name>.debug_info</name>
         <load_address>0xcb15</load_address>
         <run_address>0xcb15</run_address>
         <size>0x29b</size>
         <input_file_ref idref="fl-e5"/>
      </object_component>
      <object_component id="oc-135">
         <name>.debug_info</name>
         <load_address>0xcdb0</load_address>
         <run_address>0xcdb0</run_address>
         <size>0x2c0</size>
         <input_file_ref idref="fl-e5"/>
      </object_component>
      <object_component id="oc-17a">
         <name>.debug_info</name>
         <load_address>0xd070</load_address>
         <run_address>0xd070</run_address>
         <size>0x2a5</size>
         <input_file_ref idref="fl-e5"/>
      </object_component>
      <object_component id="oc-186">
         <name>.debug_info</name>
         <load_address>0xd315</load_address>
         <run_address>0xd315</run_address>
         <size>0x284</size>
         <input_file_ref idref="fl-e5"/>
      </object_component>
      <object_component id="oc-196">
         <name>.debug_info</name>
         <load_address>0xd599</load_address>
         <run_address>0xd599</run_address>
         <size>0x289</size>
         <input_file_ref idref="fl-e5"/>
      </object_component>
      <object_component id="oc-285">
         <name>.debug_info</name>
         <load_address>0xd822</load_address>
         <run_address>0xd822</run_address>
         <size>0x3b7</size>
         <input_file_ref idref="fl-e6"/>
      </object_component>
      <object_component id="oc-282">
         <name>.debug_info</name>
         <load_address>0xdbd9</load_address>
         <run_address>0xdbd9</run_address>
         <size>0x160</size>
         <input_file_ref idref="fl-e6"/>
      </object_component>
      <object_component id="oc-1fe">
         <name>.debug_info</name>
         <load_address>0xdd39</load_address>
         <run_address>0xdd39</run_address>
         <size>0x2ca</size>
         <input_file_ref idref="fl-e6"/>
      </object_component>
      <object_component id="oc-1e5">
         <name>.debug_info</name>
         <load_address>0xe003</load_address>
         <run_address>0xe003</run_address>
         <size>0x441</size>
         <input_file_ref idref="fl-e7"/>
      </object_component>
      <object_component id="oc-1f8">
         <name>.debug_info</name>
         <load_address>0xe444</load_address>
         <run_address>0xe444</run_address>
         <size>0x156</size>
         <input_file_ref idref="fl-e7"/>
      </object_component>
      <object_component id="oc-130">
         <name>.debug_info</name>
         <load_address>0xe59a</load_address>
         <run_address>0xe59a</run_address>
         <size>0x286</size>
         <input_file_ref idref="fl-e7"/>
      </object_component>
      <object_component id="oc-152">
         <name>.debug_info</name>
         <load_address>0xe820</load_address>
         <run_address>0xe820</run_address>
         <size>0x2e4</size>
         <input_file_ref idref="fl-e7"/>
      </object_component>
      <object_component id="oc-158">
         <name>.debug_info</name>
         <load_address>0xeb04</load_address>
         <run_address>0xeb04</run_address>
         <size>0x2be</size>
         <input_file_ref idref="fl-e7"/>
      </object_component>
      <object_component id="oc-271">
         <name>.debug_info</name>
         <load_address>0xedc2</load_address>
         <run_address>0xedc2</run_address>
         <size>0x51</size>
         <input_file_ref idref="fl-e7"/>
      </object_component>
      <object_component id="oc-1fc">
         <name>.debug_info</name>
         <load_address>0xee13</load_address>
         <run_address>0xee13</run_address>
         <size>0x346</size>
         <input_file_ref idref="fl-e8"/>
      </object_component>
      <object_component id="oc-15e">
         <name>.debug_info</name>
         <load_address>0xf159</load_address>
         <run_address>0xf159</run_address>
         <size>0x26a</size>
         <input_file_ref idref="fl-e8"/>
      </object_component>
      <object_component id="oc-164">
         <name>.debug_info</name>
         <load_address>0xf3c3</load_address>
         <run_address>0xf3c3</run_address>
         <size>0x280</size>
         <input_file_ref idref="fl-e8"/>
      </object_component>
      <object_component id="oc-16c">
         <name>.debug_info</name>
         <load_address>0xf643</load_address>
         <run_address>0xf643</run_address>
         <size>0x230</size>
         <input_file_ref idref="fl-e8"/>
      </object_component>
      <object_component id="oc-172">
         <name>.debug_info</name>
         <load_address>0xf873</load_address>
         <run_address>0xf873</run_address>
         <size>0x22a</size>
         <input_file_ref idref="fl-e8"/>
      </object_component>
      <object_component id="oc-226">
         <name>.debug_info</name>
         <load_address>0xfa9d</load_address>
         <run_address>0xfa9d</run_address>
         <size>0x3cb</size>
         <input_file_ref idref="fl-e9"/>
      </object_component>
      <object_component id="oc-220">
         <name>.debug_info</name>
         <load_address>0xfe68</load_address>
         <run_address>0xfe68</run_address>
         <size>0x250</size>
         <input_file_ref idref="fl-e9"/>
      </object_component>
      <object_component id="oc-21a">
         <name>.debug_info</name>
         <load_address>0x100b8</load_address>
         <run_address>0x100b8</run_address>
         <size>0x252</size>
         <input_file_ref idref="fl-e9"/>
      </object_component>
      <object_component id="oc-1a2">
         <name>.debug_info</name>
         <load_address>0x1030a</load_address>
         <run_address>0x1030a</run_address>
         <size>0x32f</size>
         <input_file_ref idref="fl-e9"/>
      </object_component>
      <object_component id="oc-1a8">
         <name>.debug_info</name>
         <load_address>0x10639</load_address>
         <run_address>0x10639</run_address>
         <size>0x27c</size>
         <input_file_ref idref="fl-e9"/>
      </object_component>
      <object_component id="oc-1ae">
         <name>.debug_info</name>
         <load_address>0x108b5</load_address>
         <run_address>0x108b5</run_address>
         <size>0x256</size>
         <input_file_ref idref="fl-e9"/>
      </object_component>
      <object_component id="oc-3d8">
         <name>.debug_info</name>
         <load_address>0x10b0b</load_address>
         <run_address>0x10b0b</run_address>
         <size>0x9a</size>
      </object_component>
      <object_component id="oc-128">
         <name>.debug_line</name>
         <load_address>0x0</load_address>
         <run_address>0x0</run_address>
         <size>0x4c</size>
         <input_file_ref idref="fl-2"/>
      </object_component>
      <object_component id="oc-1c1">
         <name>.debug_line</name>
         <load_address>0x4c</load_address>
         <run_address>0x4c</run_address>
         <size>0x2d</size>
         <input_file_ref idref="fl-2"/>
      </object_component>
      <object_component id="oc-1c3">
         <name>.debug_line</name>
         <load_address>0x79</load_address>
         <run_address>0x79</run_address>
         <size>0x2d</size>
         <input_file_ref idref="fl-2"/>
      </object_component>
      <object_component id="oc-9b">
         <name>.debug_line</name>
         <load_address>0xa6</load_address>
         <run_address>0xa6</run_address>
         <size>0xae</size>
         <input_file_ref idref="fl-2"/>
      </object_component>
      <object_component id="oc-12c">
         <name>.debug_line</name>
         <load_address>0x154</load_address>
         <run_address>0x154</run_address>
         <size>0x2d</size>
         <input_file_ref idref="fl-2"/>
      </object_component>
      <object_component id="oc-70">
         <name>.debug_line</name>
         <load_address>0x181</load_address>
         <run_address>0x181</run_address>
         <size>0x6f</size>
         <input_file_ref idref="fl-2"/>
      </object_component>
      <object_component id="oc-b2">
         <name>.debug_line</name>
         <load_address>0x1f0</load_address>
         <run_address>0x1f0</run_address>
         <size>0x20</size>
         <input_file_ref idref="fl-2"/>
      </object_component>
      <object_component id="oc-ad">
         <name>.debug_line</name>
         <load_address>0x210</load_address>
         <run_address>0x210</run_address>
         <size>0x73</size>
         <input_file_ref idref="fl-2"/>
      </object_component>
      <object_component id="oc-278">
         <name>.debug_line</name>
         <load_address>0x283</load_address>
         <run_address>0x283</run_address>
         <size>0x6f</size>
         <input_file_ref idref="fl-2"/>
      </object_component>
      <object_component id="oc-75">
         <name>.debug_line</name>
         <load_address>0x2f2</load_address>
         <run_address>0x2f2</run_address>
         <size>0x70</size>
         <input_file_ref idref="fl-2"/>
      </object_component>
      <object_component id="oc-24c">
         <name>.debug_line</name>
         <load_address>0x362</load_address>
         <run_address>0x362</run_address>
         <size>0x6a</size>
         <input_file_ref idref="fl-2"/>
      </object_component>
      <object_component id="oc-1be">
         <name>.debug_line</name>
         <load_address>0x3cc</load_address>
         <run_address>0x3cc</run_address>
         <size>0x6b</size>
         <input_file_ref idref="fl-2"/>
      </object_component>
      <object_component id="oc-6c">
         <name>.debug_line</name>
         <load_address>0x437</load_address>
         <run_address>0x437</run_address>
         <size>0x41</size>
         <input_file_ref idref="fl-3"/>
      </object_component>
      <object_component id="oc-2b">
         <name>.debug_line</name>
         <load_address>0x478</load_address>
         <run_address>0x478</run_address>
         <size>0x41</size>
         <input_file_ref idref="fl-3"/>
      </object_component>
      <object_component id="oc-28">
         <name>.debug_line</name>
         <load_address>0x4b9</load_address>
         <run_address>0x4b9</run_address>
         <size>0xa1</size>
         <input_file_ref idref="fl-3"/>
      </object_component>
      <object_component id="oc-36">
         <name>.debug_line</name>
         <load_address>0x55a</load_address>
         <run_address>0x55a</run_address>
         <size>0x20</size>
         <input_file_ref idref="fl-3"/>
      </object_component>
      <object_component id="oc-209">
         <name>.debug_line</name>
         <load_address>0x57a</load_address>
         <run_address>0x57a</run_address>
         <size>0xa3</size>
         <input_file_ref idref="fl-a"/>
      </object_component>
      <object_component id="oc-207">
         <name>.debug_line</name>
         <load_address>0x61d</load_address>
         <run_address>0x61d</run_address>
         <size>0x32</size>
         <input_file_ref idref="fl-a"/>
      </object_component>
      <object_component id="oc-1f2">
         <name>.debug_line</name>
         <load_address>0x64f</load_address>
         <run_address>0x64f</run_address>
         <size>0x32</size>
         <input_file_ref idref="fl-a"/>
      </object_component>
      <object_component id="oc-1f4">
         <name>.debug_line</name>
         <load_address>0x681</load_address>
         <run_address>0x681</run_address>
         <size>0x32</size>
         <input_file_ref idref="fl-a"/>
      </object_component>
      <object_component id="oc-cf">
         <name>.debug_line</name>
         <load_address>0x6b3</load_address>
         <run_address>0x6b3</run_address>
         <size>0x28a</size>
         <input_file_ref idref="fl-a"/>
      </object_component>
      <object_component id="oc-20c">
         <name>.debug_line</name>
         <load_address>0x93d</load_address>
         <run_address>0x93d</run_address>
         <size>0x32</size>
         <input_file_ref idref="fl-a"/>
      </object_component>
      <object_component id="oc-1f0">
         <name>.debug_line</name>
         <load_address>0x96f</load_address>
         <run_address>0x96f</run_address>
         <size>0x2c</size>
         <input_file_ref idref="fl-b"/>
      </object_component>
      <object_component id="oc-c8">
         <name>.debug_line</name>
         <load_address>0x99b</load_address>
         <run_address>0x99b</run_address>
         <size>0x96</size>
         <input_file_ref idref="fl-b"/>
      </object_component>
      <object_component id="oc-212">
         <name>.debug_line</name>
         <load_address>0xa31</load_address>
         <run_address>0xa31</run_address>
         <size>0x33</size>
         <input_file_ref idref="fl-c"/>
      </object_component>
      <object_component id="oc-d6">
         <name>.debug_line</name>
         <load_address>0xa64</load_address>
         <run_address>0xa64</run_address>
         <size>0x93</size>
         <input_file_ref idref="fl-c"/>
      </object_component>
      <object_component id="oc-248">
         <name>.debug_line</name>
         <load_address>0xaf7</load_address>
         <run_address>0xaf7</run_address>
         <size>0x10e</size>
         <input_file_ref idref="fl-d"/>
      </object_component>
      <object_component id="oc-dd">
         <name>.debug_line</name>
         <load_address>0xc05</load_address>
         <run_address>0xc05</run_address>
         <size>0xc5</size>
         <input_file_ref idref="fl-d"/>
      </object_component>
      <object_component id="oc-2dc">
         <name>.debug_line</name>
         <load_address>0xcca</load_address>
         <run_address>0xcca</run_address>
         <size>0x2f</size>
         <input_file_ref idref="fl-c3"/>
      </object_component>
      <object_component id="oc-1b7">
         <name>.debug_line</name>
         <load_address>0xcf9</load_address>
         <run_address>0xcf9</run_address>
         <size>0x55</size>
         <input_file_ref idref="fl-c3"/>
      </object_component>
      <object_component id="oc-231">
         <name>.debug_line</name>
         <load_address>0xd4e</load_address>
         <run_address>0xd4e</run_address>
         <size>0x59</size>
         <input_file_ref idref="fl-c3"/>
      </object_component>
      <object_component id="oc-237">
         <name>.debug_line</name>
         <load_address>0xda7</load_address>
         <run_address>0xda7</run_address>
         <size>0x47</size>
         <input_file_ref idref="fl-c3"/>
      </object_component>
      <object_component id="oc-240">
         <name>.debug_line</name>
         <load_address>0xdee</load_address>
         <run_address>0xdee</run_address>
         <size>0x8f</size>
         <input_file_ref idref="fl-c3"/>
      </object_component>
      <object_component id="oc-245">
         <name>.debug_line</name>
         <load_address>0xe7d</load_address>
         <run_address>0xe7d</run_address>
         <size>0x2f</size>
         <input_file_ref idref="fl-c3"/>
      </object_component>
      <object_component id="oc-39">
         <name>.debug_line</name>
         <load_address>0xeac</load_address>
         <run_address>0xeac</run_address>
         <size>0x88</size>
         <input_file_ref idref="fl-c4"/>
      </object_component>
      <object_component id="oc-14e">
         <name>.debug_line</name>
         <load_address>0xf34</load_address>
         <run_address>0xf34</run_address>
         <size>0x81</size>
         <input_file_ref idref="fl-c5"/>
      </object_component>
      <object_component id="oc-db">
         <name>.debug_line</name>
         <load_address>0xfb5</load_address>
         <run_address>0xfb5</run_address>
         <size>0x5b</size>
         <input_file_ref idref="fl-c6"/>
      </object_component>
      <object_component id="oc-c2">
         <name>.debug_line</name>
         <load_address>0x1010</load_address>
         <run_address>0x1010</run_address>
[...]
               <start_address>0x2000026c</start_address>
               <size>0x4</size>
            </available_space>
            <allocated_space>
               <start_address>0x20000270</start_address>
               <size>0x400</size>
               <logical_group_ref idref="lg-d"/>
            </allocated_space>
            <allocated_space>
               <start_address>0x20000670</start_address>
               <size>0x104</size>
               <logical_group_ref idref="lg-b"/>
            </allocated_space>
            <allocated_space>
               <start_address>0x20000774</start_address>
               <size>0x20</size>
               <logical_group_ref idref="lg-a"/>
            </allocated_space>
            <available_space>
               <start_address>0x20000794</start_address>
               <size>0x786c</size>
            </available_space>
         </usage_details>
      </memory_area>
   </placement_map>
   <cptbl_list>
      <cptbl>
         <name>__TI_cinit_table</name>
         <cprec>
            <name>.data</name>
            <load_address>0x2f58</load_address>
            <load_size>0x12</load_size>
            <run_address>0x20000774</run_address>
            <run_size>0x20</run_size>
            <compression>lzss</compression>
         </cprec>
         <cprec>
            <name>.bss</name>
            <load_address>0x2f78</load_address>
            <load_size>0x8</load_size>
            <run_address>0x20000670</run_address>
            <run_size>0x104</run_size>
            <compression>zero_init</compression>
         </cprec>
         <cprec>
            <name>.vtable</name>
            <load_address>0x2f80</load_address>
            <load_size>0x8</load_size>
            <run_address>0x20000000</run_address>
            <run_size>0x26c</run_size>
            <compression>zero_init</compression>
         </cprec>
      </cptbl>
   </cptbl_list>
   <handler_table>
      <handler_table_name>__TI_handler_table</handler_table_name>
      <handler>
         <index>0x0</index>
         <name>__TI_zero_init</name>
      </handler>
      <handler>
         <index>0x1</index>
         <name>__TI_decompress_lzss</name>
      </handler>
      <handler>
         <index>0x2</index>
         <name>__TI_decompress_none</name>
      </handler>
   </handler_table>
   <symbol_table>
      <symbol id="sm-1">
         <name>__STACK_TOP</name>
         <value>0x20000470</value>
      </symbol>
      <symbol id="sm-2">
         <name>__TI_CINIT_Base</name>
         <value>0x2f88</value>
      </symbol>
      <symbol id="sm-3">
         <name>__TI_CINIT_Limit</name>
         <value>0x2fa0</value>
      </symbol>
      <symbol id="sm-4">
         <name>__TI_Handler_Table_Base</name>
         <value>0x2f6c</value>
      </symbol>
      <symbol id="sm-5">
         <name>__TI_Handler_Table_Limit</name>
         <value>0x2f78</value>
      </symbol>
      <symbol id="sm-6">
         <name>binit</name>
         <value>0xffffffff</value>
      </symbol>
      <symbol id="sm-7">
         <name>__binit__</name>
         <value>0xffffffff</value>
      </symbol>
      <symbol id="sm-8">
         <name>__STACK_SIZE</name>
         <value>0x400</value>
      </symbol>
      <symbol id="sm-9">
         <name>__STACK_END</name>
         <value>0x20000670</value>
      </symbol>
      <symbol id="sm-a">
         <name>__c_args__</name>
         <value>0xffffffff</value>
      </symbol>
      <symbol id="sm-b">
         <name>__TI_pprof_out_hndl</name>
         <value>0xffffffff</value>
      </symbol>
      <symbol id="sm-c">
         <name>__TI_prof_data_start</name>
         <value>0xffffffff</value>
      </symbol>
      <symbol id="sm-d">
         <name>__TI_prof_data_size</name>
         <value>0xffffffff</value>
      </symbol>
      <symbol id="sm-7b">
         <name>checkPushButton</name>
         <value>0x1e09</value>
         <object_component_ref idref="oc-98"/>
      </symbol>
      <symbol id="sm-7c">
         <name>main</name>
         <value>0x1e5d</value>
         <object_component_ref idref="oc-98"/>
      </symbol>
      <symbol id="sm-7d">
         <name>flashLED</name>
         <value>0x1db1</value>
         <object_component_ref idref="oc-98"/>
      </symbol>
      <symbol id="sm-9e">
         <name>ResetISR</name>
         <value>0x2d0f</value>
         <object_component_ref idref="oc-24"/>
      </symbol>
      <symbol id="sm-9f">
         <name>g_pfnVectors</name>
         <value>0x0</value>
         <object_component_ref idref="oc-f"/>
      </symbol>
      <symbol id="sm-fc">
         <name>schdExecute</name>
         <value>0xe65</value>
         <object_component_ref idref="oc-cb"/>
      </symbol>
      <symbol id="sm-fd">
         <name>sysTimeWaitAbsolute</name>
         <value>0xd9f</value>
         <object_component_ref idref="oc-cb"/>
      </symbol>
      <symbol id="sm-fe">
         <name>lpInit</name>
         <value>0xfc7</value>
         <object_component_ref idref="oc-cb"/>
      </symbol>
      <symbol id="sm-ff">
         <name>sysTimeGet</name>
         <value>0xd4f</value>
         <object_component_ref idref="oc-cb"/>
      </symbol>
      <symbol id="sm-100">
         <name>sysTimeReached</name>
         <value>0xd55</value>
         <object_component_ref idref="oc-cb"/>
      </symbol>
      <symbol id="sm-101">
         <name>waitUs</name>
         <value>0xf99</value>
         <object_component_ref idref="oc-cb"/>
      </symbol>
      <symbol id="sm-102">
         <name>sysTimeWait</name>
         <value>0xd7b</value>
         <object_component_ref idref="oc-cb"/>
      </symbol>
      <symbol id="sm-103">
         <name>schdCallback</name>
         <value>0xdeb</value>
         <object_component_ref idref="oc-cb"/>
      </symbol>
      <symbol id="sm-104">
         <name>waitMs</name>
         <value>0xf69</value>
         <object_component_ref idref="oc-cb"/>
      </symbol>
      <symbol id="sm-11f">
         <name>ledInit</name>
         <value>0x223f</value>
         <object_component_ref idref="oc-c5"/>
      </symbol>
      <symbol id="sm-120">
         <name>ledInitForced</name>
         <value>0x221d</value>
         <object_component_ref idref="oc-c5"/>
      </symbol>
      <symbol id="sm-121">
         <name>ledTurnOnOff</name>
         <value>0x2253</value>
         <object_component_ref idref="oc-c5"/>
      </symbol>
      <symbol id="sm-13f">
         <name>pbInitForced</name>
         <value>0x23ed</value>
         <object_component_ref idref="oc-d1"/>
      </symbol>
      <symbol id="sm-140">
         <name>pbInit</name>
         <value>0x2421</value>
         <object_component_ref idref="oc-d1"/>
      </symbol>
      <symbol id="sm-141">
         <name>pbRead</name>
         <value>0x2435</value>
         <object_component_ref idref="oc-d1"/>
      </symbol>
      <symbol id="sm-158">
         <name>uartPutString</name>
         <value>0x2103</value>
         <object_component_ref idref="oc-dc"/>
      </symbol>
      <symbol id="sm-159">
         <name>uprintf</name>
         <value>0x212f</value>
         <object_component_ref idref="oc-dc"/>
      </symbol>
      <symbol id="sm-15a">
         <name>uartInit</name>
         <value>0x20a5</value>
         <object_component_ref idref="oc-dc"/>
      </symbol>
      <symbol id="sm-15b">
         <name>uartPutChar</name>
         <value>0x20df</value>
         <object_component_ref idref="oc-dc"/>
      </symbol>
      <symbol id="sm-15c">
         <name>uartGetChar</name>
         <value>0x20f1</value>
         <object_component_ref idref="oc-dc"/>
      </symbol>
      <symbol id="sm-18b">
         <name>vsnprintf</name>
         <value>0x29e1</value>
         <object_component_ref idref="oc-1b3"/>
      </symbol>
      <symbol id="sm-1a6">
         <name>memcpy</name>
         <value>0x22b9</value>
         <object_component_ref idref="oc-38"/>
      </symbol>
      <symbol id="sm-1a7">
         <name>__aeabi_memcpy</name>
         <value>0x22b9</value>
         <object_component_ref idref="oc-38"/>
      </symbol>
      <symbol id="sm-1a8">
         <name>__aeabi_memcpy8</name>
         <value>0x22b9</value>
         <object_component_ref idref="oc-38"/>
      </symbol>
      <symbol id="sm-1a9">
         <name>__aeabi_memcpy4</name>
         <value>0x22b9</value>
         <object_component_ref idref="oc-38"/>
      </symbol>
      <symbol id="sm-1b6">
         <name>__aeabi_uldivmod</name>
         <value>0x2355</value>
         <object_component_ref idref="oc-14a"/>
      </symbol>
      <symbol id="sm-1c5">
         <name>__aeabi_uidivmod</name>
         <value>0x29a1</value>
         <object_component_ref idref="oc-d7"/>
      </symbol>
      <symbol id="sm-1c6">
         <name>__aeabi_uidiv</name>
         <value>0x29a1</value>
         <object_component_ref idref="oc-d7"/>
      </symbol>
      <symbol id="sm-1df">
         <name>__TI_zero_init_nomemset</name>
         <value>0x2bc5</value>
         <object_component_ref idref="oc-44"/>
      </symbol>
      <symbol id="sm-1f6">
         <name>__TI_decompress_none</name>
         <value>0x2d01</value>
         <object_component_ref idref="oc-18"/>
      </symbol>
      <symbol id="sm-219">
         <name>__TI_decompress_lzss</name>
         <value>0x266d</value>
         <object_component_ref idref="oc-12"/>
      </symbol>
      <symbol id="sm-22c">
         <name>__stack</name>
         <value>0x20000270</value>
         <object_component_ref idref="oc-21"/>
      </symbol>
      <symbol id="sm-22d">
         <name>_c_int00_noargs</name>
         <value>0x2ac9</value>
         <object_component_ref idref="oc-56"/>
      </symbol>
      <symbol id="sm-392">
         <name>__TI_printfi</name>
         <value>0x26d</value>
         <object_component_ref idref="oc-229"/>
      </symbol>
      <symbol id="sm-39c">
         <name>__aeabi_idiv0</name>
         <value>0xcbb</value>
         <object_component_ref idref="oc-18f"/>
      </symbol>
      <symbol id="sm-39d">
         <name>__aeabi_ldiv0</name>
         <value>0xcbb</value>
         <object_component_ref idref="oc-18f"/>
      </symbol>
      <symbol id="sm-3b4">
         <name>__aeabi_dsub</name>
         <value>0x14cd</value>
         <object_component_ref idref="oc-318"/>
      </symbol>
      <symbol id="sm-3b5">
         <name>__aeabi_dadd</name>
         <value>0x14d7</value>
         <object_component_ref idref="oc-318"/>
      </symbol>
      <symbol id="sm-3d7">
         <name>__aeabi_cdcmpeq</name>
         <value>0x2479</value>
         <object_component_ref idref="oc-29e"/>
      </symbol>
      <symbol id="sm-3d8">
         <name>__aeabi_cdcmple</name>
         <value>0x2479</value>
         <object_component_ref idref="oc-29e"/>
      </symbol>
      <symbol id="sm-3d9">
         <name>__aeabi_cdrcmple</name>
         <value>0x24ff</value>
         <object_component_ref idref="oc-303"/>
      </symbol>
      <symbol id="sm-3ed">
         <name>__aeabi_ddiv</name>
         <value>0x192d</value>
         <object_component_ref idref="oc-2fe"/>
      </symbol>
      <symbol id="sm-3f8">
         <name>__aeabi_dmul</name>
         <value>0x1eb5</value>
         <object_component_ref idref="oc-2f9"/>
      </symbol>
      <symbol id="sm-402">
         <name>__aeabi_d2iz</name>
         <value>0x28cd</value>
         <object_component_ref idref="oc-308"/>
      </symbol>
      <symbol id="sm-40c">
         <name>__aeabi_i2d</name>
         <value>0x2b2d</value>
         <object_component_ref idref="oc-313"/>
      </symbol>
      <symbol id="sm-41b">
         <name>__aeabi_memset</name>
         <value>0x2587</value>
         <object_component_ref idref="oc-8c"/>
      </symbol>
      <symbol id="sm-41c">
         <name>memset</name>
         <value>0x258d</value>
         <object_component_ref idref="oc-8c"/>
      </symbol>
      <symbol id="sm-41d">
         <name>__aeabi_memset8</name>
         <value>0x2587</value>
         <object_component_ref idref="oc-8c"/>
      </symbol>
      <symbol id="sm-41e">
         <name>__aeabi_memset4</name>
         <value>0x2587</value>
         <object_component_ref idref="oc-8c"/>
      </symbol>
      <symbol id="sm-41f">
         <name>__aeabi_memclr8</name>
         <value>0x2585</value>
         <object_component_ref idref="oc-8c"/>
      </symbol>
      <symbol id="sm-420">
         <name>__aeabi_memclr4</name>
         <value>0x2585</value>
         <object_component_ref idref="oc-8c"/>
      </symbol>
      <symbol id="sm-421">
         <name>__aeabi_memclr</name>
         <value>0x2585</value>
         <object_component_ref idref="oc-8c"/>
      </symbol>
      <symbol id="sm-449">
         <name>__TI_auto_init_nobinit_nopinit</name>
         <value>0x295d</value>
         <object_component_ref idref="oc-f5"/>
      </symbol>
      <symbol id="sm-453">
         <name>_system_pre_init</name>
         <value>0x2d4b</value>
         <object_component_ref idref="oc-92"/>
      </symbol>
      <symbol id="sm-45f">
         <name>C$$EXIT</name>
         <value>0x2d4f</value>
         <object_component_ref idref="oc-e9"/>
      </symbol>
      <symbol id="sm-460">
         <name>abort</name>
         <value>0x2d4f</value>
         <object_component_ref idref="oc-e9"/>
      </symbol>
      <symbol id="sm-478">
         <name>atoi</name>
         <value>0x2881</value>
         <object_component_ref idref="oc-292"/>
      </symbol>
      <symbol id="sm-483">
         <name>_ctypes_</name>
         <value>0x2d54</value>
         <object_component_ref idref="oc-2f2"/>
      </symbol>
      <symbol id="sm-492">
         <name>ltoa</name>
         <value>0x278f</value>
         <object_component_ref idref="oc-30d"/>
      </symbol>
      <symbol id="sm-4a2">
         <name>memccpy</name>
         <value>0x2be1</value>
         <object_component_ref idref="oc-2bb"/>
      </symbol>
      <symbol id="sm-4b2">
         <name>strchr</name>
         <value>0x2c75</value>
         <object_component_ref idref="oc-344"/>
      </symbol>
      <symbol id="sm-4c0">
         <name>strlen</name>
         <value>0x2cc9</value>
         <object_component_ref idref="oc-28c"/>
      </symbol>
      <symbol id="sm-4d6">
         <name>__aeabi_errno_addr</name>
         <value>0x2d31</value>
         <object_component_ref idref="oc-2c7"/>
      </symbol>
      <symbol id="sm-4d7">
         <name>errno</name>
         <value>0x20000790</value>
         <object_component_ref idref="oc-354"/>
      </symbol>
      <symbol id="sm-4f0">
         <name>wcslen</name>
         <value>0x2cdd</value>
         <object_component_ref idref="oc-2c1"/>
      </symbol>
      <symbol id="sm-510">
         <name>frexpl</name>
         <value>0x26d5</value>
         <object_component_ref idref="oc-338"/>
      </symbol>
      <symbol id="sm-511">
         <name>frexp</name>
         <value>0x26d5</value>
         <object_component_ref idref="oc-338"/>
      </symbol>
      <symbol id="sm-52e">
         <name>scalbn</name>
         <value>0x1ca1</value>
         <object_component_ref idref="oc-33e"/>
      </symbol>
      <symbol id="sm-52f">
         <name>scalbnl</name>
         <value>0x1ca1</value>
         <object_component_ref idref="oc-33e"/>
      </symbol>
      <symbol id="sm-530">
         <name>ldexpl</name>
         <value>0x1ca1</value>
         <object_component_ref idref="oc-33e"/>
      </symbol>
      <symbol id="sm-531">
         <name>ldexp</name>
         <value>0x1ca1</value>
         <object_component_ref idref="oc-33e"/>
      </symbol>
      <symbol id="sm-53b">
         <name>copysign</name>
         <value>0x2c17</value>
         <object_component_ref idref="oc-37f"/>
      </symbol>
      <symbol id="sm-53c">
         <name>copysignl</name>
         <value>0x2c17</value>
         <object_component_ref idref="oc-37f"/>
      </symbol>
      <symbol id="sm-596">
         <name>GPIOPinConfigure</name>
         <value>0x2835</value>
         <object_component_ref idref="oc-195"/>
      </symbol>
      <symbol id="sm-597">
         <name>GPIOPinTypeGPIOInput</name>
         <value>0x2c49</value>
         <object_component_ref idref="oc-179"/>
      </symbol>
      <symbol id="sm-598">
         <name>GPIOPinTypeUART</name>
         <value>0x2c5f</value>
         <object_component_ref idref="oc-19b"/>
      </symbol>
      <symbol id="sm-599">
         <name>GPIOPinTypeGPIOOutput</name>
         <value>0x2bfd</value>
         <object_component_ref idref="oc-134"/>
      </symbol>
      <symbol id="sm-59a">
         <name>GPIOPinRead</name>
         <value>0x2d39</value>
         <object_component_ref idref="oc-185"/>
      </symbol>
      <symbol id="sm-59b">
         <name>GPIODirModeSet</name>
         <value>0x2b5b</value>
         <object_component_ref idref="oc-1e6"/>
      </symbol>
      <symbol id="sm-59c">
         <name>GPIOPinWrite</name>
         <value>0x2d3f</value>
         <object_component_ref idref="oc-13a"/>
      </symbol>
      <symbol id="sm-59d">
         <name>GPIOPadConfigSet</name>
         <value>0x1685</value>
         <object_component_ref idref="oc-17f"/>
      </symbol>
      <symbol id="sm-5b4">
         <name>IntRegister</name>
         <value>0x2a61</value>
         <object_component_ref idref="oc-1fd"/>
      </symbol>
      <symbol id="sm-5b5">
         <name>g_pfnRAMVectors</name>
         <value>0x20000000</value>
         <object_component_ref idref="oc-281"/>
      </symbol>
      <symbol id="sm-608">
         <name>SysCtlClockSet</name>
         <value>0x1fb1</value>
         <object_component_ref idref="oc-150"/>
      </symbol>
      <symbol id="sm-609">
         <name>SysCtlDelay</name>
         <value>0x2d45</value>
         <object_component_ref idref="oc-14f"/>
      </symbol>
      <symbol id="sm-60a">
         <name>SysCtlPeripheralEnable</name>
         <value>0x2a95</value>
         <object_component_ref idref="oc-12e"/>
      </symbol>
      <symbol id="sm-60b">
         <name>SysCtlClockGet</name>
         <value>0x1b89</value>
         <object_component_ref idref="oc-156"/>
      </symbol>
      <symbol id="sm-638">
         <name>SysTickEnable</name>
         <value>0x2c8d</value>
         <object_component_ref idref="oc-16e"/>
      </symbol>
      <symbol id="sm-639">
         <name>SysTickIntRegister</name>
         <value>0x2ba9</value>
         <object_component_ref idref="oc-162"/>
      </symbol>
      <symbol id="sm-63a">
         <name>SysTickIntEnable</name>
         <value>0x2ca1</value>
         <object_component_ref idref="oc-168"/>
      </symbol>
      <symbol id="sm-63b">
         <name>SysTickPeriodSet</name>
         <value>0x2cf1</value>
         <object_component_ref idref="oc-15c"/>
      </symbol>
      <symbol id="sm-66e">
         <name>UARTConfigSetExpClk</name>
         <value>0x2915</value>
         <object_component_ref idref="oc-1a1"/>
      </symbol>
      <symbol id="sm-66f">
         <name>UARTDisable</name>
         <value>0x2b89</value>
         <object_component_ref idref="oc-219"/>
      </symbol>
      <symbol id="sm-670">
         <name>UARTCharPut</name>
         <value>0x2d25</value>
         <object_component_ref idref="oc-1a7"/>
      </symbol>
      <symbol id="sm-671">
         <name>UARTEnable</name>
         <value>0x2cb5</value>
         <object_component_ref idref="oc-21f"/>
      </symbol>
      <symbol id="sm-672">
         <name>UARTCharGet</name>
         <value>0x2d1b</value>
         <object_component_ref idref="oc-1ad"/>
      </symbol>
      <symbol id="sm-674">
         <name>__TI_static_base__</name>
         <value>0x0</value>
      </symbol>
      <symbol id="sm-677">
         <name>__mpu_init</name>
         <value>0x0</value>
      </symbol>
      <symbol id="sm-678">
         <name>_system_post_cinit</name>
         <value>0x0</value>
      </symbol>
   </symbol_table>
   <title>Link successful</title>
</link_info>
