******************************************************************************
                  TI ARM Linker PC v18.12.4                    
******************************************************************************
>> Linked Tue Sep 22 09:38:38 2020

OUTPUT FILE NAME:   <Lab2.out>
ENTRY POINT SYMBOL: "_c_int00_noargs"  address: 00002d19


MEMORY CONFIGURATION

         name            origin    length      used     unused   attr    fill
----------------------  --------  ---------  --------  --------  ----  --------
  FLASH                 00000000   00040000  000031f2  0003ce0e  R  X
  SRAM                  20000000   00008000  00000590  00007a70  RW X


SEGMENT ALLOCATION MAP

run origin  load origin   length   init length attrs members
----------  ----------- ---------- ----------- ----- -------
00000000    00000000    000031f8   000031f8    r-x
  00000000    00000000    0000026c   0000026c    r-- .intvecs
  0000026c    0000026c    00002d36   00002d36    r-x .text
  00002fa4    00002fa4    00000200   00000200    r-- .const
  000031a8    000031a8    00000050   00000050    r-- .cinit
20000000    20000000    00000594   00000000    rw-
  20000000    20000000    0000026c   00000000    rw- .vtable
  20000270    20000270    00000200   00000000    rw- .stack
  20000470    20000470    00000104   00000000    rw- .bss
  20000574    20000574    00000020   00000000    rw- .data


SECTION ALLOCATION MAP

 output                                  attributes/
section   page    origin      length       input sections
--------  ----  ----------  ----------   ----------------
.intvecs   0    00000000    0000026c     
                  00000000    0000026c     tm4c123gh6pm_startup_ccs.obj (.intvecs)

.text      0    0000026c    00002d36     
                  0000026c    00000a4e     rtsv7M4_T_le_v4SPD16_eabi.lib : _printfi.c.obj (.text:__TI_printfi)
                  00000cba    00000002                                   : div0.asm.obj (.text)
                  00000cbc    000003d0     Util.lib : launchpad.obj (.text)
                  0000108c    00000270     rtsv7M4_T_le_v4SPD16_eabi.lib : _printfi.c.obj (.text:_pconv_a)
                  000012fc    000001fc     seg7.obj (.text)
                  000014f8    000001d0     rtsv7M4_T_le_v4SPD16_eabi.lib : _printfi.c.obj (.text:_pconv_g)
                  000016c8    000001b6                                   : fd_add_t2.asm.obj (.text)
                  0000187e    00000002     --HOLE-- [fill = 0]
                  00001880    0000016c     driverlib.lib : gpio.obj (.text:GPIOPadConfigSet)
                  000019ec    00000158     main.obj (.text)
                  00001b44    0000013c     rtsv7M4_T_le_v4SPD16_eabi.lib : _printfi.c.obj (.text:_pconv_e)
                  00001c80    00000136                                   : fd_div_t2.asm.obj (.text)
                  00001db6    00000002     --HOLE-- [fill = 0]
                  00001db8    00000124                                   : _printfi.c.obj (.text:fcvt)
                  00001edc    00000118     driverlib.lib : sysctl.obj (.text:SysCtlClockGet)
                  00001ff4    00000110     rtsv7M4_T_le_v4SPD16_eabi.lib : s_scalbn.c.obj (.text:scalbn)
                  00002104    000000fc                                   : fd_mul_t2.asm.obj (.text)
                  00002200    000000f4     driverlib.lib : sysctl.obj (.text:SysCtlClockSet)
                  000022f4    000000c4     Util.lib : uart.obj (.text)
                  000023b8    000000b1     rtsv7M4_T_le_v4SPD16_eabi.lib : _printfi.c.obj (.text:_ltostr)
                  00002469    00000003     --HOLE-- [fill = 0]
                  0000246c    0000009c     Util.lib : led.obj (.text)
                  00002508    0000009c     rtsv7M4_T_le_v4SPD16_eabi.lib : memcpy_t2.asm.obj (.text)
                  000025a4    00000096                                   : ull_div_t2.asm.obj (.text)
                  0000263a    00000002     --HOLE-- [fill = 0]
                  0000263c    0000008c     Util.lib : pushbutton.obj (.text)
                  000026c8    00000086     rtsv7M4_T_le_v4SPD16_eabi.lib : fd_cmp_t2.asm.obj (.text:__aeabi_cdcmple)
                  0000274e    00000086                                   : fd_cmp_t2.asm.obj (.text:__aeabi_cdrcmple)
                  000027d4    0000007a                                   : memset_t2.asm.obj (.text)
                  0000284e    0000006e                                   : _printfi.c.obj (.text:_mcpy)
                  000028bc    00000068                                   : copy_decompress_lzss.c.obj (.text:decompress:lzss:__TI_decompress_lzss)
                  00002924    00000064                                   : s_frexp.c.obj (.text:frexp)
                  00002988    00000056                                   : _printfi.c.obj (.text:_pconv_f)
                  000029de    00000054                                   : ltoa.c.obj (.text:ltoa)
                  00002a32    00000052                                   : _printfi.c.obj (.text:_ecpy)
                  00002a84    0000004c     driverlib.lib : gpio.obj (.text:GPIOPinConfigure)
                  00002ad0    0000004c     rtsv7M4_T_le_v4SPD16_eabi.lib : atoi.c.obj (.text:atoi)
                  00002b1c    00000048                                   : fd_toi_t2.asm.obj (.text)
                  00002b64    00000046     driverlib.lib : uart.obj (.text:UARTConfigSetExpClk)
                  00002baa    00000002     --HOLE-- [fill = 0]
                  00002bac    00000044     rtsv7M4_T_le_v4SPD16_eabi.lib : autoinit.c.obj (.text:__TI_auto_init_nobinit_nopinit:__TI_auto_init_nobinit_nopinit)
                  00002bf0    00000040                                   : u_divt2.asm.obj (.text)
                  00002c30    00000040                                   : vsnprintf.c.obj (.text:vsnprintf)
                  00002c70    0000003e                                   : _printfi.c.obj (.text:_fcpy)
                  00002cae    00000002     --HOLE-- [fill = 0]
                  00002cb0    00000034     driverlib.lib : interrupt.obj (.text:IntRegister)
                  00002ce4    00000034                   : sysctl.obj (.text:SysCtlPeripheralEnable)
                  00002d18    00000034     rtsv7M4_T_le_v4SPD16_eabi.lib : boot_cortex_m.c.obj (.text:_c_int00_noargs:_c_int00_noargs)
                  00002d4c    00000030                                   : vsnprintf.c.obj (.text:_outs)
                  00002d7c    0000002e                                   : i_tofd_t2.asm.obj (.text)
                  00002daa    0000002c     driverlib.lib : gpio.obj (.text:GPIODirModeSet)
                  00002dd6    00000002     --HOLE-- [fill = 0]
                  00002dd8    00000020                   : uart.obj (.text:UARTDisable)
                  00002df8    0000001c                   : systick.obj (.text:SysTickIntRegister)
                  00002e14    0000001c     rtsv7M4_T_le_v4SPD16_eabi.lib : copy_zero_init.c.obj (.text:decompress:ZI:__TI_zero_init_nomemset:__TI_zero_init_nomemset)
                  00002e30    0000001c                                   : memccpy.c.obj (.text:memccpy)
                  00002e4c    0000001a     driverlib.lib : gpio.obj (.text:GPIOPinTypeGPIOOutput)
                  00002e66    0000001a     rtsv7M4_T_le_v4SPD16_eabi.lib : s_copysign.c.obj (.text:copysign)
                  00002e80    00000018                                   : vsnprintf.c.obj (.text:_outc)
                  00002e98    00000016     driverlib.lib : gpio.obj (.text:GPIOPinTypeGPIOInput)
                  00002eae    00000016                   : gpio.obj (.text:GPIOPinTypeUART)
                  00002ec4    00000016     rtsv7M4_T_le_v4SPD16_eabi.lib : strchr.c.obj (.text:strchr)
                  00002eda    00000002     --HOLE-- [fill = 0]
                  00002edc    00000014     driverlib.lib : systick.obj (.text:SysTickEnable)
                  00002ef0    00000014                   : systick.obj (.text:SysTickIntEnable)
                  00002f04    00000014                   : uart.obj (.text:UARTEnable)
                  00002f18    00000014     rtsv7M4_T_le_v4SPD16_eabi.lib : strlen.c.obj (.text:strlen)
                  00002f2c    00000012                                   : wcslen.c.obj (.text:wcslen)
                  00002f3e    00000002     --HOLE-- [fill = 0]
                  00002f40    00000010     driverlib.lib : systick.obj (.text:SysTickPeriodSet)
                  00002f50    0000000e     rtsv7M4_T_le_v4SPD16_eabi.lib : copy_decompress_none.c.obj (.text:decompress:none:__TI_decompress_none)
                  00002f5e    0000000c     tm4c123gh6pm_startup_ccs.obj (.text)
                  00002f6a    0000000a     driverlib.lib : uart.obj (.text:UARTCharGet)
                  00002f74    0000000a                   : uart.obj (.text:UARTCharPut)
                  00002f7e    00000002     --HOLE-- [fill = 0]
                  00002f80    00000008     rtsv7M4_T_le_v4SPD16_eabi.lib : errno.c.obj (.text:__aeabi_errno_addr)
                  00002f88    00000006     driverlib.lib : gpio.obj (.text:GPIOPinRead)
                  00002f8e    00000006                   : gpio.obj (.text:GPIOPinWrite)
                  00002f94    00000006                   : sysctl.obj (.text:SysCtlDelay)
                  00002f9a    00000004     rtsv7M4_T_le_v4SPD16_eabi.lib : pre_init.c.obj (.text:_system_pre_init)
                  00002f9e    00000004                                   : exit.c.obj (.text:abort:abort)

.const     0    00002fa4    00000200     
                  00002fa4    00000101     rtsv7M4_T_le_v4SPD16_eabi.lib : ctype.c.obj (.const:.string:_ctypes_)
                  000030a5    00000003     --HOLE-- [fill = 0]
                  000030a8    00000090     driverlib.lib : gpio.obj (.const:g_pui32GPIOBaseAddrs)
                  00003138    0000006c                   : sysctl.obj (.const:g_pui32Xtals)

.cinit     0    000031a8    00000050     
                  000031a8    00000018     (.cinit..data.load) [load image, compression = lzss]
                  000031c0    0000000c     (__TI_handler_table)
                  000031cc    00000004     --HOLE-- [fill = 0]
                  000031d0    00000008     (.cinit..bss.load) [load image, compression = zero_init]
                  000031d8    00000008     (.cinit..vtable.load) [load image, compression = zero_init]
                  000031e0    00000018     (__TI_cinit_table)

.init_array 
*          0    00000000    00000000     UNINITIALIZED

.vtable    0    20000000    0000026c     UNINITIALIZED
                  20000000    0000026c     driverlib.lib : interrupt.obj (.vtable)

.bss       0    20000470    00000104     UNINITIALIZED
                  20000470    00000100     Util.lib : launchpad.obj (.bss:callbackHeap)
                  20000570    00000004              : launchpad.obj (.bss)

.data      0    20000574    00000020     UNINITIALIZED
                  20000574    0000000a     main.obj (.data:seg7Coding)
                  2000057e    00000001     Util.lib : led.obj (.data)
                  2000057f    00000001              : pushbutton.obj (.data)
                  20000580    00000008              : launchpad.obj (.data)
                  20000588    00000008     main.obj (.data)
                  20000590    00000004     rtsv7M4_T_le_v4SPD16_eabi.lib : errno.c.obj (.data)

.stack     0    20000270    00000200     UNINITIALIZED
                  20000270    00000004     rtsv7M4_T_le_v4SPD16_eabi.lib : boot_cortex_m.c.obj (.stack)
                  20000274    000001fc     --HOLE--

MODULE SUMMARY

       Module                         code    ro data   rw data
       ------                         ----    -------   -------
    .\
       tm4c123gh6pm_startup_ccs.obj   12      620       0      
       seg7.obj                       508     0         0      
       main.obj                       344     0         18     
    +--+------------------------------+-------+---------+---------+
       Total:                         864     620       18     
                                                               
    C:/ti/TivaWare_C_Series-2.2.0.295/driverlib/ccs/Debug/driverlib.lib
       gpio.obj                       566     144       0      
       sysctl.obj                     582     108       0      
       interrupt.obj                  52      0         620    
       uart.obj                       142     0         0      
       systick.obj                    84      0         0      
    +--+------------------------------+-------+---------+---------+
       Total:                         1426    252       620    
                                                               
    C:\ti\ccs930\ccs\tools\compiler\ti-cgt-arm_18.12.4.LTS\lib\rtsv7M4_T_le_v4SPD16_eabi.lib
       _printfi.c.obj                 4851    0         0      
       fd_add_t2.asm.obj              438     0         0      
       fd_div_t2.asm.obj              310     0         0      
       s_scalbn.c.obj                 272     0         0      
       fd_cmp_t2.asm.obj              268     0         0      
       ctype.c.obj                    0       257       0      
       fd_mul_t2.asm.obj              252     0         0      
       memcpy_t2.asm.obj              156     0         0      
       ull_div_t2.asm.obj             150     0         0      
       vsnprintf.c.obj                136     0         0      
       memset_t2.asm.obj              122     0         0      
       copy_decompress_lzss.c.obj     104     0         0      
       s_frexp.c.obj                  100     0         0      
       ltoa.c.obj                     84      0         0      
       atoi.c.obj                     76      0         0      
       fd_toi_t2.asm.obj              72      0         0      
       autoinit.c.obj                 68      0         0      
       u_divt2.asm.obj                64      0         0      
       boot_cortex_m.c.obj            52      0         0      
       i_tofd_t2.asm.obj              46      0         0      
       copy_zero_init.c.obj           28      0         0      
       memccpy.c.obj                  28      0         0      
       s_copysign.c.obj               26      0         0      
       strchr.c.obj                   22      0         0      
       strlen.c.obj                   20      0         0      
       wcslen.c.obj                   18      0         0      
       copy_decompress_none.c.obj     14      0         0      
       errno.c.obj                    8       0         4      
       exit.c.obj                     4       0         0      
       pre_init.c.obj                 4       0         0      
       div0.asm.obj                   2       0         0      
    +--+------------------------------+-------+---------+---------+
       Total:                         7795    257       4      
                                                               
    D:/Git Repos/LabGroupA1/Util/Debug/Util.lib
       launchpad.obj                  976     0         268    
       uart.obj                       196     0         0      
       led.obj                        156     0         1      
       pushbutton.obj                 140     0         1      
    +--+------------------------------+-------+---------+---------+
       Total:                         1468    0         270    
                                                               
       Stack:                         0       0         512    
       Linker Generated:              0       76        0      
    +--+------------------------------+-------+---------+---------+
       Grand Total:                   11553   1205      1424   


LINKER GENERATED COPY TABLES

__TI_cinit_table @ 000031e0 records: 3, size/record: 8, table size: 24
	.data: load addr=000031a8, load size=00000018 bytes, run addr=20000574, run size=00000020 bytes, compression=lzss
	.bss: load addr=000031d0, load size=00000008 bytes, run addr=20000470, run size=00000104 bytes, compression=zero_init
	.vtable: load addr=000031d8, load size=00000008 bytes, run addr=20000000, run size=0000026c bytes, compression=zero_init


LINKER GENERATED HANDLER TABLE

__TI_handler_table @ 000031c0 records: 3, size/record: 4, table size: 12
	index: 0, handler: __TI_zero_init
	index: 1, handler: __TI_decompress_lzss
	index: 2, handler: __TI_decompress_none


GLOBAL SYMBOLS: SORTED ALPHABETICALLY BY Name 

address   name                          
-------   ----                          
00002f9f  C$$EXIT                       
00002dab  GPIODirModeSet                
00001881  GPIOPadConfigSet              
00002a85  GPIOPinConfigure              
00002f89  GPIOPinRead                   
00002e99  GPIOPinTypeGPIOInput          
00002e4d  GPIOPinTypeGPIOOutput         
00002eaf  GPIOPinTypeUART               
00002f8f  GPIOPinWrite                  
00002cb1  IntRegister                   
00002f5f  ResetISR                      
00001edd  SysCtlClockGet                
00002201  SysCtlClockSet                
00002f95  SysCtlDelay                   
00002ce5  SysCtlPeripheralEnable        
00002edd  SysTickEnable                 
00002ef1  SysTickIntEnable              
00002df9  SysTickIntRegister            
00002f41  SysTickPeriodSet              
00002f6b  UARTCharGet                   
00002f75  UARTCharPut                   
00002b65  UARTConfigSetExpClk           
00002dd9  UARTDisable                   
00002f05  UARTEnable                    
20000470  __STACK_END                   
00000200  __STACK_SIZE                  
20000470  __STACK_TOP                   
000031e0  __TI_CINIT_Base               
000031f8  __TI_CINIT_Limit              
000031c0  __TI_Handler_Table_Base       
000031cc  __TI_Handler_Table_Limit      
00002bad  __TI_auto_init_nobinit_nopinit
000028bd  __TI_decompress_lzss          
00002f51  __TI_decompress_none          
ffffffff  __TI_pprof_out_hndl           
0000026d  __TI_printfi                  
ffffffff  __TI_prof_data_size           
ffffffff  __TI_prof_data_start          
00000000  __TI_static_base__            
00002e15  __TI_zero_init_nomemset       
000026c9  __aeabi_cdcmpeq               
000026c9  __aeabi_cdcmple               
0000274f  __aeabi_cdrcmple              
00002b1d  __aeabi_d2iz                  
000016d3  __aeabi_dadd                  
00001c81  __aeabi_ddiv                  
00002105  __aeabi_dmul                  
000016c9  __aeabi_dsub                  
00002f81  __aeabi_errno_addr            
00002d7d  __aeabi_i2d                   
00000cbb  __aeabi_idiv0                 
00000cbb  __aeabi_ldiv0                 
000027d5  __aeabi_memclr                
000027d5  __aeabi_memclr4               
000027d5  __aeabi_memclr8               
00002509  __aeabi_memcpy                
00002509  __aeabi_memcpy4               
00002509  __aeabi_memcpy8               
000027d7  __aeabi_memset                
000027d7  __aeabi_memset4               
000027d7  __aeabi_memset8               
00002bf1  __aeabi_uidiv                 
00002bf1  __aeabi_uidivmod              
000025a5  __aeabi_uldivmod              
ffffffff  __binit__                     
ffffffff  __c_args__                    
UNDEFED   __mpu_init                    
20000270  __stack                       
00002d19  _c_int00_noargs               
00002fa4  _ctypes_                      
UNDEFED   _system_post_cinit            
00002f9b  _system_pre_init              
00002f9f  abort                         
00002ad1  atoi                          
ffffffff  binit                         
00001aa5  checkPushButton               
000019ed  clockUpdate                   
00002e67  copysign                      
00002e67  copysignl                     
20000590  errno                         
00002925  frexp                         
00002925  frexpl                        
20000000  g_pfnRAMVectors               
00000000  g_pfnVectors                  
00001ff5  ldexp                         
00001ff5  ldexpl                        
0000248f  ledInit                       
0000246d  ledInitForced                 
000024a3  ledTurnOnOff                  
00000fc7  lpInit                        
000029df  ltoa                          
00001ae9  main                          
00002e31  memccpy                       
00002509  memcpy                        
000027dd  memset                        
00002671  pbInit                        
0000263d  pbInitForced                  
00002685  pbRead                        
00001ff5  scalbn                        
00001ff5  scalbnl                       
00000deb  schdCallback                  
00000e65  schdExecute                   
000012fd  seg7Init                      
00001489  seg7Update                    
00002ec5  strchr                        
00002f19  strlen                        
00000d4f  sysTimeGet                    
00000d55  sysTimeReached                
00000d7b  sysTimeWait                   
00000d9f  sysTimeWaitAbsolute           
00002341  uartGetChar                   
000022f5  uartInit                      
0000232f  uartPutChar                   
00002353  uartPutString                 
0000237f  uprintf                       
00002c31  vsnprintf                     
00000f69  waitMs                        
00000f99  waitUs                        
00002f2d  wcslen                        


GLOBAL SYMBOLS: SORTED BY Symbol Address 

address   name                          
-------   ----                          
00000000  __TI_static_base__            
00000000  g_pfnVectors                  
00000200  __STACK_SIZE                  
0000026d  __TI_printfi                  
00000cbb  __aeabi_idiv0                 
00000cbb  __aeabi_ldiv0                 
00000d4f  sysTimeGet                    
00000d55  sysTimeReached                
00000d7b  sysTimeWait                   
00000d9f  sysTimeWaitAbsolute           
00000deb  schdCallback                  
00000e65  schdExecute                   
00000f69  waitMs                        
00000f99  waitUs                        
00000fc7  lpInit                        
000012fd  seg7Init                      
00001489  seg7Update                    
000016c9  __aeabi_dsub                  
000016d3  __aeabi_dadd                  
00001881  GPIOPadConfigSet              
000019ed  clockUpdate                   
00001aa5  checkPushButton               
00001ae9  main                          
00001c81  __aeabi_ddiv                  
00001edd  SysCtlClockGet                
00001ff5  ldexp                         
00001ff5  ldexpl                        
00001ff5  scalbn                        
00001ff5  scalbnl                       
00002105  __aeabi_dmul                  
00002201  SysCtlClockSet                
000022f5  uartInit                      
0000232f  uartPutChar                   
00002341  uartGetChar                   
00002353  uartPutString                 
0000237f  uprintf                       
0000246d  ledInitForced                 
0000248f  ledInit                       
000024a3  ledTurnOnOff                  
00002509  __aeabi_memcpy                
00002509  __aeabi_memcpy4               
00002509  __aeabi_memcpy8               
00002509  memcpy                        
000025a5  __aeabi_uldivmod              
0000263d  pbInitForced                  
00002671  pbInit                        
00002685  pbRead                        
000026c9  __aeabi_cdcmpeq               
000026c9  __aeabi_cdcmple               
0000274f  __aeabi_cdrcmple              
000027d5  __aeabi_memclr                
000027d5  __aeabi_memclr4               
000027d5  __aeabi_memclr8               
000027d7  __aeabi_memset                
000027d7  __aeabi_memset4               
000027d7  __aeabi_memset8               
000027dd  memset                        
000028bd  __TI_decompress_lzss          
00002925  frexp                         
00002925  frexpl                        
000029df  ltoa                          
00002a85  GPIOPinConfigure              
00002ad1  atoi                          
00002b1d  __aeabi_d2iz                  
00002b65  UARTConfigSetExpClk           
00002bad  __TI_auto_init_nobinit_nopinit
00002bf1  __aeabi_uidiv                 
00002bf1  __aeabi_uidivmod              
00002c31  vsnprintf                     
00002cb1  IntRegister                   
00002ce5  SysCtlPeripheralEnable        
00002d19  _c_int00_noargs               
00002d7d  __aeabi_i2d                   
00002dab  GPIODirModeSet                
00002dd9  UARTDisable                   
00002df9  SysTickIntRegister            
00002e15  __TI_zero_init_nomemset       
00002e31  memccpy                       
00002e4d  GPIOPinTypeGPIOOutput         
00002e67  copysign                      
00002e67  copysignl                     
00002e99  GPIOPinTypeGPIOInput          
00002eaf  GPIOPinTypeUART               
00002ec5  strchr                        
00002edd  SysTickEnable                 
00002ef1  SysTickIntEnable              
00002f05  UARTEnable                    
00002f19  strlen                        
00002f2d  wcslen                        
00002f41  SysTickPeriodSet              
00002f51  __TI_decompress_none          
00002f5f  ResetISR                      
00002f6b  UARTCharGet                   
00002f75  UARTCharPut                   
00002f81  __aeabi_errno_addr            
00002f89  GPIOPinRead                   
00002f8f  GPIOPinWrite                  
00002f95  SysCtlDelay                   
00002f9b  _system_pre_init              
00002f9f  C$$EXIT                       
00002f9f  abort                         
00002fa4  _ctypes_                      
000031c0  __TI_Handler_Table_Base       
000031cc  __TI_Handler_Table_Limit      
000031e0  __TI_CINIT_Base               
000031f8  __TI_CINIT_Limit              
20000000  g_pfnRAMVectors               
20000270  __stack                       
20000470  __STACK_END                   
20000470  __STACK_TOP                   
20000590  errno                         
ffffffff  __TI_pprof_out_hndl           
ffffffff  __TI_prof_data_size           
ffffffff  __TI_prof_data_start          
ffffffff  __binit__                     
ffffffff  __c_args__                    
ffffffff  binit                         
UNDEFED   __mpu_init                    
UNDEFED   _system_post_cinit            

[119 symbols]
