<?xml version="1.0" encoding="ISO-8859-1" ?>
<link_info>
   <banner>TI ARM Linker PC v18.12.4.LTS</banner>
   <copyright>Copyright (c) 1996-2018 Texas Instruments Incorporated</copyright>
   <link_time>0x5f56a349</link_time>
   <link_errors>0x0</link_errors>
   <output_file>Lab 1.out</output_file>
   <entry_point>
      <name>_c_int00_noargs</name>
      <address>0x2acd</address>
   </entry_point>
   <input_file_list>
      <input_file id="fl-2">
         <path>.\</path>
         <kind>object</kind>
         <file>main.obj</file>
         <name>main.obj</name>
      </input_file>
      <input_file id="fl-3">
         <path>.\</path>
         <kind>object</kind>
         <file>tm4c123gh6pm_startup_ccs.obj</file>
         <name>tm4c123gh6pm_startup_ccs.obj</name>
      </input_file>
      <input_file id="fl-9">
         <kind>object</kind>
         <file>&lt;internal&gt;</file>
         <name>&lt;internal&gt;</name>
      </input_file>
      <input_file id="fl-bf">
         <path>C:\ti\ccs930\ccs\tools\compiler\ti-cgt-arm_18.12.4.LTS\lib\</path>
         <kind>archive</kind>
         <file>rtsv7M4_T_le_v4SPD16_eabi.lib</file>
         <name>u_divt2.asm.obj</name>
      </input_file>
      <input_file id="fl-c0">
         <path>C:\ti\ccs930\ccs\tools\compiler\ti-cgt-arm_18.12.4.LTS\lib\</path>
         <kind>archive</kind>
         <file>rtsv7M4_T_le_v4SPD16_eabi.lib</file>
         <name>copy_zero_init.c.obj</name>
      </input_file>
      <input_file id="fl-c1">
         <path>C:\ti\ccs930\ccs\tools\compiler\ti-cgt-arm_18.12.4.LTS\lib\</path>
         <kind>archive</kind>
         <file>rtsv7M4_T_le_v4SPD16_eabi.lib</file>
         <name>copy_decompress_none.c.obj</name>
      </input_file>
      <input_file id="fl-c2">
         <path>C:\ti\ccs930\ccs\tools\compiler\ti-cgt-arm_18.12.4.LTS\lib\</path>
         <kind>archive</kind>
         <file>rtsv7M4_T_le_v4SPD16_eabi.lib</file>
         <name>copy_decompress_lzss.c.obj</name>
      </input_file>
      <input_file id="fl-c3">
         <path>C:\ti\ccs930\ccs\tools\compiler\ti-cgt-arm_18.12.4.LTS\lib\</path>
         <kind>archive</kind>
         <file>rtsv7M4_T_le_v4SPD16_eabi.lib</file>
         <name>boot_cortex_m.c.obj</name>
      </input_file>
      <input_file id="fl-c4">
         <path>C:\ti\ccs930\ccs\tools\compiler\ti-cgt-arm_18.12.4.LTS\lib\</path>
         <kind>archive</kind>
         <file>rtsv7M4_T_le_v4SPD16_eabi.lib</file>
         <name>div0.asm.obj</name>
      </input_file>
      <input_file id="fl-c5">
         <path>C:\ti\ccs930\ccs\tools\compiler\ti-cgt-arm_18.12.4.LTS\lib\</path>
         <kind>archive</kind>
         <file>rtsv7M4_T_le_v4SPD16_eabi.lib</file>
         <name>memcpy_t2.asm.obj</name>
      </input_file>
      <input_file id="fl-c6">
         <path>C:\ti\ccs930\ccs\tools\compiler\ti-cgt-arm_18.12.4.LTS\lib\</path>
         <kind>archive</kind>
         <file>rtsv7M4_T_le_v4SPD16_eabi.lib</file>
         <name>memset_t2.asm.obj</name>
      </input_file>
      <input_file id="fl-c7">
         <path>C:\ti\ccs930\ccs\tools\compiler\ti-cgt-arm_18.12.4.LTS\lib\</path>
         <kind>archive</kind>
         <file>rtsv7M4_T_le_v4SPD16_eabi.lib</file>
         <name>autoinit.c.obj</name>
      </input_file>
      <input_file id="fl-c8">
         <path>C:\ti\ccs930\ccs\tools\compiler\ti-cgt-arm_18.12.4.LTS\lib\</path>
         <kind>archive</kind>
         <file>rtsv7M4_T_le_v4SPD16_eabi.lib</file>
         <name>pre_init.c.obj</name>
      </input_file>
      <input_file id="fl-c9">
         <path>C:\ti\ccs930\ccs\tools\compiler\ti-cgt-arm_18.12.4.LTS\lib\</path>
         <kind>archive</kind>
         <file>rtsv7M4_T_le_v4SPD16_eabi.lib</file>
         <name>cpy_tbl.c.obj</name>
      </input_file>
      <input_file id="fl-ca">
         <path>C:\ti\ccs930\ccs\tools\compiler\ti-cgt-arm_18.12.4.LTS\lib\</path>
         <kind>archive</kind>
         <file>rtsv7M4_T_le_v4SPD16_eabi.lib</file>
         <name>exit.c.obj</name>
      </input_file>
      <input_file id="fl-cb">
         <path>C:\ti\ccs930\ccs\tools\compiler\ti-cgt-arm_18.12.4.LTS\lib\</path>
         <kind>archive</kind>
         <file>rtsv7M4_T_le_v4SPD16_eabi.lib</file>
         <name>_lock.c.obj</name>
      </input_file>
      <input_file id="fl-cc">
         <path>C:\ti\ccs930\ccs\tools\compiler\ti-cgt-arm_18.12.4.LTS\lib\</path>
         <kind>archive</kind>
         <file>rtsv7M4_T_le_v4SPD16_eabi.lib</file>
         <name>args_main.c.obj</name>
      </input_file>
      <input_file id="fl-cd">
         <path>D:\Util\Util\Debug\</path>
         <kind>archive</kind>
         <file>Util.lib</file>
         <name>launchpad.obj</name>
      </input_file>
      <input_file id="fl-ce">
         <path>D:\Util\Util\Debug\</path>
         <kind>archive</kind>
         <file>Util.lib</file>
         <name>led.obj</name>
      </input_file>
      <input_file id="fl-cf">
         <path>D:\Util\Util\Debug\</path>
         <kind>archive</kind>
         <file>Util.lib</file>
         <name>pushbutton.obj</name>
      </input_file>
      <input_file id="fl-d0">
         <path>D:\Util\Util\Debug\</path>
         <kind>archive</kind>
         <file>Util.lib</file>
         <name>uart.obj</name>
      </input_file>
      <input_file id="fl-d1">
         <path>C:\ti\TivaWare_C_Series-2.2.0.295\driverlib\ccs\Debug\</path>
         <kind>archive</kind>
         <file>driverlib.lib</file>
         <name>gpio.obj</name>
      </input_file>
      <input_file id="fl-d2">
         <path>C:\ti\TivaWare_C_Series-2.2.0.295\driverlib\ccs\Debug\</path>
         <kind>archive</kind>
         <file>driverlib.lib</file>
         <name>interrupt.obj</name>
      </input_file>
      <input_file id="fl-d3">
         <path>C:\ti\TivaWare_C_Series-2.2.0.295\driverlib\ccs\Debug\</path>
         <kind>archive</kind>
         <file>driverlib.lib</file>
         <name>sysctl.obj</name>
      </input_file>
      <input_file id="fl-d4">
         <path>C:\ti\TivaWare_C_Series-2.2.0.295\driverlib\ccs\Debug\</path>
         <kind>archive</kind>
         <file>driverlib.lib</file>
         <name>systick.obj</name>
      </input_file>
      <input_file id="fl-d5">
         <path>C:\ti\TivaWare_C_Series-2.2.0.295\driverlib\ccs\Debug\</path>
         <kind>archive</kind>
         <file>driverlib.lib</file>
         <name>uart.obj</name>
      </input_file>
      <input_file id="fl-d6">
         <path>C:\ti\TivaWare_C_Series-2.2.0.295\driverlib\ccs\Debug\</path>
         <kind>archive</kind>
         <file>driverlib.lib</file>
         <name>cpu.obj</name>
      </input_file>
      <input_file id="fl-d7">
         <path>C:\ti\ccs930\ccs\tools\compiler\ti-cgt-arm_18.12.4.LTS\lib\</path>
         <kind>archive</kind>
         <file>rtsv7M4_T_le_v4SPD16_eabi.lib</file>
         <name>vsnprintf.c.obj</name>
      </input_file>
      <input_file id="fl-d8">
         <path>C:\ti\ccs930\ccs\tools\compiler\ti-cgt-arm_18.12.4.LTS\lib\</path>
         <kind>archive</kind>
         <file>rtsv7M4_T_le_v4SPD16_eabi.lib</file>
         <name>ull_div_t2.asm.obj</name>
      </input_file>
      <input_file id="fl-d9">
         <path>C:\ti\ccs930\ccs\tools\compiler\ti-cgt-arm_18.12.4.LTS\lib\</path>
         <kind>archive</kind>
         <file>rtsv7M4_T_le_v4SPD16_eabi.lib</file>
         <name>_printfi.c.obj</name>
      </input_file>
      <input_file id="fl-da">
         <path>C:\ti\ccs930\ccs\tools\compiler\ti-cgt-arm_18.12.4.LTS\lib\</path>
         <kind>archive</kind>
         <file>rtsv7M4_T_le_v4SPD16_eabi.lib</file>
         <name>fd_add_t2.asm.obj</name>
      </input_file>
      <input_file id="fl-db">
         <path>C:\ti\ccs930\ccs\tools\compiler\ti-cgt-arm_18.12.4.LTS\lib\</path>
         <kind>archive</kind>
         <file>rtsv7M4_T_le_v4SPD16_eabi.lib</file>
         <name>fd_cmp_t2.asm.obj</name>
      </input_file>
      <input_file id="fl-dc">
         <path>C:\ti\ccs930\ccs\tools\compiler\ti-cgt-arm_18.12.4.LTS\lib\</path>
         <kind>archive</kind>
         <file>rtsv7M4_T_le_v4SPD16_eabi.lib</file>
         <name>fd_div_t2.asm.obj</name>
      </input_file>
      <input_file id="fl-dd">
         <path>C:\ti\ccs930\ccs\tools\compiler\ti-cgt-arm_18.12.4.LTS\lib\</path>
         <kind>archive</kind>
         <file>rtsv7M4_T_le_v4SPD16_eabi.lib</file>
         <name>fd_mul_t2.asm.obj</name>
      </input_file>
      <input_file id="fl-de">
         <path>C:\ti\ccs930\ccs\tools\compiler\ti-cgt-arm_18.12.4.LTS\lib\</path>
         <kind>archive</kind>
         <file>rtsv7M4_T_le_v4SPD16_eabi.lib</file>
         <name>fd_toi_t2.asm.obj</name>
      </input_file>
      <input_file id="fl-df">
         <path>C:\ti\ccs930\ccs\tools\compiler\ti-cgt-arm_18.12.4.LTS\lib\</path>
         <kind>archive</kind>
         <file>rtsv7M4_T_le_v4SPD16_eabi.lib</file>
         <name>i_tofd_t2.asm.obj</name>
      </input_file>
      <input_file id="fl-e0">
         <path>C:\ti\ccs930\ccs\tools\compiler\ti-cgt-arm_18.12.4.LTS\lib\</path>
         <kind>archive</kind>
         <file>rtsv7M4_T_le_v4SPD16_eabi.lib</file>
         <name>atoi.c.obj</name>
      </input_file>
      <input_file id="fl-e1">
         <path>C:\ti\ccs930\ccs\tools\compiler\ti-cgt-arm_18.12.4.LTS\lib\</path>
         <kind>archive</kind>
         <file>rtsv7M4_T_le_v4SPD16_eabi.lib</file>
         <name>ctype.c.obj</name>
      </input_file>
      <input_file id="fl-e2">
         <path>C:\ti\ccs930\ccs\tools\compiler\ti-cgt-arm_18.12.4.LTS\lib\</path>
         <kind>archive</kind>
         <file>rtsv7M4_T_le_v4SPD16_eabi.lib</file>
         <name>ltoa.c.obj</name>
      </input_file>
      <input_file id="fl-e3">
         <path>C:\ti\ccs930\ccs\tools\compiler\ti-cgt-arm_18.12.4.LTS\lib\</path>
         <kind>archive</kind>
         <file>rtsv7M4_T_le_v4SPD16_eabi.lib</file>
         <name>memccpy.c.obj</name>
      </input_file>
      <input_file id="fl-e4">
         <path>C:\ti\ccs930\ccs\tools\compiler\ti-cgt-arm_18.12.4.LTS\lib\</path>
         <kind>archive</kind>
         <file>rtsv7M4_T_le_v4SPD16_eabi.lib</file>
         <name>strchr.c.obj</name>
      </input_file>
      <input_file id="fl-e5">
         <path>C:\ti\ccs930\ccs\tools\compiler\ti-cgt-arm_18.12.4.LTS\lib\</path>
         <kind>archive</kind>
         <file>rtsv7M4_T_le_v4SPD16_eabi.lib</file>
         <name>strlen.c.obj</name>
      </input_file>
      <input_file id="fl-e6">
         <path>C:\ti\ccs930\ccs\tools\compiler\ti-cgt-arm_18.12.4.LTS\lib\</path>
         <kind>archive</kind>
         <file>rtsv7M4_T_le_v4SPD16_eabi.lib</file>
         <name>errno.c.obj</name>
      </input_file>
      <input_file id="fl-e7">
         <path>C:\ti\ccs930\ccs\tools\compiler\ti-cgt-arm_18.12.4.LTS\lib\</path>
         <kind>archive</kind>
         <file>rtsv7M4_T_le_v4SPD16_eabi.lib</file>
         <name>wcslen.c.obj</name>
      </input_file>
      <input_file id="fl-e8">
         <path>C:\ti\ccs930\ccs\tools\compiler\ti-cgt-arm_18.12.4.LTS\lib\</path>
         <kind>archive</kind>
         <file>rtsv7M4_T_le_v4SPD16_eabi.lib</file>
         <name>s_frexp.c.obj</name>
      </input_file>
      <input_file id="fl-e9">
         <path>C:\ti\ccs930\ccs\tools\compiler\ti-cgt-arm_18.12.4.LTS\lib\</path>
         <kind>archive</kind>
         <file>rtsv7M4_T_le_v4SPD16_eabi.lib</file>
         <name>s_scalbn.c.obj</name>
      </input_file>
      <input_file id="fl-ea">
         <path>C:\ti\ccs930\ccs\tools\compiler\ti-cgt-arm_18.12.4.LTS\lib\</path>
         <kind>archive</kind>
         <file>rtsv7M4_T_le_v4SPD16_eabi.lib</file>
         <name>s_copysign.c.obj</name>
      </input_file>
   </input_file_list>
   <object_component_list>
      <object_component id="oc-f">
         <name>.intvecs</name>
         <load_address>0x0</load_address>
         <run_address>0x0</run_address>
         <size>0x26c</size>
         <input_file_ref idref="fl-3"/>
      </object_component>
      <object_component id="oc-229">
         <name>.text:__TI_printfi</name>
         <load_address>0x26c</load_address>
         <run_address>0x26c</run_address>
         <size>0xa4e</size>
         <input_file_ref idref="fl-d9"/>
      </object_component>
      <object_component id="oc-18f">
         <name>.text</name>
         <load_address>0xcba</load_address>
         <run_address>0xcba</run_address>
         <size>0x2</size>
         <input_file_ref idref="fl-c4"/>
      </object_component>
      <object_component id="oc-cb">
         <name>.text</name>
         <load_address>0xcbc</load_address>
         <run_address>0xcbc</run_address>
         <size>0x3d0</size>
         <input_file_ref idref="fl-cd"/>
      </object_component>
      <object_component id="oc-2b5">
         <name>.text:_pconv_a</name>
         <load_address>0x108c</load_address>
         <run_address>0x108c</run_address>
         <size>0x270</size>
         <input_file_ref idref="fl-d9"/>
      </object_component>
      <object_component id="oc-2a3">
         <name>.text:_pconv_g</name>
         <load_address>0x12fc</load_address>
         <run_address>0x12fc</run_address>
         <size>0x1d0</size>
         <input_file_ref idref="fl-d9"/>
      </object_component>
      <object_component id="oc-318">
         <name>.text</name>
         <load_address>0x14cc</load_address>
         <run_address>0x14cc</run_address>
         <size>0x1b6</size>
         <input_file_ref idref="fl-da"/>
      </object_component>
      <object_component id="oc-17f">
         <name>.text:GPIOPadConfigSet</name>
         <load_address>0x1684</load_address>
         <run_address>0x1684</run_address>
         <size>0x16c</size>
         <input_file_ref idref="fl-d1"/>
      </object_component>
      <object_component id="oc-2af">
         <name>.text:_pconv_e</name>
         <load_address>0x17f0</load_address>
         <run_address>0x17f0</run_address>
         <size>0x13c</size>
         <input_file_ref idref="fl-d9"/>
      </object_component>
      <object_component id="oc-2fe">
         <name>.text</name>
         <load_address>0x192c</load_address>
         <run_address>0x192c</run_address>
         <size>0x136</size>
         <input_file_ref idref="fl-dc"/>
      </object_component>
      <object_component id="oc-32a">
         <name>.text:fcvt</name>
         <load_address>0x1a64</load_address>
         <run_address>0x1a64</run_address>
         <size>0x124</size>
         <input_file_ref idref="fl-d9"/>
      </object_component>
      <object_component id="oc-156">
         <name>.text:SysCtlClockGet</name>
         <load_address>0x1b88</load_address>
         <run_address>0x1b88</run_address>
         <size>0x118</size>
         <input_file_ref idref="fl-d3"/>
      </object_component>
      <object_component id="oc-33e">
         <name>.text:scalbn</name>
         <load_address>0x1ca0</load_address>
         <run_address>0x1ca0</run_address>
         <size>0x110</size>
         <input_file_ref idref="fl-e9"/>
      </object_component>
      <object_component id="oc-98">
         <name>.text</name>
         <load_address>0x1db0</load_address>
         <run_address>0x1db0</run_address>
         <size>0x108</size>
         <input_file_ref idref="fl-2"/>
      </object_component>
      <object_component id="oc-2f9">
         <name>.text</name>
         <load_address>0x1eb8</load_address>
         <run_address>0x1eb8</run_address>
         <size>0xfc</size>
         <input_file_ref idref="fl-dd"/>
      </object_component>
      <object_component id="oc-150">
         <name>.text:SysCtlClockSet</name>
         <load_address>0x1fb4</load_address>
         <run_address>0x1fb4</run_address>
         <size>0xf4</size>
         <input_file_ref idref="fl-d3"/>
      </object_component>
      <object_component id="oc-dc">
         <name>.text</name>
         <load_address>0x20a8</load_address>
         <run_address>0x20a8</run_address>
         <size>0xc4</size>
         <input_file_ref idref="fl-d0"/>
      </object_component>
      <object_component id="oc-298">
         <name>.text:_ltostr</name>
         <load_address>0x216c</load_address>
         <run_address>0x216c</run_address>
         <size>0xb1</size>
         <input_file_ref idref="fl-d9"/>
      </object_component>
      <object_component id="oc-c5">
         <name>.text</name>
         <load_address>0x2220</load_address>
         <run_address>0x2220</run_address>
         <size>0x9c</size>
         <input_file_ref idref="fl-ce"/>
      </object_component>
      <object_component id="oc-38">
         <name>.text</name>
         <load_address>0x22bc</load_address>
         <run_address>0x22bc</run_address>
         <size>0x9c</size>
         <input_file_ref idref="fl-c5"/>
      </object_component>
      <object_component id="oc-14a">
         <name>.text</name>
         <load_address>0x2358</load_address>
         <run_address>0x2358</run_address>
         <size>0x96</size>
         <input_file_ref idref="fl-d8"/>
      </object_component>
      <object_component id="oc-d1">
         <name>.text</name>
         <load_address>0x23f0</load_address>
         <run_address>0x23f0</run_address>
         <size>0x8c</size>
         <input_file_ref idref="fl-cf"/>
      </object_component>
      <object_component id="oc-29e">
         <name>.text:__aeabi_cdcmple</name>
         <load_address>0x247c</load_address>
         <run_address>0x247c</run_address>
         <size>0x86</size>
         <input_file_ref idref="fl-db"/>
      </object_component>
      <object_component id="oc-303">
         <name>.text:__aeabi_cdrcmple</name>
         <load_address>0x2502</load_address>
         <run_address>0x2502</run_address>
         <size>0x86</size>
         <input_file_ref idref="fl-db"/>
      </object_component>
      <object_component id="oc-8c">
         <name>.text</name>
         <load_address>0x2588</load_address>
         <run_address>0x2588</run_address>
         <size>0x7a</size>
         <input_file_ref idref="fl-c6"/>
      </object_component>
      <object_component id="oc-323">
         <name>.text:_mcpy</name>
         <load_address>0x2602</load_address>
         <run_address>0x2602</run_address>
         <size>0x6e</size>
         <input_file_ref idref="fl-d9"/>
      </object_component>
      <object_component id="oc-12">
         <name>.text:decompress:lzss:__TI_decompress_lzss</name>
         <load_address>0x2670</load_address>
         <run_address>0x2670</run_address>
         <size>0x68</size>
         <input_file_ref idref="fl-c2"/>
      </object_component>
      <object_component id="oc-338">
         <name>.text:frexp</name>
         <load_address>0x26d8</load_address>
         <run_address>0x26d8</run_address>
         <size>0x64</size>
         <input_file_ref idref="fl-e8"/>
      </object_component>
      <object_component id="oc-2a9">
         <name>.text:_pconv_f</name>
         <load_address>0x273c</load_address>
         <run_address>0x273c</run_address>
         <size>0x56</size>
         <input_file_ref idref="fl-d9"/>
      </object_component>
      <object_component id="oc-30d">
         <name>.text:ltoa</name>
         <load_address>0x2792</load_address>
         <run_address>0x2792</run_address>
         <size>0x54</size>
         <input_file_ref idref="fl-e2"/>
      </object_component>
      <object_component id="oc-31d">
         <name>.text:_ecpy</name>
         <load_address>0x27e6</load_address>
         <run_address>0x27e6</run_address>
         <size>0x52</size>
         <input_file_ref idref="fl-d9"/>
      </object_component>
      <object_component id="oc-195">
         <name>.text:GPIOPinConfigure</name>
         <load_address>0x2838</load_address>
         <run_address>0x2838</run_address>
         <size>0x4c</size>
         <input_file_ref idref="fl-d1"/>
      </object_component>
      <object_component id="oc-292">
         <name>.text:atoi</name>
         <load_address>0x2884</load_address>
         <run_address>0x2884</run_address>
         <size>0x4c</size>
         <input_file_ref idref="fl-e0"/>
      </object_component>
      <object_component id="oc-308">
         <name>.text</name>
         <load_address>0x28d0</load_address>
         <run_address>0x28d0</run_address>
         <size>0x48</size>
         <input_file_ref idref="fl-de"/>
      </object_component>
      <object_component id="oc-1a1">
         <name>.text:UARTConfigSetExpClk</name>
         <load_address>0x2918</load_address>
         <run_address>0x2918</run_address>
         <size>0x46</size>
         <input_file_ref idref="fl-d5"/>
      </object_component>
      <object_component id="oc-f5">
         <name>.text:__TI_auto_init_nobinit_nopinit:__TI_auto_init_nobinit_nopinit</name>
         <load_address>0x2960</load_address>
         <run_address>0x2960</run_address>
         <size>0x44</size>
         <input_file_ref idref="fl-c7"/>
      </object_component>
      <object_component id="oc-d7">
         <name>.text</name>
         <load_address>0x29a4</load_address>
         <run_address>0x29a4</run_address>
         <size>0x40</size>
         <input_file_ref idref="fl-bf"/>
      </object_component>
      <object_component id="oc-1b3">
         <name>.text:vsnprintf</name>
         <load_address>0x29e4</load_address>
         <run_address>0x29e4</run_address>
         <size>0x40</size>
         <input_file_ref idref="fl-d7"/>
      </object_component>
      <object_component id="oc-330">
         <name>.text:_fcpy</name>
         <load_address>0x2a24</load_address>
         <run_address>0x2a24</run_address>
         <size>0x3e</size>
         <input_file_ref idref="fl-d9"/>
      </object_component>
      <object_component id="oc-1fd">
         <name>.text:IntRegister</name>
         <load_address>0x2a64</load_address>
         <run_address>0x2a64</run_address>
         <size>0x34</size>
         <input_file_ref idref="fl-d2"/>
      </object_component>
      <object_component id="oc-12e">
         <name>.text:SysCtlPeripheralEnable</name>
         <load_address>0x2a98</load_address>
         <run_address>0x2a98</run_address>
         <size>0x34</size>
         <input_file_ref idref="fl-d3"/>
      </object_component>
      <object_component id="oc-56">
         <name>.text:_c_int00_noargs:_c_int00_noargs</name>
         <load_address>0x2acc</load_address>
         <run_address>0x2acc</run_address>
         <size>0x34</size>
         <input_file_ref idref="fl-c3"/>
      </object_component>
      <object_component id="oc-22f">
         <name>.text:_outs</name>
         <load_address>0x2b00</load_address>
         <run_address>0x2b00</run_address>
         <size>0x30</size>
         <input_file_ref idref="fl-d7"/>
      </object_component>
      <object_component id="oc-313">
         <name>.text</name>
         <load_address>0x2b30</load_address>
         <run_address>0x2b30</run_address>
         <size>0x2e</size>
         <input_file_ref idref="fl-df"/>
      </object_component>
      <object_component id="oc-1e6">
         <name>.text:GPIODirModeSet</name>
         <load_address>0x2b5e</load_address>
         <run_address>0x2b5e</run_address>
         <size>0x2c</size>
         <input_file_ref idref="fl-d1"/>
      </object_component>
      <object_component id="oc-219">
         <name>.text:UARTDisable</name>
         <load_address>0x2b8c</load_address>
         <run_address>0x2b8c</run_address>
         <size>0x20</size>
         <input_file_ref idref="fl-d5"/>
      </object_component>
      <object_component id="oc-162">
         <name>.text:SysTickIntRegister</name>
         <load_address>0x2bac</load_address>
         <run_address>0x2bac</run_address>
         <size>0x1c</size>
         <input_file_ref idref="fl-d4"/>
      </object_component>
      <object_component id="oc-44">
         <name>.text:decompress:ZI:__TI_zero_init_nomemset:__TI_zero_init_nomemset</name>
         <load_address>0x2bc8</load_address>
         <run_address>0x2bc8</run_address>
         <size>0x1c</size>
         <input_file_ref idref="fl-c0"/>
      </object_component>
      <object_component id="oc-2bb">
         <name>.text:memccpy</name>
         <load_address>0x2be4</load_address>
         <run_address>0x2be4</run_address>
         <size>0x1c</size>
         <input_file_ref idref="fl-e3"/>
      </object_component>
      <object_component id="oc-134">
         <name>.text:GPIOPinTypeGPIOOutput</name>
         <load_address>0x2c00</load_address>
         <run_address>0x2c00</run_address>
         <size>0x1a</size>
         <input_file_ref idref="fl-d1"/>
      </object_component>
      <object_component id="oc-37f">
         <name>.text:copysign</name>
         <load_address>0x2c1a</load_address>
         <run_address>0x2c1a</run_address>
         <size>0x1a</size>
         <input_file_ref idref="fl-ea"/>
      </object_component>
      <object_component id="oc-235">
         <name>.text:_outc</name>
         <load_address>0x2c34</load_address>
         <run_address>0x2c34</run_address>
         <size>0x18</size>
         <input_file_ref idref="fl-d7"/>
      </object_component>
      <object_component id="oc-179">
         <name>.text:GPIOPinTypeGPIOInput</name>
         <load_address>0x2c4c</load_address>
         <run_address>0x2c4c</run_address>
         <size>0x16</size>
         <input_file_ref idref="fl-d1"/>
      </object_component>
      <object_component id="oc-19b">
         <name>.text:GPIOPinTypeUART</name>
         <load_address>0x2c62</load_address>
         <run_address>0x2c62</run_address>
         <size>0x16</size>
         <input_file_ref idref="fl-d1"/>
      </object_component>
      <object_component id="oc-344">
         <name>.text:strchr</name>
         <load_address>0x2c78</load_address>
         <run_address>0x2c78</run_address>
         <size>0x16</size>
         <input_file_ref idref="fl-e4"/>
      </object_component>
      <object_component id="oc-16e">
         <name>.text:SysTickEnable</name>
         <load_address>0x2c90</load_address>
         <run_address>0x2c90</run_address>
         <size>0x14</size>
         <input_file_ref idref="fl-d4"/>
      </object_component>
      <object_component id="oc-168">
         <name>.text:SysTickIntEnable</name>
         <load_address>0x2ca4</load_address>
         <run_address>0x2ca4</run_address>
         <size>0x14</size>
         <input_file_ref idref="fl-d4"/>
      </object_component>
      <object_component id="oc-21f">
         <name>.text:UARTEnable</name>
         <load_address>0x2cb8</load_address>
         <run_address>0x2cb8</run_address>
         <size>0x14</size>
         <input_file_ref idref="fl-d5"/>
      </object_component>
      <object_component id="oc-28c">
         <name>.text:strlen</name>
         <load_address>0x2ccc</load_address>
         <run_address>0x2ccc</run_address>
         <size>0x14</size>
         <input_file_ref idref="fl-e5"/>
      </object_component>
      <object_component id="oc-2c1">
         <name>.text:wcslen</name>
         <load_address>0x2ce0</load_address>
         <run_address>0x2ce0</run_address>
         <size>0x12</size>
         <input_file_ref idref="fl-e7"/>
      </object_component>
      <object_component id="oc-15c">
         <name>.text:SysTickPeriodSet</name>
         <load_address>0x2cf4</load_address>
         <run_address>0x2cf4</run_address>
         <size>0x10</size>
         <input_file_ref idref="fl-d4"/>
      </object_component>
      <object_component id="oc-18">
         <name>.text:decompress:none:__TI_decompress_none</name>
         <load_address>0x2d04</load_address>
         <run_address>0x2d04</run_address>
         <size>0xe</size>
         <input_file_ref idref="fl-c1"/>
      </object_component>
      <object_component id="oc-24">
         <name>.text</name>
         <load_address>0x2d12</load_address>
         <run_address>0x2d12</run_address>
         <size>0xc</size>
         <input_file_ref idref="fl-3"/>
      </object_component>
      <object_component id="oc-1ad">
         <name>.text:UARTCharGet</name>
         <load_address>0x2d1e</load_address>
         <run_address>0x2d1e</run_address>
         <size>0xa</size>
         <input_file_ref idref="fl-d5"/>
      </object_component>
      <object_component id="oc-1a7">
         <name>.text:UARTCharPut</name>
         <load_address>0x2d28</load_address>
         <run_address>0x2d28</run_address>
         <size>0xa</size>
         <input_file_ref idref="fl-d5"/>
      </object_component>
      <object_component id="oc-2c7">
         <name>.text:__aeabi_errno_addr</name>
         <load_address>0x2d34</load_address>
         <run_address>0x2d34</run_address>
         <size>0x8</size>
         <input_file_ref idref="fl-e6"/>
      </object_component>
      <object_component id="oc-185">
         <name>.text:GPIOPinRead</name>
         <load_address>0x2d3c</load_address>
         <run_address>0x2d3c</run_address>
         <size>0x6</size>
         <input_file_ref idref="fl-d1"/>
      </object_component>
      <object_component id="oc-13a">
         <name>.text:GPIOPinWrite</name>
         <load_address>0x2d42</load_address>
         <run_address>0x2d42</run_address>
         <size>0x6</size>
         <input_file_ref idref="fl-d1"/>
      </object_component>
      <object_component id="oc-14f">
         <name>.text:SysCtlDelay</name>
         <load_address>0x2d48</load_address>
         <run_address>0x2d48</run_address>
         <size>0x6</size>
         <input_file_ref idref="fl-d3"/>
      </object_component>
      <object_component id="oc-92">
         <name>.text:_system_pre_init</name>
         <load_address>0x2d4e</load_address>
         <run_address>0x2d4e</run_address>
         <size>0x4</size>
         <input_file_ref idref="fl-c8"/>
      </object_component>
      <object_component id="oc-e9">
         <name>.text:abort:abort</name>
         <load_address>0x2d52</load_address>
         <run_address>0x2d52</run_address>
         <size>0x4</size>
         <input_file_ref idref="fl-ca"/>
      </object_component>
      <object_component id="oc-2f2">
         <name>.const:.string:_ctypes_</name>
         <load_address>0x2d58</load_address>
         <run_address>0x2d58</run_address>
         <size>0x101</size>
         <input_file_ref idref="fl-e1"/>
      </object_component>
      <object_component id="oc-214">
         <name>.const:g_pui32GPIOBaseAddrs</name>
         <load_address>0x2e5c</load_address>
         <run_address>0x2e5c</run_address>
         <size>0x90</size>
         <input_file_ref idref="fl-d1"/>
      </object_component>
      <object_component id="oc-1f7">
         <name>.const:g_pui32Xtals</name>
         <load_address>0x2eec</load_address>
         <run_address>0x2eec</run_address>
         <size>0x6c</size>
         <input_file_ref idref="fl-d3"/>
      </object_component>
      <object_component id="oc-3d5">
         <name>.cinit..data.load</name>
         <load_address>0x2f58</load_address>
         <run_address>0x2f58</run_address>
         <size>0x12</size>
      </object_component>
      <object_component id="oc-3d2">
         <name>__TI_handler_table</name>
         <load_address>0x2f6c</load_address>
         <run_address>0x2f6c</run_address>
         <size>0xc</size>
      </object_component>
      <object_component id="oc-3d6">
         <name>.cinit..bss.load</name>
         <load_address>0x2f78</load_address>
         <run_address>0x2f78</run_address>
         <size>0x8</size>
      </object_component>
      <object_component id="oc-3d4">
         <name>.cinit..vtable.load</name>
         <load_address>0x2f80</load_address>
         <run_address>0x2f80</run_address>
         <size>0x8</size>
      </object_component>
      <object_component id="oc-3d3">
         <name>__TI_cinit_table</name>
         <load_address>0x2f88</load_address>
         <run_address>0x2f88</run_address>
         <size>0x18</size>
      </object_component>
      <object_component id="oc-281">
         <name>.vtable</name>
         <uninitialized>true</uninitialized>
         <run_address>0x20000000</run_address>
         <size>0x26c</size>
         <input_file_ref idref="fl-d2"/>
      </object_component>
      <object_component id="oc-e2">
         <name>.data</name>
         <load_address>0x20000788</load_address>
         <run_address>0x20000788</run_address>
         <size>0x8</size>
         <input_file_ref idref="fl-2"/>
      </object_component>
      <object_component id="oc-e5">
         <name>.data:ledColors</name>
         <load_address>0x20000774</load_address>
         <run_address>0x20000774</run_address>
         <size>0x9</size>
         <input_file_ref idref="fl-2"/>
      </object_component>
      <object_component id="oc-144">
         <name>.data</name>
         <load_address>0x20000780</load_address>
         <run_address>0x20000780</run_address>
         <size>0x8</size>
         <input_file_ref idref="fl-cd"/>
      </object_component>
      <object_component id="oc-140">
         <name>.data</name>
         <load_address>0x2000077d</load_address>
         <run_address>0x2000077d</run_address>
         <size>0x1</size>
         <input_file_ref idref="fl-ce"/>
      </object_component>
      <object_component id="oc-18b">
         <name>.data</name>
         <load_address>0x2000077e</load_address>
         <run_address>0x2000077e</run_address>
         <size>0x1</size>
         <input_file_ref idref="fl-cf"/>
      </object_component>
      <object_component id="oc-354">
         <name>.data</name>
         <load_address>0x20000790</load_address>
         <run_address>0x20000790</run_address>
         <size>0x4</size>
         <input_file_ref idref="fl-e6"/>
      </object_component>
      <object_component id="oc-174">
         <name>.bss</name>
         <uninitialized>true</uninitialized>
         <run_address>0x20000770</run_address>
         <size>0x4</size>
         <input_file_ref idref="fl-cd"/>
      </object_component>
      <object_component id="oc-147">
         <name>.bss:callbackHeap</name>
         <uninitialized>true</uninitialized>
         <run_address>0x20000670</run_address>
         <size>0x100</size>
         <input_file_ref idref="fl-cd"/>
      </object_component>
      <object_component id="oc-21">
         <name>.stack</name>
         <uninitialized>true</uninitialized>
         <run_address>0x20000270</run_address>
         <size>0x4</size>
         <input_file_ref idref="fl-c3"/>
      </object_component>
      <object_component id="oc-3d7">
         <name>.stack</name>
         <uninitialized>true</uninitialized>
         <run_address>0x20000270</run_address>
         <size>0x0</size>
      </object_component>
      <object_component id="oc-b4">
         <name>.debug_info</name>
         <load_address>0x0</load_address>
         <run_address>0x0</run_address>
         <size>0x352</size>
         <input_file_ref idref="fl-2"/>
      </object_component>
      <object_component id="oc-e3">
         <name>.debug_info</name>
         <load_address>0x352</load_address>
         <run_address>0x352</run_address>
         <size>0xe4</size>
         <input_file_ref idref="fl-2"/>
      </object_component>
      <object_component id="oc-e6">
         <name>.debug_info</name>
         <load_address>0x436</load_address>
         <run_address>0x436</run_address>
         <size>0xc0</size>
         <input_file_ref idref="fl-2"/>
      </object_component>
      <object_component id="oc-9b">
         <name>.debug_info</name>
         <load_address>0x4f6</load_address>
         <run_address>0x4f6</run_address>
         <size>0x2b9</size>
         <input_file_ref idref="fl-2"/>
      </object_component>
      <object_component id="oc-129">
         <name>.debug_info</name>
         <load_address>0x7af</load_address>
         <run_address>0x7af</run_address>
         <size>0x8e</size>
         <input_file_ref idref="fl-2"/>
      </object_component>
      <object_component id="oc-6d">
         <name>.debug_info</name>
         <load_address>0x83d</load_address>
         <run_address>0x83d</run_address>
         <size>0x26b</size>
         <input_file_ref idref="fl-2"/>
      </object_component>
      <object_component id="oc-af">
         <name>.debug_info</name>
         <load_address>0xaa8</load_address>
         <run_address>0xaa8</run_address>
         <size>0x8b</size>
         <input_file_ref idref="fl-2"/>
      </object_component>
      <object_component id="oc-aa">
         <name>.debug_info</name>
         <load_address>0xb33</load_address>
         <run_address>0xb33</run_address>
         <size>0x297</size>
         <input_file_ref idref="fl-2"/>
      </object_component>
      <object_component id="oc-275">
         <name>.debug_info</name>
         <load_address>0xdca</load_address>
         <run_address>0xdca</run_address>
         <size>0xef</size>
         <input_file_ref idref="fl-2"/>
      </object_component>
      <object_component id="oc-72">
         <name>.debug_info</name>
         <load_address>0xeb9</load_address>
         <run_address>0xeb9</run_address>
         <size>0xbb</size>
         <input_file_ref idref="fl-2"/>
      </object_component>
      <object_component id="oc-249">
         <name>.debug_info</name>
         <load_address>0xf74</load_address>
         <run_address>0xf74</run_address>
         <size>0xcc</size>
         <input_file_ref idref="fl-2"/>
      </object_component>
      <object_component id="oc-1bb">
         <name>.debug_info</name>
         <load_address>0x1040</load_address>
         <run_address>0x1040</run_address>
         <size>0x2c</size>
         <input_file_ref idref="fl-2"/>
      </object_component>
      <object_component id="oc-2c">
         <name>.debug_info</name>
         <load_address>0x106c</load_address>
         <run_address>0x106c</run_address>
         <size>0x29c</size>
         <input_file_ref idref="fl-3"/>
      </object_component>
      <object_component id="oc-10">
         <name>.debug_info</name>
         <load_address>0x1308</load_address>
         <run_address>0x1308</run_address>
         <size>0xdb</size>
         <input_file_ref idref="fl-3"/>
      </object_component>
      <object_component id="oc-26">
         <name>.debug_info</name>
         <load_address>0x13e3</load_address>
         <run_address>0x13e3</run_address>
         <size>0x257</size>
         <input_file_ref idref="fl-3"/>
      </object_component>
      <object_component id="oc-33">
         <name>.debug_info</name>
         <load_address>0x163a</load_address>
         <run_address>0x163a</run_address>
         <size>0x84</size>
         <input_file_ref idref="fl-3"/>
      </object_component>
      <object_component id="oc-da">
         <name>.debug_info</name>
         <load_address>0x16be</load_address>
         <run_address>0x16be</run_address>
         <size>0x141</size>
         <input_file_ref idref="fl-bf"/>
      </object_component>
      <object_component id="oc-8b">
         <name>.debug_info</name>
         <load_address>0x17ff</load_address>
         <run_address>0x17ff</run_address>
         <size>0x2d3</size>
         <input_file_ref idref="fl-c0"/>
      </object_component>
      <object_component id="oc-48">
         <name>.debug_info</name>
         <load_address>0x1ad2</load_address>
         <run_address>0x1ad2</run_address>
         <size>0x1d1</size>
         <input_file_ref idref="fl-c0"/>
      </object_component>
      <object_component id="oc-86">
         <name>.debug_info</name>
         <load_address>0x1ca3</load_address>
         <run_address>0x1ca3</run_address>
         <size>0x46</size>
         <input_file_ref idref="fl-c0"/>
      </object_component>
      <object_component id="oc-bc">
         <name>.debug_info</name>
         <load_address>0x1ce9</load_address>
         <run_address>0x1ce9</run_address>
         <size>0x2c</size>
         <input_file_ref idref="fl-c0"/>
      </object_component>
      <object_component id="oc-43">
         <name>.debug_info</name>
         <load_address>0x1d15</load_address>
         <run_address>0x1d15</run_address>
         <size>0x2a7</size>
         <input_file_ref idref="fl-c1"/>
      </object_component>
      <object_component id="oc-1c">
         <name>.debug_info</name>
         <load_address>0x1fbc</load_address>
         <run_address>0x1fbc</run_address>
         <size>0x1e9</size>
         <input_file_ref idref="fl-c1"/>
      </object_component>
      <object_component id="oc-3e">
         <name>.debug_info</name>
         <load_address>0x21a5</load_address>
         <run_address>0x21a5</run_address>
         <size>0x46</size>
         <input_file_ref idref="fl-c1"/>
      </object_component>
      <object_component id="oc-7e">
         <name>.debug_info</name>
         <load_address>0x21eb</load_address>
         <run_address>0x21eb</run_address>
         <size>0x2c</size>
         <input_file_ref idref="fl-c1"/>
      </object_component>
      <object_component id="oc-7c">
         <name>.debug_info</name>
         <load_address>0x2217</load_address>
         <run_address>0x2217</run_address>
         <size>0x29d</size>
         <input_file_ref idref="fl-c2"/>
      </object_component>
      <object_component id="oc-14">
         <name>.debug_info</name>
         <load_address>0x24b4</load_address>
         <run_address>0x24b4</run_address>
         <size>0x24f</size>
         <input_file_ref idref="fl-c2"/>
      </object_component>
      <object_component id="oc-2e">
         <name>.debug_info</name>
         <load_address>0x2703</load_address>
         <run_address>0x2703</run_address>
         <size>0x60</size>
         <input_file_ref idref="fl-c2"/>
      </object_component>
      <object_component id="oc-b5">
         <name>.debug_info</name>
         <load_address>0x2763</load_address>
         <run_address>0x2763</run_address>
         <size>0x46</size>
         <input_file_ref idref="fl-c2"/>
      </object_component>
      <object_component id="oc-77">
         <name>.debug_info</name>
         <load_address>0x27a9</load_address>
         <run_address>0x27a9</run_address>
         <size>0x39</size>
         <input_file_ref idref="fl-c2"/>
      </object_component>
      <object_component id="oc-22">
         <name>.debug_info</name>
         <load_address>0x27e2</load_address>
         <run_address>0x27e2</run_address>
         <size>0x10a</size>
         <input_file_ref idref="fl-c3"/>
      </object_component>
      <object_component id="oc-58">
         <name>.debug_info</name>
         <load_address>0x28ec</load_address>
         <run_address>0x28ec</run_address>
         <size>0x1a8</size>
         <input_file_ref idref="fl-c3"/>
      </object_component>
      <object_component id="oc-190">
         <name>.debug_info</name>
         <load_address>0x2a94</load_address>
         <run_address>0x2a94</run_address>
         <size>0x114</size>
         <input_file_ref idref="fl-c4"/>
      </object_component>
      <object_component id="oc-3a">
         <name>.debug_info</name>
         <load_address>0x2ba8</load_address>
         <run_address>0x2ba8</run_address>
         <size>0x118</size>
         <input_file_ref idref="fl-c5"/>
      </object_component>
      <object_component id="oc-8d">
         <name>.debug_info</name>
         <load_address>0x2cc0</load_address>
         <run_address>0x2cc0</run_address>
         <size>0x146</size>
         <input_file_ref idref="fl-c6"/>
      </object_component>
      <object_component id="oc-1cf">
         <name>.debug_info</name>
         <load_address>0x2e06</load_address>
         <run_address>0x2e06</run_address>
         <size>0x4b2</size>
         <input_file_ref idref="fl-c7"/>
      </object_component>
      <object_component id="oc-f7">
         <name>.debug_info</name>
         <load_address>0x32b8</load_address>
         <run_address>0x32b8</run_address>
         <size>0x1a5</size>
         <input_file_ref idref="fl-c7"/>
      </object_component>
      <object_component id="oc-25e">
         <name>.debug_info</name>
         <load_address>0x345d</load_address>
         <run_address>0x345d</run_address>
         <size>0x39</size>
         <input_file_ref idref="fl-c7"/>
      </object_component>
      <object_component id="oc-2e0">
         <name>.debug_info</name>
         <load_address>0x3496</load_address>
         <run_address>0x3496</run_address>
         <size>0x39</size>
         <input_file_ref idref="fl-c7"/>
      </object_component>
      <object_component id="oc-263">
         <name>.debug_info</name>
         <load_address>0x34cf</load_address>
         <run_address>0x34cf</run_address>
         <size>0x39</size>
         <input_file_ref idref="fl-c7"/>
      </object_component>
      <object_component id="oc-268">
         <name>.debug_info</name>
         <load_address>0x3508</load_address>
         <run_address>0x3508</run_address>
         <size>0xcd</size>
         <input_file_ref idref="fl-c7"/>
      </object_component>
      <object_component id="oc-94">
         <name>.debug_info</name>
         <load_address>0x35d5</load_address>
         <run_address>0x35d5</run_address>
         <size>0x152</size>
         <input_file_ref idref="fl-c8"/>
      </object_component>
      <object_component id="oc-ea">
         <name>.debug_info</name>
         <load_address>0x3727</load_address>
         <run_address>0x3727</run_address>
         <size>0x121</size>
         <input_file_ref idref="fl-ca"/>
      </object_component>
      <object_component id="oc-178">
         <name>.debug_info</name>
         <load_address>0x3848</load_address>
         <run_address>0x3848</run_address>
         <size>0x417</size>
         <input_file_ref idref="fl-cd"/>
      </object_component>
      <object_component id="oc-175">
         <name>.debug_info</name>
         <load_address>0x3c5f</load_address>
         <run_address>0x3c5f</run_address>
         <size>0xb9</size>
         <input_file_ref idref="fl-cd"/>
      </object_component>
      <object_component id="oc-145">
         <name>.debug_info</name>
         <load_address>0x3d18</load_address>
         <run_address>0x3d18</run_address>
         <size>0xe5</size>
         <input_file_ref idref="fl-cd"/>
      </object_component>
      <object_component id="oc-148">
         <name>.debug_info</name>
         <load_address>0x3dfd</load_address>
         <run_address>0x3dfd</run_address>
         <size>0xbf</size>
         <input_file_ref idref="fl-cd"/>
      </object_component>
      <object_component id="oc-cf">
         <name>.debug_info</name>
         <load_address>0x3ebc</load_address>
         <run_address>0x3ebc</run_address>
         <size>0x9b0</size>
         <input_file_ref idref="fl-cd"/>
      </object_component>
      <object_component id="oc-20a">
         <name>.debug_info</name>
         <load_address>0x486c</load_address>
         <run_address>0x486c</run_address>
         <size>0x51</size>
         <input_file_ref idref="fl-cd"/>
      </object_component>
      <object_component id="oc-141">
         <name>.debug_info</name>
         <load_address>0x48bd</load_address>
         <run_address>0x48bd</run_address>
         <size>0xb7</size>
         <input_file_ref idref="fl-ce"/>
      </object_component>
      <object_component id="oc-c6">
         <name>.debug_info</name>
         <load_address>0x4974</load_address>
         <run_address>0x4974</run_address>
         <size>0x287</size>
         <input_file_ref idref="fl-ce"/>
      </object_component>
      <object_component id="oc-18c">
         <name>.debug_info</name>
         <load_address>0x4bfb</load_address>
         <run_address>0x4bfb</run_address>
         <size>0xbe</size>
         <input_file_ref idref="fl-cf"/>
      </object_component>
      <object_component id="oc-d3">
         <name>.debug_info</name>
         <load_address>0x4cb9</load_address>
         <run_address>0x4cb9</run_address>
         <size>0x21f</size>
         <input_file_ref idref="fl-cf"/>
      </object_component>
      <object_component id="oc-1ba">
         <name>.debug_info</name>
         <load_address>0x4ed8</load_address>
         <run_address>0x4ed8</run_address>
         <size>0x414</size>
         <input_file_ref idref="fl-d0"/>
      </object_component>
      <object_component id="oc-e0">
         <name>.debug_info</name>
         <load_address>0x52ec</load_address>
         <run_address>0x52ec</run_address>
         <size>0x3bc</size>
         <input_file_ref idref="fl-d0"/>
      </object_component>
      <object_component id="oc-1ed">
         <name>.debug_info</name>
         <load_address>0x56a8</load_address>
         <run_address>0x56a8</run_address>
         <size>0x3e4</size>
         <input_file_ref idref="fl-d1"/>
      </object_component>
      <object_component id="oc-215">
         <name>.debug_info</name>
         <load_address>0x5a8c</load_address>
         <run_address>0x5a8c</run_address>
         <size>0x164</size>
         <input_file_ref idref="fl-d1"/>
      </object_component>
      <object_component id="oc-13b">
         <name>.debug_info</name>
         <load_address>0x5bf0</load_address>
         <run_address>0x5bf0</run_address>
         <size>0x2ac</size>
         <input_file_ref idref="fl-d1"/>
      </object_component>
      <object_component id="oc-1e7">
         <name>.debug_info</name>
         <load_address>0x5e9c</load_address>
         <run_address>0x5e9c</run_address>
         <size>0x2bc</size>
         <input_file_ref idref="fl-d1"/>
      </object_component>
      <object_component id="oc-180">
         <name>.debug_info</name>
         <load_address>0x6158</load_address>
         <run_address>0x6158</run_address>
         <size>0x31f</size>
         <input_file_ref idref="fl-d1"/>
      </object_component>
      <object_component id="oc-19e">
         <name>.debug_info</name>
         <load_address>0x6477</load_address>
         <run_address>0x6477</run_address>
         <size>0x29b</size>
         <input_file_ref idref="fl-d1"/>
      </object_component>
      <object_component id="oc-136">
         <name>.debug_info</name>
         <load_address>0x6712</load_address>
         <run_address>0x6712</run_address>
         <size>0x2c0</size>
         <input_file_ref idref="fl-d1"/>
      </object_component>
      <object_component id="oc-17b">
         <name>.debug_info</name>
         <load_address>0x69d2</load_address>
         <run_address>0x69d2</run_address>
         <size>0x2a5</size>
         <input_file_ref idref="fl-d1"/>
      </object_component>
      <object_component id="oc-187">
         <name>.debug_info</name>
         <load_address>0x6c77</load_address>
         <run_address>0x6c77</run_address>
         <size>0x284</size>
         <input_file_ref idref="fl-d1"/>
      </object_component>
      <object_component id="oc-197">
         <name>.debug_info</name>
         <load_address>0x6efb</load_address>
         <run_address>0x6efb</run_address>
         <size>0x289</size>
         <input_file_ref idref="fl-d1"/>
      </object_component>
      <object_component id="oc-285">
         <name>.debug_info</name>
         <load_address>0x7184</load_address>
         <run_address>0x7184</run_address>
         <size>0x3b7</size>
         <input_file_ref idref="fl-d2"/>
      </object_component>
      <object_component id="oc-282">
         <name>.debug_info</name>
         <load_address>0x753b</load_address>
         <run_address>0x753b</run_address>
         <size>0x160</size>
         <input_file_ref idref="fl-d2"/>
      </object_component>
      <object_component id="oc-201">
         <name>.debug_info</name>
         <load_address>0x769b</load_address>
         <run_address>0x769b</run_address>
         <size>0x2ca</size>
         <input_file_ref idref="fl-d2"/>
      </object_component>
      <object_component id="oc-1e5">
         <name>.debug_info</name>
         <load_address>0x7965</load_address>
         <run_address>0x7965</run_address>
         <size>0x441</size>
         <input_file_ref idref="fl-d3"/>
      </object_component>
      <object_component id="oc-1f8">
         <name>.debug_info</name>
         <load_address>0x7da6</load_address>
         <run_address>0x7da6</run_address>
         <size>0x156</size>
         <input_file_ref idref="fl-d3"/>
      </object_component>
      <object_component id="oc-12f">
         <name>.debug_info</name>
         <load_address>0x7efc</load_address>
         <run_address>0x7efc</run_address>
         <size>0x286</size>
         <input_file_ref idref="fl-d3"/>
      </object_component>
      <object_component id="oc-151">
         <name>.debug_info</name>
         <load_address>0x8182</load_address>
         <run_address>0x8182</run_address>
         <size>0x2e4</size>
         <input_file_ref idref="fl-d3"/>
      </object_component>
      <object_component id="oc-157">
         <name>.debug_info</name>
         <load_address>0x8466</load_address>
         <run_address>0x8466</run_address>
         <size>0x2be</size>
         <input_file_ref idref="fl-d3"/>
      </object_component>
      <object_component id="oc-271">
         <name>.debug_info</name>
         <load_address>0x8724</load_address>
         <run_address>0x8724</run_address>
         <size>0x51</size>
         <input_file_ref idref="fl-d3"/>
      </object_component>
      <object_component id="oc-1fc">
         <name>.debug_info</name>
         <load_address>0x8775</load_address>
         <run_address>0x8775</run_address>
         <size>0x346</size>
         <input_file_ref idref="fl-d4"/>
      </object_component>
      <object_component id="oc-15f">
         <name>.debug_info</name>
         <load_address>0x8abb</load_address>
         <run_address>0x8abb</run_address>
         <size>0x26a</size>
         <input_file_ref idref="fl-d4"/>
      </object_component>
      <object_component id="oc-164">
         <name>.debug_info</name>
         <load_address>0x8d25</load_address>
         <run_address>0x8d25</run_address>
         <size>0x280</size>
         <input_file_ref idref="fl-d4"/>
      </object_component>
      <object_component id="oc-169">
         <name>.debug_info</name>
         <load_address>0x8fa5</load_address>
         <run_address>0x8fa5</run_address>
         <size>0x230</size>
         <input_file_ref idref="fl-d4"/>
      </object_component>
      <object_component id="oc-171">
         <name>.debug_info</name>
         <load_address>0x91d5</load_address>
         <run_address>0x91d5</run_address>
         <size>0x22a</size>
         <input_file_ref idref="fl-d4"/>
      </object_component>
      <object_component id="oc-226">
         <name>.debug_info</name>
         <load_address>0x93ff</load_address>
         <run_address>0x93ff</run_address>
         <size>0x3cb</size>
         <input_file_ref idref="fl-d5"/>
      </object_component>
      <object_component id="oc-220">
         <name>.debug_info</name>
         <load_address>0x97ca</load_address>
         <run_address>0x97ca</run_address>
         <size>0x250</size>
         <input_file_ref idref="fl-d5"/>
      </object_component>
      <object_component id="oc-21a">
         <name>.debug_info</name>
         <load_address>0x9a1a</load_address>
         <run_address>0x9a1a</run_address>
         <size>0x252</size>
         <input_file_ref idref="fl-d5"/>
      </object_component>
      <object_component id="oc-1a2">
         <name>.debug_info</name>
         <load_address>0x9c6c</load_address>
         <run_address>0x9c6c</run_address>
         <size>0x32f</size>
         <input_file_ref idref="fl-d5"/>
      </object_component>
      <object_component id="oc-1a8">
         <name>.debug_info</name>
         <load_address>0x9f9b</load_address>
         <run_address>0x9f9b</run_address>
         <size>0x27c</size>
         <input_file_ref idref="fl-d5"/>
      </object_component>
      <object_component id="oc-1ae">
         <name>.debug_info</name>
         <load_address>0xa217</load_address>
         <run_address>0xa217</run_address>
         <size>0x256</size>
         <input_file_ref idref="fl-d5"/>
      </object_component>
      <object_component id="oc-23c">
         <name>.debug_info</name>
         <load_address>0xa46d</load_address>
         <run_address>0xa46d</run_address>
         <size>0x33f</size>
         <input_file_ref idref="fl-d7"/>
      </object_component>
      <object_component id="oc-1b5">
         <name>.debug_info</name>
         <load_address>0xa7ac</load_address>
         <run_address>0xa7ac</run_address>
         <size>0x207</size>
         <input_file_ref idref="fl-d7"/>
      </object_component>
      <object_component id="oc-231">
         <name>.debug_info</name>
         <load_address>0xa9b3</load_address>
         <run_address>0xa9b3</run_address>
         <size>0x1c5</size>
         <input_file_ref idref="fl-d7"/>
      </object_component>
      <object_component id="oc-237">
         <name>.debug_info</name>
         <load_address>0xab78</load_address>
         <run_address>0xab78</run_address>
         <size>0x178</size>
         <input_file_ref idref="fl-d7"/>
      </object_component>
      <object_component id="oc-23d">
         <name>.debug_info</name>
         <load_address>0xacf0</load_address>
         <run_address>0xacf0</run_address>
         <size>0x2c</size>
         <input_file_ref idref="fl-d7"/>
      </object_component>
      <object_component id="oc-242">
         <name>.debug_info</name>
         <load_address>0xad1c</load_address>
         <run_address>0xad1c</run_address>
         <size>0x69</size>
         <input_file_ref idref="fl-d7"/>
      </object_component>
      <object_component id="oc-14d">
         <name>.debug_info</name>
         <load_address>0xad85</load_address>
         <run_address>0xad85</run_address>
         <size>0x133</size>
         <input_file_ref idref="fl-d8"/>
      </object_component>
      <object_component id="oc-2ce">
         <name>.debug_info</name>
         <load_address>0xaeb8</load_address>
         <run_address>0xaeb8</run_address>
         <size>0x57a</size>
         <input_file_ref idref="fl-d9"/>
      </object_component>
      <object_component id="oc-299">
         <name>.debug_info</name>
         <load_address>0xb432</load_address>
         <run_address>0xb432</run_address>
         <size>0x21d</size>
         <input_file_ref idref="fl-d9"/>
      </object_component>
      <object_component id="oc-31e">
         <name>.debug_info</name>
         <load_address>0xb64f</load_address>
         <run_address>0xb64f</run_address>
         <size>0x1b2</size>
         <input_file_ref idref="fl-d9"/>
      </object_component>
      <object_component id="oc-324">
         <name>.debug_info</name>
         <load_address>0xb801</load_address>
         <run_address>0xb801</run_address>
         <size>0x21a</size>
         <input_file_ref idref="fl-d9"/>
      </object_component>
      <object_component id="oc-2a4">
         <name>.debug_info</name>
         <load_address>0xba1b</load_address>
         <run_address>0xba1b</run_address>
         <size>0x3ba</size>
         <input_file_ref idref="fl-d9"/>
      </object_component>
      <object_component id="oc-32b">
         <name>.debug_info</name>
         <load_address>0xbdd5</load_address>
         <run_address>0xbdd5</run_address>
         <size>0x304</size>
         <input_file_ref idref="fl-d9"/>
      </object_component>
      <object_component id="oc-331">
         <name>.debug_info</name>
         <load_address>0xc0d9</load_address>
         <run_address>0xc0d9</run_address>
         <size>0x214</size>
         <input_file_ref idref="fl-d9"/>
      </object_component>
      <object_component id="oc-2aa">
         <name>.debug_info</name>
         <load_address>0xc2ed</load_address>
         <run_address>0xc2ed</run_address>
         <size>0x214</size>
         <input_file_ref idref="fl-d9"/>
      </object_component>
      <object_component id="oc-2b0">
         <name>.debug_info</name>
         <load_address>0xc501</load_address>
         <run_address>0xc501</run_address>
         <size>0x303</size>
         <input_file_ref idref="fl-d9"/>
      </object_component>
      <object_component id="oc-2b6">
         <name>.debug_info</name>
         <load_address>0xc804</load_address>
         <run_address>0xc804</run_address>
         <size>0x4af</size>
         <input_file_ref idref="fl-d9"/>
      </object_component>
      <object_component id="oc-22a">
         <name>.debug_info</name>
         <load_address>0xccb3</load_address>
         <run_address>0xccb3</run_address>
         <size>0x5f3</size>
         <input_file_ref idref="fl-d9"/>
      </object_component>
      <object_component id="oc-2cf">
         <name>.debug_info</name>
         <load_address>0xd2a6</load_address>
         <run_address>0xd2a6</run_address>
         <size>0x86</size>
         <input_file_ref idref="fl-d9"/>
      </object_component>
      <object_component id="oc-35b">
         <name>.debug_info</name>
         <load_address>0xd32c</load_address>
         <run_address>0xd32c</run_address>
         <size>0x39</size>
         <input_file_ref idref="fl-d9"/>
      </object_component>
      <object_component id="oc-396">
         <name>.debug_info</name>
         <load_address>0xd365</load_address>
         <run_address>0xd365</run_address>
         <size>0xb6</size>
         <input_file_ref idref="fl-d9"/>
      </object_component>
      <object_component id="oc-360">
         <name>.debug_info</name>
         <load_address>0xd41b</load_address>
         <run_address>0xd41b</run_address>
         <size>0x46</size>
         <input_file_ref idref="fl-d9"/>
      </object_component>
      <object_component id="oc-2d4">
         <name>.debug_info</name>
         <load_address>0xd461</load_address>
         <run_address>0xd461</run_address>
         <size>0x46</size>
         <input_file_ref idref="fl-d9"/>
      </object_component>
      <object_component id="oc-319">
         <name>.debug_info</name>
         <load_address>0xd4a7</load_address>
         <run_address>0xd4a7</run_address>
         <size>0x14b</size>
         <input_file_ref idref="fl-da"/>
      </object_component>
      <object_component id="oc-2a0">
         <name>.debug_info</name>
         <load_address>0xd5f2</load_address>
         <run_address>0xd5f2</run_address>
         <size>0x127</size>
         <input_file_ref idref="fl-db"/>
      </object_component>
      <object_component id="oc-304">
         <name>.debug_info</name>
         <load_address>0xd719</load_address>
         <run_address>0xd719</run_address>
         <size>0x129</size>
         <input_file_ref idref="fl-db"/>
      </object_component>
      <object_component id="oc-300">
         <name>.debug_info</name>
         <load_address>0xd842</load_address>
         <run_address>0xd842</run_address>
         <size>0x139</size>
         <input_file_ref idref="fl-dc"/>
      </object_component>
      <object_component id="oc-2fa">
         <name>.debug_info</name>
         <load_address>0xd97b</load_address>
         <run_address>0xd97b</run_address>
         <size>0x139</size>
         <input_file_ref idref="fl-dd"/>
      </object_component>
      <object_component id="oc-30b">
         <name>.debug_info</name>
         <load_address>0xdab4</load_address>
         <run_address>0xdab4</run_address>
         <size>0x12d</size>
         <input_file_ref idref="fl-de"/>
      </object_component>
      <object_component id="oc-314">
         <name>.debug_info</name>
         <load_address>0xdbe1</load_address>
         <run_address>0xdbe1</run_address>
         <size>0x12b</size>
         <input_file_ref idref="fl-df"/>
      </object_component>
      <object_component id="oc-2f6">
         <name>.debug_info</name>
         <load_address>0xdd0c</load_address>
         <run_address>0xdd0c</run_address>
         <size>0x2b8</size>
         <input_file_ref idref="fl-e0"/>
      </object_component>
      <object_component id="oc-294">
         <name>.debug_info</name>
         <load_address>0xdfc4</load_address>
         <run_address>0xdfc4</run_address>
         <size>0x17b</size>
         <input_file_ref idref="fl-e0"/>
      </object_component>
      <object_component id="oc-369">
         <name>.debug_info</name>
         <load_address>0xe13f</load_address>
         <run_address>0xe13f</run_address>
         <size>0xf8</size>
         <input_file_ref idref="fl-e1"/>
      </object_component>
      <object_component id="oc-2f3">
         <name>.debug_info</name>
         <load_address>0xe237</load_address>
         <run_address>0xe237</run_address>
         <size>0x104</size>
         <input_file_ref idref="fl-e1"/>
      </object_component>
      <object_component id="oc-371">
         <name>.debug_info</name>
         <load_address>0xe33b</load_address>
         <run_address>0xe33b</run_address>
         <size>0x29a</size>
         <input_file_ref idref="fl-e2"/>
      </object_component>
      <object_component id="oc-311">
         <name>.debug_info</name>
         <load_address>0xe5d5</load_address>
         <run_address>0xe5d5</run_address>
         <size>0x1cc</size>
         <input_file_ref idref="fl-e2"/>
      </object_component>
      <object_component id="oc-34c">
         <name>.debug_info</name>
         <load_address>0xe7a1</load_address>
         <run_address>0xe7a1</run_address>
         <size>0x295</size>
         <input_file_ref idref="fl-e3"/>
      </object_component>
      <object_component id="oc-2bc">
         <name>.debug_info</name>
         <load_address>0xea36</load_address>
         <run_address>0xea36</run_address>
         <size>0x1b5</size>
         <input_file_ref idref="fl-e3"/>
      </object_component>
      <object_component id="oc-388">
         <name>.debug_info</name>
         <load_address>0xebeb</load_address>
         <run_address>0xebeb</run_address>
         <size>0x299</size>
         <input_file_ref idref="fl-e4"/>
      </object_component>
      <object_component id="oc-346">
         <name>.debug_info</name>
         <load_address>0xee84</load_address>
         <run_address>0xee84</run_address>
         <size>0x25d</size>
         <input_file_ref idref="fl-e4"/>
      </object_component>
      <object_component id="oc-2f1">
         <name>.debug_info</name>
         <load_address>0xf0e1</load_address>
         <run_address>0xf0e1</run_address>
         <size>0x28e</size>
         <input_file_ref idref="fl-e5"/>
      </object_component>
      <object_component id="oc-28d">
         <name>.debug_info</name>
         <load_address>0xf36f</load_address>
         <run_address>0xf36f</run_address>
         <size>0x240</size>
         <input_file_ref idref="fl-e5"/>
      </object_component>
      <object_component id="oc-358">
         <name>.debug_info</name>
         <load_address>0xf5af</load_address>
         <run_address>0xf5af</run_address>
         <size>0x288</size>
         <input_file_ref idref="fl-e6"/>
      </object_component>
      <object_component id="oc-355">
         <name>.debug_info</name>
         <load_address>0xf837</load_address>
         <run_address>0xf837</run_address>
         <size>0x10d</size>
         <input_file_ref idref="fl-e6"/>
      </object_component>
      <object_component id="oc-2c8">
         <name>.debug_info</name>
         <load_address>0xf944</load_address>
         <run_address>0xf944</run_address>
         <size>0x14d</size>
         <input_file_ref idref="fl-e6"/>
      </object_component>
      <object_component id="oc-353">
         <name>.debug_info</name>
         <load_address>0xfa91</load_address>
         <run_address>0xfa91</run_address>
         <size>0x28e</size>
         <input_file_ref idref="fl-e7"/>
      </object_component>
      <object_component id="oc-2c2">
         <name>.debug_info</name>
         <load_address>0xfd1f</load_address>
         <run_address>0xfd1f</run_address>
         <size>0x159</size>
         <input_file_ref idref="fl-e7"/>
      </object_component>
      <object_component id="oc-38b">
         <name>.debug_info</name>
         <load_address>0xfe78</load_address>
         <run_address>0xfe78</run_address>
         <size>0x46</size>
         <input_file_ref idref="fl-e7"/>
      </object_component>
      <object_component id="oc-34e">
         <name>.debug_info</name>
         <load_address>0xfebe</load_address>
         <run_address>0xfebe</run_address>
         <size>0x39</size>
         <input_file_ref idref="fl-e7"/>
      </object_component>
      <object_component id="oc-379">
         <name>.debug_info</name>
         <load_address>0xfef7</load_address>
         <run_address>0xfef7</run_address>
         <size>0x299</size>
         <input_file_ref idref="fl-e8"/>
      </object_component>
      <object_component id="oc-33b">
         <name>.debug_info</name>
         <load_address>0x10190</load_address>
         <run_address>0x10190</run_address>
         <size>0x194</size>
         <input_file_ref idref="fl-e8"/>
      </object_component>
      <object_component id="oc-3a1">
         <name>.debug_info</name>
         <load_address>0x10324</load_address>
         <run_address>0x10324</run_address>
         <size>0x39</size>
         <input_file_ref idref="fl-e8"/>
      </object_component>
      <object_component id="oc-37a">
         <name>.debug_info</name>
         <load_address>0x1035d</load_address>
         <run_address>0x1035d</run_address>
         <size>0x2c</size>
         <input_file_ref idref="fl-e8"/>
      </object_component>
      <object_component id="oc-386">
         <name>.debug_info</name>
         <load_address>0x10389</load_address>
         <run_address>0x10389</run_address>
         <size>0x2fc</size>
         <input_file_ref idref="fl-e9"/>
      </object_component>
      <object_component id="oc-33f">
         <name>.debug_info</name>
         <load_address>0x10685</load_address>
         <run_address>0x10685</run_address>
         <size>0x224</size>
         <input_file_ref idref="fl-e9"/>
      </object_component>
      <object_component id="oc-380">
         <name>.debug_info</name>
         <load_address>0x108a9</load_address>
         <run_address>0x108a9</run_address>
         <size>0x160</size>
         <input_file_ref idref="fl-ea"/>
      </object_component>
      <object_component id="oc-3d8">
         <name>.debug_info</name>
         <load_address>0x10a09</load_address>
         <run_address>0x10a09</run_address>
         <size>0x8e</size>
      </object_component>
      <object_component id="oc-128">
         <name>.debug_line</name>
         <load_address>0x0</load_address>
         <run_address>0x0</run_address>
         <size>0x3c</size>
         <input_file_ref idref="fl-2"/>
      </object_component>
      <object_component id="oc-1c1">
         <name>.debug_line</name>
         <load_address>0x3c</load_address>
         <run_address>0x3c</run_address>
         <size>0x2d</size>
         <input_file_ref idref="fl-2"/>
      </object_component>
      <object_component id="oc-1c3">
         <name>.debug_line</name>
         <load_address>0x69</load_address>
         <run_address>0x69</run_address>
         <size>0x2d</size>
         <input_file_ref idref="fl-2"/>
      </object_component>
      <object_component id="oc-9d">
         <name>.debug_line</name>
         <load_address>0x96</load_address>
         <run_address>0x96</run_address>
         <size>0xac</size>
         <input_file_ref idref="fl-2"/>
      </object_component>
      <object_component id="oc-12c">
         <name>.debug_line</name>
         <load_address>0x142</load_address>
         <run_address>0x142</run_address>
         <size>0x2d</size>
         <input_file_ref idref="fl-2"/>
      </object_component>
      <object_component id="oc-70">
         <name>.debug_line</name>
         <load_address>0x16f</load_address>
         <run_address>0x16f</run_address>
         <size>0x6f</size>
         <input_file_ref idref="fl-2"/>
      </object_component>
      <object_component id="oc-b2">
         <name>.debug_line</name>
         <load_address>0x1de</load_address>
         <run_address>0x1de</run_address>
         <size>0x20</size>
         <input_file_ref idref="fl-2"/>
      </object_component>
      <object_component id="oc-ad">
         <name>.debug_line</name>
         <load_address>0x1fe</load_address>
         <run_address>0x1fe</run_address>
         <size>0x73</size>
         <input_file_ref idref="fl-2"/>
      </object_component>
      <object_component id="oc-278">
         <name>.debug_line</name>
         <load_address>0x271</load_address>
         <run_address>0x271</run_address>
         <size>0x6f</size>
         <input_file_ref idref="fl-2"/>
      </object_component>
      <object_component id="oc-75">
         <name>.debug_line</name>
         <load_address>0x2e0</load_address>
         <run_address>0x2e0</run_address>
         <size>0x70</size>
         <input_file_ref idref="fl-2"/>
      </object_component>
      <object_component id="oc-24c">
         <name>.debug_line</name>
         <load_address>0x350</load_address>
         <run_address>0x350</run_address>
         <size>0x6a</size>
         <input_file_ref idref="fl-2"/>
      </object_component>
      <object_component id="oc-1be">
         <name>.debug_line</name>
         <load_address>0x3ba</load_address>
         <run_address>0x3ba</run_address>
         <size>0x6b</size>
         <input_file_ref idref="fl-2"/>
      </object_component>
      <object_component id="oc-6c">
         <name>.debug_line</name>
         <load_address>0x425</load_address>
         <run_address>0x425</run_address>
         <size>0x41</size>
         <input_file_ref idref="fl-3"/>
      </object_component>
      <object_component id="oc-2b">
         <name>.debug_line</name>
         <load_address>0x466</load_address>
         <run_address>0x466</run_address>
         <size>0x41</size>
         <input_file_ref idref="fl-3"/>
      </object_component>
      <object_component id="oc-29">
         <name>.debug_line</name>
         <load_address>0x4a7</load_address>
         <run_address>0x4a7</run_address>
         <size>0xa1</size>
         <input_file_ref idref="fl-3"/>
      </object_component>
      <object_component id="oc-36">
         <name>.debug_line</name>
         <load_address>0x548</load_address>
         <run_address>0x548</run_address>
         <size>0x20</size>
         <input_file_ref idref="fl-3"/>
      </object_component>
      <object_component id="oc-d9">
         <name>.debug_line</name>
         <load_address>0x568</load_address>
         <run_address>0x568</run_address>
         <size>0x5b</size>
         <input_file_ref idref="fl-bf"/>
      </object_component>
      <object_component id="oc-c2">
         <name>.debug_line</name>
         <load_address>0x5c3</load_address>
         <run_address>0x5c3</run_address>
         <size>0x90</size>
         <input_file_ref idref="fl-c0"/>
      </object_component>
      <object_component id="oc-46">
         <name>.debug_line</name>
         <load_address>0x653</load_address>
         <run_address>0x653</run_address>
         <size>0x56</size>
         <input_file_ref idref="fl-c0"/>
      </object_component>
      <object_component id="oc-89">
         <name>.debug_line</name>
         <load_address>0x6a9</load_address>
         <run_address>0x6a9</run_address>
         <size>0x34</size>
         <input_file_ref idref="fl-c0"/>
      </object_component>
      <object_component id="oc-bf">
         <name>.debug_line</name>
         <load_address>0x6dd</load_address>
         <run_address>0x6dd</run_address>
         <size>0x90</size>
         <input_file_ref idref="fl-c0"/>
      </object_component>
      <object_component id="oc-84">
         <name>.debug_line</name>
         <load_address>0x76d</load_address>
         <run_address>0x76d</run_address>
         <size>0x20</size>
         <input_file_ref idref="fl-c1"/>
      </object_component>
      <object_component id="oc-19">
         <name>.debug_line</name>
         <load_address>0x78d</load_address>
         <run_address>0x78d</run_address>
         <size>0x55</size>
         <input_file_ref idref="fl-c1"/>
      </object_component>
      <object_component id="oc-41">
         <name>.debug_line</name>
         <load_address>0x7e2</load_address>
         <run_address>0x7e2</run_address>
         <size>0x3a</size>
         <input_file_ref idref="fl-c1"/>
      </object_component>
      <object_component id="oc-81">
         <name>.debug_line</name>
         <load_address>0x81c</load_address>
         <run_address>0x81c</run_address>
         <size>0x90</size>
         <input_file_ref idref="fl-c1"/>
      </object_component>
      <object_component id="oc-bb">
         <name>.debug_line</name>
         <load_address>0x8ac</load_address>
         <run_address>0x8ac</run_address>
         <size>0x20</size>
         <input_file_ref idref="fl-c2"/>
      </object_component>
      <object_component id="oc-17">
         <name>.debug_line</name>
         <load_address>0x8cc</load_address>
         <run_address>0x8cc</run_address>
         <size>0xa9</size>
         <input_file_ref idref="fl-c2"/>
      </object_component>
      <object_component id="oc-31">
         <name>.debug_line</name>
         <load_address>0x975</load_address>
         <run_address>0x975</run_address>
         <size>0x3a</size>
         <input_file_ref idref="fl-c2"/>
      </object_component>
      <object_component id="oc-b8">
         <name>.debug_line</name>
         <load_address>0x9af</load_address>
         <run_address>0x9af</run_address>
         <size>0x98</size>
         <input_file_ref idref="fl-c2"/>
      </object_component>
      <object_component id="oc-7a">
         <name>.debug_line</name>
         <load_address>0xa47</load_address>
         <run_address>0xa47</run_address>
         <size>0x94</size>
         <input_file_ref idref="fl-c2"/>
      </object_component>
      <object_component id="oc-69">
         <name>.debug_line</name>
         <load_address>0xadb</load_address>
         <run_address>0xadb</run_address>
         <size>0x33</size>
         <input_file_ref idref="fl-c3"/>
      </object_component>
      <object_component id="oc-57">
         <name>.debug_line</name>
         <load_address>0xb0e</load_address>
         <run_address>0xb0e</run_address>
         <size>0x45</size>
         <input_file_ref idref="fl-c3"/>
      </object_component>
      <object_component id="oc-193">
         <name>.debug_line</name>
         <load_address>0xb53</load_address>
         <run_address>0xb53</run_address>
         <size>0x37</size>
         <input_file_ref idref="fl-c4"/>
      </object_component>
      <object_component id="oc-39">
         <name>.debug_line</name>
         <load_address>0xb8a</load_address>
         <run_address>0xb8a</run_address>
         <size>0x88</size>
         <input_file_ref idref="fl-c5"/>
      </object_component>
      <object_component id="oc-90">
         <name>.debug_line</name>
         <load_address>0xc12</load_address>
         <run_address>0xc12</run_address>
         <size>0x79</size>
         <input_file_ref idref="fl-c6"/>
      </object_component>
      <object_component id="oc-25d">
         <name>.debug_line</name>
         <load_address>0xc8b</load_address>
         <run_address>0xc8b</run_address>
         <size>0xbd</size>
         <input_file_ref idref="fl-c7"/>
      </object_component>
      <object_component id="oc-fa">
         <name>.debug_line</name>
         <load_address>0xd48</load_address>
         <run_address>0xd48</run_address>
         <size>0x6f</size>
         <input_file_ref idref="fl-c7"/>
      </object_component>
      <object_component id="oc-261">
         <name>.debug_line</name>
         <load_address>0xdb7</load_address>
         <run_address>0xdb7</run_address>
         <size>0x2e</size>
[...]
               <start_address>0x2000026c</start_address>
               <size>0x4</size>
            </available_space>
            <allocated_space>
               <start_address>0x20000270</start_address>
               <size>0x400</size>
               <logical_group_ref idref="lg-d"/>
            </allocated_space>
            <allocated_space>
               <start_address>0x20000670</start_address>
               <size>0x104</size>
               <logical_group_ref idref="lg-b"/>
            </allocated_space>
            <allocated_space>
               <start_address>0x20000774</start_address>
               <size>0x20</size>
               <logical_group_ref idref="lg-a"/>
            </allocated_space>
            <available_space>
               <start_address>0x20000794</start_address>
               <size>0x786c</size>
            </available_space>
         </usage_details>
      </memory_area>
   </placement_map>
   <cptbl_list>
      <cptbl>
         <name>__TI_cinit_table</name>
         <cprec>
            <name>.data</name>
            <load_address>0x2f58</load_address>
            <load_size>0x12</load_size>
            <run_address>0x20000774</run_address>
            <run_size>0x20</run_size>
            <compression>lzss</compression>
         </cprec>
         <cprec>
            <name>.bss</name>
            <load_address>0x2f78</load_address>
            <load_size>0x8</load_size>
            <run_address>0x20000670</run_address>
            <run_size>0x104</run_size>
            <compression>zero_init</compression>
         </cprec>
         <cprec>
            <name>.vtable</name>
            <load_address>0x2f80</load_address>
            <load_size>0x8</load_size>
            <run_address>0x20000000</run_address>
            <run_size>0x26c</run_size>
            <compression>zero_init</compression>
         </cprec>
      </cptbl>
   </cptbl_list>
   <handler_table>
      <handler_table_name>__TI_handler_table</handler_table_name>
      <handler>
         <index>0x0</index>
         <name>__TI_zero_init</name>
      </handler>
      <handler>
         <index>0x1</index>
         <name>__TI_decompress_lzss</name>
      </handler>
      <handler>
         <index>0x2</index>
         <name>__TI_decompress_none</name>
      </handler>
   </handler_table>
   <symbol_table>
      <symbol id="sm-1">
         <name>__STACK_TOP</name>
         <value>0x20000470</value>
      </symbol>
      <symbol id="sm-2">
         <name>__TI_CINIT_Base</name>
         <value>0x2f88</value>
      </symbol>
      <symbol id="sm-3">
         <name>__TI_CINIT_Limit</name>
         <value>0x2fa0</value>
      </symbol>
      <symbol id="sm-4">
         <name>__TI_Handler_Table_Base</name>
         <value>0x2f6c</value>
      </symbol>
      <symbol id="sm-5">
         <name>__TI_Handler_Table_Limit</name>
         <value>0x2f78</value>
      </symbol>
      <symbol id="sm-6">
         <name>binit</name>
         <value>0xffffffff</value>
      </symbol>
      <symbol id="sm-7">
         <name>__binit__</name>
         <value>0xffffffff</value>
      </symbol>
      <symbol id="sm-8">
         <name>__STACK_SIZE</name>
         <value>0x400</value>
      </symbol>
      <symbol id="sm-9">
         <name>__STACK_END</name>
         <value>0x20000670</value>
      </symbol>
      <symbol id="sm-a">
         <name>__c_args__</name>
         <value>0xffffffff</value>
      </symbol>
      <symbol id="sm-b">
         <name>__TI_pprof_out_hndl</name>
         <value>0xffffffff</value>
      </symbol>
      <symbol id="sm-c">
         <name>__TI_prof_data_start</name>
         <value>0xffffffff</value>
      </symbol>
      <symbol id="sm-d">
         <name>__TI_prof_data_size</name>
         <value>0xffffffff</value>
      </symbol>
      <symbol id="sm-7c">
         <name>checkPushButton</name>
         <value>0x1e09</value>
         <object_component_ref idref="oc-98"/>
      </symbol>
      <symbol id="sm-7d">
         <name>main</name>
         <value>0x1e55</value>
         <object_component_ref idref="oc-98"/>
      </symbol>
      <symbol id="sm-7e">
         <name>flashLED</name>
         <value>0x1db1</value>
         <object_component_ref idref="oc-98"/>
      </symbol>
      <symbol id="sm-9f">
         <name>ResetISR</name>
         <value>0x2d13</value>
         <object_component_ref idref="oc-24"/>
      </symbol>
      <symbol id="sm-a0">
         <name>g_pfnVectors</name>
         <value>0x0</value>
         <object_component_ref idref="oc-f"/>
      </symbol>
      <symbol id="sm-af">
         <name>__aeabi_uidivmod</name>
         <value>0x29a5</value>
         <object_component_ref idref="oc-d7"/>
      </symbol>
      <symbol id="sm-b0">
         <name>__aeabi_uidiv</name>
         <value>0x29a5</value>
         <object_component_ref idref="oc-d7"/>
      </symbol>
      <symbol id="sm-c9">
         <name>__TI_zero_init_nomemset</name>
         <value>0x2bc9</value>
         <object_component_ref idref="oc-44"/>
      </symbol>
      <symbol id="sm-e0">
         <name>__TI_decompress_none</name>
         <value>0x2d05</value>
         <object_component_ref idref="oc-18"/>
      </symbol>
      <symbol id="sm-103">
         <name>__TI_decompress_lzss</name>
         <value>0x2671</value>
         <object_component_ref idref="oc-12"/>
      </symbol>
      <symbol id="sm-116">
         <name>__stack</name>
         <value>0x20000270</value>
         <object_component_ref idref="oc-21"/>
      </symbol>
      <symbol id="sm-117">
         <name>_c_int00_noargs</name>
         <value>0x2acd</value>
         <object_component_ref idref="oc-56"/>
      </symbol>
      <symbol id="sm-121">
         <name>__aeabi_idiv0</name>
         <value>0xcbb</value>
         <object_component_ref idref="oc-18f"/>
      </symbol>
      <symbol id="sm-122">
         <name>__aeabi_ldiv0</name>
         <value>0xcbb</value>
         <object_component_ref idref="oc-18f"/>
      </symbol>
      <symbol id="sm-13d">
         <name>memcpy</name>
         <value>0x22bd</value>
         <object_component_ref idref="oc-38"/>
      </symbol>
      <symbol id="sm-13e">
         <name>__aeabi_memcpy</name>
         <value>0x22bd</value>
         <object_component_ref idref="oc-38"/>
      </symbol>
      <symbol id="sm-13f">
         <name>__aeabi_memcpy8</name>
         <value>0x22bd</value>
         <object_component_ref idref="oc-38"/>
      </symbol>
      <symbol id="sm-140">
         <name>__aeabi_memcpy4</name>
         <value>0x22bd</value>
         <object_component_ref idref="oc-38"/>
      </symbol>
      <symbol id="sm-14f">
         <name>__aeabi_memset</name>
         <value>0x258b</value>
         <object_component_ref idref="oc-8c"/>
      </symbol>
      <symbol id="sm-150">
         <name>memset</name>
         <value>0x2591</value>
         <object_component_ref idref="oc-8c"/>
      </symbol>
      <symbol id="sm-151">
         <name>__aeabi_memset8</name>
         <value>0x258b</value>
         <object_component_ref idref="oc-8c"/>
      </symbol>
      <symbol id="sm-152">
         <name>__aeabi_memset4</name>
         <value>0x258b</value>
         <object_component_ref idref="oc-8c"/>
      </symbol>
      <symbol id="sm-153">
         <name>__aeabi_memclr8</name>
         <value>0x2589</value>
         <object_component_ref idref="oc-8c"/>
      </symbol>
      <symbol id="sm-154">
         <name>__aeabi_memclr4</name>
         <value>0x2589</value>
         <object_component_ref idref="oc-8c"/>
      </symbol>
      <symbol id="sm-155">
         <name>__aeabi_memclr</name>
         <value>0x2589</value>
         <object_component_ref idref="oc-8c"/>
      </symbol>
      <symbol id="sm-17d">
         <name>__TI_auto_init_nobinit_nopinit</name>
         <value>0x2961</value>
         <object_component_ref idref="oc-f5"/>
      </symbol>
      <symbol id="sm-187">
         <name>_system_pre_init</name>
         <value>0x2d4f</value>
         <object_component_ref idref="oc-92"/>
      </symbol>
      <symbol id="sm-193">
         <name>C$$EXIT</name>
         <value>0x2d53</value>
         <object_component_ref idref="oc-e9"/>
      </symbol>
      <symbol id="sm-194">
         <name>abort</name>
         <value>0x2d53</value>
         <object_component_ref idref="oc-e9"/>
      </symbol>
      <symbol id="sm-1f3">
         <name>schdExecute</name>
         <value>0xe65</value>
         <object_component_ref idref="oc-cb"/>
      </symbol>
      <symbol id="sm-1f4">
         <name>sysTimeWaitAbsolute</name>
         <value>0xd9f</value>
         <object_component_ref idref="oc-cb"/>
      </symbol>
      <symbol id="sm-1f5">
         <name>lpInit</name>
         <value>0xfc7</value>
         <object_component_ref idref="oc-cb"/>
      </symbol>
      <symbol id="sm-1f6">
         <name>sysTimeGet</name>
         <value>0xd4f</value>
         <object_component_ref idref="oc-cb"/>
      </symbol>
      <symbol id="sm-1f7">
         <name>sysTimeReached</name>
         <value>0xd55</value>
         <object_component_ref idref="oc-cb"/>
      </symbol>
      <symbol id="sm-1f8">
         <name>waitUs</name>
         <value>0xf99</value>
         <object_component_ref idref="oc-cb"/>
      </symbol>
      <symbol id="sm-1f9">
         <name>sysTimeWait</name>
         <value>0xd7b</value>
         <object_component_ref idref="oc-cb"/>
      </symbol>
      <symbol id="sm-1fa">
         <name>schdCallback</name>
         <value>0xdeb</value>
         <object_component_ref idref="oc-cb"/>
      </symbol>
      <symbol id="sm-1fb">
         <name>waitMs</name>
         <value>0xf69</value>
         <object_component_ref idref="oc-cb"/>
      </symbol>
      <symbol id="sm-216">
         <name>ledInit</name>
         <value>0x2243</value>
         <object_component_ref idref="oc-c5"/>
      </symbol>
      <symbol id="sm-217">
         <name>ledInitForced</name>
         <value>0x2221</value>
         <object_component_ref idref="oc-c5"/>
      </symbol>
      <symbol id="sm-218">
         <name>ledTurnOnOff</name>
         <value>0x2257</value>
         <object_component_ref idref="oc-c5"/>
      </symbol>
      <symbol id="sm-236">
         <name>pbInitForced</name>
         <value>0x23f1</value>
         <object_component_ref idref="oc-d1"/>
      </symbol>
      <symbol id="sm-237">
         <name>pbInit</name>
         <value>0x2425</value>
         <object_component_ref idref="oc-d1"/>
      </symbol>
      <symbol id="sm-238">
         <name>pbRead</name>
         <value>0x2439</value>
         <object_component_ref idref="oc-d1"/>
      </symbol>
      <symbol id="sm-24f">
         <name>uartPutString</name>
         <value>0x2107</value>
         <object_component_ref idref="oc-dc"/>
      </symbol>
      <symbol id="sm-250">
         <name>uprintf</name>
         <value>0x2133</value>
         <object_component_ref idref="oc-dc"/>
      </symbol>
      <symbol id="sm-251">
         <name>uartInit</name>
         <value>0x20a9</value>
         <object_component_ref idref="oc-dc"/>
      </symbol>
      <symbol id="sm-252">
         <name>uartPutChar</name>
         <value>0x20e3</value>
         <object_component_ref idref="oc-dc"/>
      </symbol>
      <symbol id="sm-253">
         <name>uartGetChar</name>
         <value>0x20f5</value>
         <object_component_ref idref="oc-dc"/>
      </symbol>
      <symbol id="sm-2ad">
         <name>GPIOPinConfigure</name>
         <value>0x2839</value>
         <object_component_ref idref="oc-195"/>
      </symbol>
      <symbol id="sm-2ae">
         <name>GPIOPinTypeGPIOInput</name>
         <value>0x2c4d</value>
         <object_component_ref idref="oc-179"/>
      </symbol>
      <symbol id="sm-2af">
         <name>GPIOPinTypeUART</name>
         <value>0x2c63</value>
         <object_component_ref idref="oc-19b"/>
      </symbol>
      <symbol id="sm-2b0">
         <name>GPIOPinTypeGPIOOutput</name>
         <value>0x2c01</value>
         <object_component_ref idref="oc-134"/>
      </symbol>
      <symbol id="sm-2b1">
         <name>GPIOPinRead</name>
         <value>0x2d3d</value>
         <object_component_ref idref="oc-185"/>
      </symbol>
      <symbol id="sm-2b2">
         <name>GPIODirModeSet</name>
         <value>0x2b5f</value>
         <object_component_ref idref="oc-1e6"/>
      </symbol>
      <symbol id="sm-2b3">
         <name>GPIOPinWrite</name>
         <value>0x2d43</value>
         <object_component_ref idref="oc-13a"/>
      </symbol>
      <symbol id="sm-2b4">
         <name>GPIOPadConfigSet</name>
         <value>0x1685</value>
         <object_component_ref idref="oc-17f"/>
      </symbol>
      <symbol id="sm-2cb">
         <name>IntRegister</name>
         <value>0x2a65</value>
         <object_component_ref idref="oc-1fd"/>
      </symbol>
      <symbol id="sm-2cc">
         <name>g_pfnRAMVectors</name>
         <value>0x20000000</value>
         <object_component_ref idref="oc-281"/>
      </symbol>
      <symbol id="sm-31f">
         <name>SysCtlClockSet</name>
         <value>0x1fb5</value>
         <object_component_ref idref="oc-150"/>
      </symbol>
      <symbol id="sm-320">
         <name>SysCtlDelay</name>
         <value>0x2d49</value>
         <object_component_ref idref="oc-14f"/>
      </symbol>
      <symbol id="sm-321">
         <name>SysCtlPeripheralEnable</name>
         <value>0x2a99</value>
         <object_component_ref idref="oc-12e"/>
      </symbol>
      <symbol id="sm-322">
         <name>SysCtlClockGet</name>
         <value>0x1b89</value>
         <object_component_ref idref="oc-156"/>
      </symbol>
      <symbol id="sm-34f">
         <name>SysTickEnable</name>
         <value>0x2c91</value>
         <object_component_ref idref="oc-16e"/>
      </symbol>
      <symbol id="sm-350">
         <name>SysTickIntRegister</name>
         <value>0x2bad</value>
         <object_component_ref idref="oc-162"/>
      </symbol>
      <symbol id="sm-351">
         <name>SysTickIntEnable</name>
         <value>0x2ca5</value>
         <object_component_ref idref="oc-168"/>
      </symbol>
      <symbol id="sm-352">
         <name>SysTickPeriodSet</name>
         <value>0x2cf5</value>
         <object_component_ref idref="oc-15c"/>
      </symbol>
      <symbol id="sm-385">
         <name>UARTConfigSetExpClk</name>
         <value>0x2919</value>
         <object_component_ref idref="oc-1a1"/>
      </symbol>
      <symbol id="sm-386">
         <name>UARTDisable</name>
         <value>0x2b8d</value>
         <object_component_ref idref="oc-219"/>
      </symbol>
      <symbol id="sm-387">
         <name>UARTCharPut</name>
         <value>0x2d29</value>
         <object_component_ref idref="oc-1a7"/>
      </symbol>
      <symbol id="sm-388">
         <name>UARTEnable</name>
         <value>0x2cb9</value>
         <object_component_ref idref="oc-21f"/>
      </symbol>
      <symbol id="sm-389">
         <name>UARTCharGet</name>
         <value>0x2d1f</value>
         <object_component_ref idref="oc-1ad"/>
      </symbol>
      <symbol id="sm-3b9">
         <name>vsnprintf</name>
         <value>0x29e5</value>
         <object_component_ref idref="oc-1b3"/>
      </symbol>
      <symbol id="sm-3c6">
         <name>__aeabi_uldivmod</name>
         <value>0x2359</value>
         <object_component_ref idref="oc-14a"/>
      </symbol>
      <symbol id="sm-52b">
         <name>__TI_printfi</name>
         <value>0x26d</value>
         <object_component_ref idref="oc-229"/>
      </symbol>
      <symbol id="sm-542">
         <name>__aeabi_dsub</name>
         <value>0x14cd</value>
         <object_component_ref idref="oc-318"/>
      </symbol>
      <symbol id="sm-543">
         <name>__aeabi_dadd</name>
         <value>0x14d7</value>
         <object_component_ref idref="oc-318"/>
      </symbol>
      <symbol id="sm-565">
         <name>__aeabi_cdcmpeq</name>
         <value>0x247d</value>
         <object_component_ref idref="oc-29e"/>
      </symbol>
      <symbol id="sm-566">
         <name>__aeabi_cdcmple</name>
         <value>0x247d</value>
         <object_component_ref idref="oc-29e"/>
      </symbol>
      <symbol id="sm-567">
         <name>__aeabi_cdrcmple</name>
         <value>0x2503</value>
         <object_component_ref idref="oc-303"/>
      </symbol>
      <symbol id="sm-57b">
         <name>__aeabi_ddiv</name>
         <value>0x192d</value>
         <object_component_ref idref="oc-2fe"/>
      </symbol>
      <symbol id="sm-586">
         <name>__aeabi_dmul</name>
         <value>0x1eb9</value>
         <object_component_ref idref="oc-2f9"/>
      </symbol>
      <symbol id="sm-590">
         <name>__aeabi_d2iz</name>
         <value>0x28d1</value>
         <object_component_ref idref="oc-308"/>
      </symbol>
      <symbol id="sm-59a">
         <name>__aeabi_i2d</name>
         <value>0x2b31</value>
         <object_component_ref idref="oc-313"/>
      </symbol>
      <symbol id="sm-5b0">
         <name>atoi</name>
         <value>0x2885</value>
         <object_component_ref idref="oc-292"/>
      </symbol>
      <symbol id="sm-5bb">
         <name>_ctypes_</name>
         <value>0x2d58</value>
         <object_component_ref idref="oc-2f2"/>
      </symbol>
      <symbol id="sm-5ca">
         <name>ltoa</name>
         <value>0x2793</value>
         <object_component_ref idref="oc-30d"/>
      </symbol>
      <symbol id="sm-5da">
         <name>memccpy</name>
         <value>0x2be5</value>
         <object_component_ref idref="oc-2bb"/>
      </symbol>
      <symbol id="sm-5ea">
         <name>strchr</name>
         <value>0x2c79</value>
         <object_component_ref idref="oc-344"/>
      </symbol>
      <symbol id="sm-5f8">
         <name>strlen</name>
         <value>0x2ccd</value>
         <object_component_ref idref="oc-28c"/>
      </symbol>
      <symbol id="sm-60e">
         <name>__aeabi_errno_addr</name>
         <value>0x2d35</value>
         <object_component_ref idref="oc-2c7"/>
      </symbol>
      <symbol id="sm-60f">
         <name>errno</name>
         <value>0x20000790</value>
         <object_component_ref idref="oc-354"/>
      </symbol>
      <symbol id="sm-628">
         <name>wcslen</name>
         <value>0x2ce1</value>
         <object_component_ref idref="oc-2c1"/>
      </symbol>
      <symbol id="sm-648">
         <name>frexpl</name>
         <value>0x26d9</value>
         <object_component_ref idref="oc-338"/>
      </symbol>
      <symbol id="sm-649">
         <name>frexp</name>
         <value>0x26d9</value>
         <object_component_ref idref="oc-338"/>
      </symbol>
      <symbol id="sm-666">
         <name>scalbn</name>
         <value>0x1ca1</value>
         <object_component_ref idref="oc-33e"/>
      </symbol>
      <symbol id="sm-667">
         <name>scalbnl</name>
         <value>0x1ca1</value>
         <object_component_ref idref="oc-33e"/>
      </symbol>
      <symbol id="sm-668">
         <name>ldexpl</name>
         <value>0x1ca1</value>
         <object_component_ref idref="oc-33e"/>
      </symbol>
      <symbol id="sm-669">
         <name>ldexp</name>
         <value>0x1ca1</value>
         <object_component_ref idref="oc-33e"/>
      </symbol>
      <symbol id="sm-673">
         <name>copysign</name>
         <value>0x2c1b</value>
         <object_component_ref idref="oc-37f"/>
      </symbol>
      <symbol id="sm-674">
         <name>copysignl</name>
         <value>0x2c1b</value>
         <object_component_ref idref="oc-37f"/>
      </symbol>
      <symbol id="sm-675">
         <name>__TI_static_base__</name>
         <value>0x0</value>
      </symbol>
      <symbol id="sm-678">
         <name>__mpu_init</name>
         <value>0x0</value>
      </symbol>
      <symbol id="sm-679">
         <name>_system_post_cinit</name>
         <value>0x0</value>
      </symbol>
   </symbol_table>
   <title>Link successful</title>
</link_info>
